Component: ARM Compiler 5.06 update 5 (build 528) Tool: armlink [4d35e2]

==============================================================================

Section Cross References

    application.o(.text) refers to components.o(.text) for rt_components_init
    application.o(.text) refers to main_app.o(.text) for rt_main_app_init
    application.o(.text) refers to thread.o(.text) for rt_thread_delay
    startup.o(.text) refers to kservice.o(.text) for rt_kprintf
    startup.o(.text) refers to board.o(.text) for rt_hw_board_init
    startup.o(.text) refers to mem.o(.text) for rt_system_heap_init
    startup.o(.text) refers to scheduler.o(.text) for rt_system_scheduler_init
    startup.o(.text) refers to timer.o(.text) for rt_system_timer_init
    startup.o(.text) refers to application.o(.text) for rt_application_init
    startup.o(.text) refers to idle.o(.text) for rt_thread_idle_init
    startup.o(.text) refers to context_rvds.o(.text) for rt_hw_interrupt_disable
    global.o(.text) refers to bsp_24xx02.o(.text) for ee_ReadBytes
    global.o(.text) refers to factory_setting.o(.text) for full_reset_eeprom
    global.o(.text) refers to global.o(.bss) for global
    menu_frame.o(.text) refers to _scanf_int.o(.text) for _scanf_int
    menu_frame.o(.text) refers to global.o(.text) for get_language
    menu_frame.o(.text) refers to printfa.o(i.__0snprintf) for __2snprintf
    menu_frame.o(.text) refers to lcd12864.o(.text) for LCD_DisplayString
    menu_frame.o(.text) refers to strlen.o(.text) for strlen
    menu_frame.o(.text) refers to strncmp.o(.text) for strncmp
    menu_frame.o(.text) refers to strchr.o(.text) for strchr
    menu_frame.o(.text) refers to __0sscanf.o(.text) for __0sscanf
    menu_frame.o(.text) refers to strcmp.o(.text) for strcmp
    menu_frame.o(.text) refers to strncpy.o(.text) for strncpy
    menu_frame.o(.text) refers to menu_frame.o(.data) for s_IndexStackPtr
    menu_frame.o(.text) refers to menu_frame.o(.bss) for s_disp_ram
    menu_frame.o(.text) refers to bsp_button.o(.text) for GetKey
    menu_frame.o(.text) refers to menu_proc.o(.text) for menu_init
    menu_frame.o(.text) refers to strncat.o(.text) for strncat
    menu_proc.o(.text) refers to scanf_fp.o(.text) for _scanf_real
    menu_proc.o(.text) refers to menu_frame.o(.text) for menu_var_init
    menu_proc.o(.text) refers to printfa.o(i.__0snprintf) for __2snprintf
    menu_proc.o(.text) refers to lcd12864.o(.text) for LCD_DisplayString
    menu_proc.o(.text) refers to strlen.o(.text) for strlen
    menu_proc.o(.text) refers to global.o(.text) for get_language
    menu_proc.o(.text) refers to global.o(.bss) for global
    menu_proc.o(.text) refers to menu_proc.o(.constdata) for s_Menu
    menu_proc.o(.text) refers to menu_proc.o(.bss) for buf
    menu_proc.o(.text) refers to menu_proc.o(.data) for s_blank
    menu_proc.o(.text) refers to bsp_24xx02.o(.text) for ee_WriteBytes
    menu_proc.o(.text) refers to dfixi.o(.text) for __aeabi_d2iz
    menu_proc.o(.text) refers to strncpy.o(.text) for strncpy
    menu_proc.o(.text) refers to strcpy.o(.text) for strcpy
    menu_proc.o(.text) refers to __0sscanf.o(.text) for __0sscanf
    menu_proc.o(.text) refers to cdrcmple.o(.text) for __aeabi_cdrcmple
    menu_proc.o(.text) refers to cdcmple.o(.text) for __aeabi_cdcmple
    menu_proc.o(.text) refers to dfltui.o(.text) for __aeabi_ui2d
    menu_proc.o(.text) refers to memcpya.o(.text) for __aeabi_memcpy4
    menu_proc.o(.text) refers to d2f.o(.text) for __aeabi_d2f
    menu_proc.o(.text) refers to ffixui.o(.text) for __aeabi_f2uiz
    menu_proc.o(.text) refers to f2d.o(.text) for __aeabi_f2d
    menu_proc.o(.text) refers to dfixui.o(.text) for __aeabi_d2uiz
    menu_proc.o(.text) refers to signal_hard.o(.text) for pulse_send_init
    menu_proc.o(.text) refers to mcp41xxx.o(.text) for mcp41xxx_set_pot
    menu_proc.o(.text) refers to factory_setting.o(.text) for restore_factory_settings
    menu_proc.o(.text) refers to strncmp.o(.text) for strncmp
    menu_proc.o(.constdata) refers to menu_proc.o(.conststring) for .conststring
    menu_proc.o(.constdata) refers to menu_proc.o(.text) for menu_main_disp
    menu_proc.o(.constdata) refers to menu_frame.o(.text) for menu_default
    menu_proc.o(.data) refers to menu_proc.o(.conststring) for .conststring
    factory_setting.o(.text) refers to bsp_24xx02.o(.text) for ee_WriteBytes
    factory_setting.o(.text) refers to factory_setting.o(.constdata) for c_FactorySetting
    signal_process.o(.text) refers to sort_algorithm.o(.text) for MergeSortIteration
    signal_process.o(.text) refers to signal_hard.o(.text) for adc_signal_init
    signal_process.o(.text) refers to ipc.o(.text) for rt_mb_recv
    signal_process.o(.text) refers to memcpya.o(.text) for __aeabi_memcpy
    signal_process.o(.text) refers to signal_process.o(.data) for s_sum_buf_len
    signal_process.o(.text) refers to signal_process.o(.bss) for sum_abs_buff
    signal_process.o(.text) refers to global.o(.bss) for global
[...]
    GPIO_ReadInputDataBit                    0x0800acb7   Thumb Code   170  stm32f10x_gpio.o(.text)
    GPIO_ReadInputData                       0x0800ad61   Thumb Code    64  stm32f10x_gpio.o(.text)
    GPIO_ReadOutputDataBit                   0x0800ada1   Thumb Code   260  stm32f10x_gpio.o(.text)
    GPIO_ReadOutputData                      0x0800aea5   Thumb Code    66  stm32f10x_gpio.o(.text)
    GPIO_SetBits                             0x0800aee7   Thumb Code    86  stm32f10x_gpio.o(.text)
    GPIO_ResetBits                           0x0800af3d   Thumb Code    86  stm32f10x_gpio.o(.text)
    GPIO_WriteBit                            0x0800af93   Thumb Code   188  stm32f10x_gpio.o(.text)
    GPIO_Write                               0x0800b04f   Thumb Code    66  stm32f10x_gpio.o(.text)
    GPIO_PinLockConfig                       0x0800b091   Thumb Code   100  stm32f10x_gpio.o(.text)
    GPIO_EventOutputConfig                   0x0800b0f5   Thumb Code   138  stm32f10x_gpio.o(.text)
    GPIO_EventOutputCmd                      0x0800b17f   Thumb Code    30  stm32f10x_gpio.o(.text)
    GPIO_PinRemapConfig                      0x0800b19d   Thumb Code   552  stm32f10x_gpio.o(.text)
    GPIO_EXTILineConfig                      0x0800b3c5   Thumb Code   186  stm32f10x_gpio.o(.text)
    GPIO_ETH_MediaInterfaceConfig            0x0800b47f   Thumb Code    30  stm32f10x_gpio.o(.text)
    USART_DeInit                             0x0800b4b9   Thumb Code   174  stm32f10x_usart.o(.text)
    USART_Init                               0x0800b567   Thumb Code   450  stm32f10x_usart.o(.text)
    USART_StructInit                         0x0800b729   Thumb Code    24  stm32f10x_usart.o(.text)
    USART_ClockInit                          0x0800b741   Thumb Code   162  stm32f10x_usart.o(.text)
    USART_ClockStructInit                    0x0800b7e3   Thumb Code    12  stm32f10x_usart.o(.text)
    USART_Cmd                                0x0800b7ef   Thumb Code    90  stm32f10x_usart.o(.text)
    USART_ITConfig                           0x0800b849   Thumb Code   340  stm32f10x_usart.o(.text)
    USART_DMACmd                             0x0800b99d   Thumb Code   114  stm32f10x_usart.o(.text)
    USART_SetAddress                         0x0800ba0f   Thumb Code    86  stm32f10x_usart.o(.text)
    USART_WakeUpConfig                       0x0800ba65   Thumb Code    90  stm32f10x_usart.o(.text)
    USART_ReceiverWakeUpCmd                  0x0800babf   Thumb Code    94  stm32f10x_usart.o(.text)
    USART_LINBreakDetectLengthConfig         0x0800bb1d   Thumb Code    88  stm32f10x_usart.o(.text)
    USART_LINCmd                             0x0800bb75   Thumb Code    94  stm32f10x_usart.o(.text)
    USART_SendData                           0x0800bbd3   Thumb Code    78  stm32f10x_usart.o(.text)
    USART_ReceiveData                        0x0800bc21   Thumb Code    56  stm32f10x_usart.o(.text)
    USART_SendBreak                          0x0800bc59   Thumb Code    58  stm32f10x_usart.o(.text)
    USART_SetGuardTime                       0x0800bc93   Thumb Code    54  stm32f10x_usart.o(.text)
    USART_SetPrescaler                       0x0800bcc9   Thumb Code    66  stm32f10x_usart.o(.text)
    USART_SmartCardCmd                       0x0800bd0b   Thumb Code   102  stm32f10x_usart.o(.text)
    USART_SmartCardNACKCmd                   0x0800bd71   Thumb Code    82  stm32f10x_usart.o(.text)
    USART_HalfDuplexCmd                      0x0800bdc3   Thumb Code    94  stm32f10x_usart.o(.text)
    USART_OverSampling8Cmd                   0x0800be21   Thumb Code    92  stm32f10x_usart.o(.text)
    USART_OneBitMethodCmd                    0x0800be7d   Thumb Code    94  stm32f10x_usart.o(.text)
    USART_IrDAConfig                         0x0800bedb   Thumb Code    88  stm32f10x_usart.o(.text)
    USART_IrDACmd                            0x0800bf33   Thumb Code    94  stm32f10x_usart.o(.text)
    USART_GetFlagStatus                      0x0800bf91   Thumb Code   164  stm32f10x_usart.o(.text)
    USART_ClearFlag                          0x0800c035   Thumb Code   122  stm32f10x_usart.o(.text)
    USART_GetITStatus                        0x0800c0af   Thumb Code   280  stm32f10x_usart.o(.text)
    USART_ClearITPendingBit                  0x0800c1c7   Thumb Code   158  stm32f10x_usart.o(.text)
    DMA_DeInit                               0x0800c279   Thumb Code   430  stm32f10x_dma.o(.text)
    DMA_Init                                 0x0800c427   Thumb Code   388  stm32f10x_dma.o(.text)
    DMA_StructInit                           0x0800c5ab   Thumb Code    26  stm32f10x_dma.o(.text)
    DMA_Cmd                                  0x0800c5c5   Thumb Code   220  stm32f10x_dma.o(.text)
    DMA_ITConfig                             0x0800c6a1   Thumb Code   174  stm32f10x_dma.o(.text)
    DMA_SetCurrDataCounter                   0x0800c74f   Thumb Code   116  stm32f10x_dma.o(.text)
    DMA_GetCurrDataCounter                   0x0800c7c3   Thumb Code   116  stm32f10x_dma.o(.text)
    DMA_GetFlagStatus                        0x0800c837   Thumb Code   346  stm32f10x_dma.o(.text)
    DMA_ClearFlag                            0x0800c991   Thumb Code    54  stm32f10x_dma.o(.text)
    DMA_GetITStatus                          0x0800c9c7   Thumb Code   396  stm32f10x_dma.o(.text)
    DMA_ClearITPendingBit                    0x0800cb53   Thumb Code    52  stm32f10x_dma.o(.text)
    NVIC_PriorityGroupConfig                 0x0800cbbd   Thumb Code    54  misc.o(.text)
    NVIC_Init                                0x0800cbf3   Thumb Code   158  misc.o(.text)
    NVIC_SetVectorTable                      0x0800cc91   Thumb Code    60  misc.o(.text)
    NVIC_SystemLPConfig                      0x0800cccd   Thumb Code    78  misc.o(.text)
    SysTick_CLKSourceConfig                  0x0800cd1b   Thumb Code    62  misc.o(.text)
    Reset_Handler                            0x0800cda1   Thumb Code     8  startup_stm32f10x_hd.o(.text)
    ADC1_2_IRQHandler                        0x0800cdbb   Thumb Code     0  startup_stm32f10x_hd.o(.text)
    ADC3_IRQHandler                          0x0800cdbb   Thumb Code     0  startup_stm32f10x_hd.o(.text)
    CAN1_RX1_IRQHandler                      0x0800cdbb   Thumb Code     0  startup_stm32f10x_hd.o(.text)
    CAN1_SCE_IRQHandler                      0x0800cdbb   Thumb Code     0  startup_stm32f10x_hd.o(.text)
    DMA1_Channel2_IRQHandler                 0x0800cdbb   Thumb Code     0  startup_stm32f10x_hd.o(.text)
    DMA1_Channel4_IRQHandler                 0x0800cdbb   Thumb Code     0  startup_stm32f10x_hd.o(.text)
    DMA1_Channel7_IRQHandler                 0x0800cdbb   Thumb Code     0  startup_stm32f10x_hd.o(.text)
    DMA2_Channel1_IRQHandler                 0x0800cdbb   Thumb Code     0  startup_stm32f10x_hd.o(.text)
    DMA2_Channel2_IRQHandler                 0x0800cdbb   Thumb Code     0  startup_stm32f10x_hd.o(.text)
    DMA2_Channel3_IRQHandler                 0x0800cdbb   Thumb Code     0  startup_stm32f10x_hd.o(.text)
    DMA2_Channel4_5_IRQHandler               0x0800cdbb   Thumb Code     0  startup_stm32f10x_hd.o(.text)
    FLASH_IRQHandler                         0x0800cdbb   Thumb Code     0  startup_stm32f10x_hd.o(.text)
    FSMC_IRQHandler                          0x0800cdbb   Thumb Code     0  startup_stm32f10x_hd.o(.text)
    I2C1_ER_IRQHandler                       0x0800cdbb   Thumb Code     0  startup_stm32f10x_hd.o(.text)
    I2C1_EV_IRQHandler                       0x0800cdbb   Thumb Code     0  startup_stm32f10x_hd.o(.text)
    I2C2_ER_IRQHandler                       0x0800cdbb   Thumb Code     0  startup_stm32f10x_hd.o(.text)
    I2C2_EV_IRQHandler                       0x0800cdbb   Thumb Code     0  startup_stm32f10x_hd.o(.text)
    PVD_IRQHandler                           0x0800cdbb   Thumb Code     0  startup_stm32f10x_hd.o(.text)
    RCC_IRQHandler                           0x0800cdbb   Thumb Code     0  startup_stm32f10x_hd.o(.text)
    RTCAlarm_IRQHandler                      0x0800cdbb   Thumb Code     0  startup_stm32f10x_hd.o(.text)
    RTC_IRQHandler                           0x0800cdbb   Thumb Code     0  startup_stm32f10x_hd.o(.text)
    SDIO_IRQHandler                          0x0800cdbb   Thumb Code     0  startup_stm32f10x_hd.o(.text)
    SPI1_IRQHandler                          0x0800cdbb   Thumb Code     0  startup_stm32f10x_hd.o(.text)
    SPI2_IRQHandler                          0x0800cdbb   Thumb Code     0  startup_stm32f10x_hd.o(.text)
    SPI3_IRQHandler                          0x0800cdbb   Thumb Code     0  startup_stm32f10x_hd.o(.text)
    TAMPER_IRQHandler                        0x0800cdbb   Thumb Code     0  startup_stm32f10x_hd.o(.text)
    TIM1_BRK_IRQHandler                      0x0800cdbb   Thumb Code     0  startup_stm32f10x_hd.o(.text)
    TIM1_CC_IRQHandler                       0x0800cdbb   Thumb Code     0  startup_stm32f10x_hd.o(.text)
    TIM1_TRG_COM_IRQHandler                  0x0800cdbb   Thumb Code     0  startup_stm32f10x_hd.o(.text)
    TIM1_UP_IRQHandler                       0x0800cdbb   Thumb Code     0  startup_stm32f10x_hd.o(.text)
    TIM2_IRQHandler                          0x0800cdbb   Thumb Code     0  startup_stm32f10x_hd.o(.text)
    TIM3_IRQHandler                          0x0800cdbb   Thumb Code     0  startup_stm32f10x_hd.o(.text)
    TIM4_IRQHandler                          0x0800cdbb   Thumb Code     0  startup_stm32f10x_hd.o(.text)
    TIM5_IRQHandler                          0x0800cdbb   Thumb Code     0  startup_stm32f10x_hd.o(.text)
    TIM7_IRQHandler                          0x0800cdbb   Thumb Code     0  startup_stm32f10x_hd.o(.text)
    TIM8_BRK_IRQHandler                      0x0800cdbb   Thumb Code     0  startup_stm32f10x_hd.o(.text)
    TIM8_CC_IRQHandler                       0x0800cdbb   Thumb Code     0  startup_stm32f10x_hd.o(.text)
    TIM8_TRG_COM_IRQHandler                  0x0800cdbb   Thumb Code     0  startup_stm32f10x_hd.o(.text)
    TIM8_UP_IRQHandler                       0x0800cdbb   Thumb Code     0  startup_stm32f10x_hd.o(.text)
    UART4_IRQHandler                         0x0800cdbb   Thumb Code     0  startup_stm32f10x_hd.o(.text)
    UART5_IRQHandler                         0x0800cdbb   Thumb Code     0  startup_stm32f10x_hd.o(.text)
    USBWakeUp_IRQHandler                     0x0800cdbb   Thumb Code     0  startup_stm32f10x_hd.o(.text)
    WWDG_IRQHandler                          0x0800cdbb   Thumb Code     0  startup_stm32f10x_hd.o(.text)
    rt_system_tick_init                      0x0800cdc5   Thumb Code     2  clock.o(.text)
    rt_tick_get                              0x0800cdc7   Thumb Code     6  clock.o(.text)
    rt_tick_set                              0x0800cdcd   Thumb Code    22  clock.o(.text)
    rt_tick_increase                         0x0800cde3   Thumb Code    42  clock.o(.text)
    rt_tick_from_millisecond                 0x0800ce0d   Thumb Code    20  clock.o(.text)
    rt_device_find                           0x0800ce25   Thumb Code    76  device.o(.text)
    rt_device_register                       0x0800ce71   Thumb Code    52  device.o(.text)
    rt_device_unregister                     0x0800cea5   Thumb Code    26  device.o(.text)
    rt_device_init_all                       0x0800cebf   Thumb Code     4  device.o(.text)
    rt_device_init                           0x0800cec3   Thumb Code    64  device.o(.text)
    rt_device_open                           0x0800cf03   Thumb Code   136  device.o(.text)
    rt_device_close                          0x0800cf8b   Thumb Code    68  device.o(.text)
    rt_device_read                           0x0800cfcf   Thumb Code    76  device.o(.text)
    rt_device_write                          0x0800d01b   Thumb Code    76  device.o(.text)
    rt_device_control                        0x0800d067   Thumb Code    42  device.o(.text)
    rt_device_set_rx_indicate                0x0800d091   Thumb Code    26  device.o(.text)
    rt_device_set_tx_complete                0x0800d0ab   Thumb Code    26  device.o(.text)
    rt_thread_idle_sethook                   0x0800d149   Thumb Code     6  idle.o(.text)
    rt_thread_idle_excute                    0x0800d14f   Thumb Code   154  idle.o(.text)
    rt_thread_idle_init                      0x0800d1fd   Thumb Code    38  idle.o(.text)
    rt_thread_idle_gethandler                0x0800d223   Thumb Code     4  idle.o(.text)
    rt_sem_init                              0x0800d32d   Thumb Code    50  ipc.o(.text)
    rt_sem_detach                            0x0800d35f   Thumb Code    34  ipc.o(.text)
    rt_sem_create                            0x0800d381   Thumb Code    84  ipc.o(.text)
    rt_sem_delete                            0x0800d3d5   Thumb Code    78  ipc.o(.text)
    rt_sem_take                              0x0800d423   Thumb Code   266  ipc.o(.text)
    rt_sem_trytake                           0x0800d52d   Thumb Code    14  ipc.o(.text)
    rt_sem_release                           0x0800d53b   Thumb Code    80  ipc.o(.text)
    rt_sem_control                           0x0800d58b   Thumb Code    68  ipc.o(.text)
    rt_mutex_init                            0x0800d5cf   Thumb Code    58  ipc.o(.text)
    rt_mutex_detach                          0x0800d609   Thumb Code    36  ipc.o(.text)
    rt_mutex_create                          0x0800d62d   Thumb Code    96  ipc.o(.text)
    rt_mutex_delete                          0x0800d68d   Thumb Code    78  ipc.o(.text)
    rt_mutex_take                            0x0800d6db   Thumb Code   536  ipc.o(.text)
    rt_mutex_release                         0x0800d8f3   Thumb Code   278  ipc.o(.text)
    rt_mutex_control                         0x0800da09   Thumb Code     8  ipc.o(.text)
    rt_event_init                            0x0800da11   Thumb Code    46  ipc.o(.text)
    rt_event_detach                          0x0800da3f   Thumb Code    36  ipc.o(.text)
    rt_event_create                          0x0800da63   Thumb Code    88  ipc.o(.text)
    rt_event_delete                          0x0800dabb   Thumb Code    82  ipc.o(.text)
    rt_event_send                            0x0800db0d   Thumb Code   272  ipc.o(.text)
    rt_event_recv                            0x0800dc1d   Thumb Code   380  ipc.o(.text)
    rt_event_control                         0x0800dd99   Thumb Code    70  ipc.o(.text)
    rt_mb_init                               0x0800dddf   Thumb Code    76  ipc.o(.text)
    rt_mb_detach                             0x0800de2b   Thumb Code    44  ipc.o(.text)
    rt_mb_create                             0x0800de57   Thumb Code   128  ipc.o(.text)
    rt_mb_delete                             0x0800ded7   Thumb Code    96  ipc.o(.text)
    rt_mb_send_wait                          0x0800df37   Thumb Code   436  ipc.o(.text)
    rt_mb_send                               0x0800e0eb   Thumb Code    18  ipc.o(.text)
    rt_mb_recv                               0x0800e0fd   Thumb Code   412  ipc.o(.text)
    rt_mb_control                            0x0800e299   Thumb Code    82  ipc.o(.text)
    rt_mq_init                               0x0800e2eb   Thumb Code   118  ipc.o(.text)
    rt_mq_detach                             0x0800e361   Thumb Code    36  ipc.o(.text)
    rt_mq_delete                             0x0800e385   Thumb Code    88  ipc.o(.text)
    rt_mq_create                             0x0800e3dd   Thumb Code   174  ipc.o(.text)
    rt_mq_send                               0x0800e48b   Thumb Code   290  ipc.o(.text)
    rt_mq_urgent                             0x0800e5ad   Thumb Code   198  ipc.o(.text)
    rt_mq_recv                               0x0800e673   Thumb Code   438  ipc.o(.text)
    rt_mq_control                            0x0800e829   Thumb Code    98  ipc.o(.text)
    rt_interrupt_enter_sethook               0x0800e8e1   Thumb Code     6  irq.o(.text)
    rt_interrupt_leave_sethook               0x0800e8e7   Thumb Code     6  irq.o(.text)
    rt_interrupt_enter                       0x0800e8ed   Thumb Code    46  irq.o(.text)
    rt_interrupt_leave                       0x0800e91b   Thumb Code    46  irq.o(.text)
    rt_interrupt_get_nest                    0x0800e949   Thumb Code     6  irq.o(.text)
    rt_get_errno                             0x0800e95d   Thumb Code    32  kservice.o(.text)
    rt_set_errno                             0x0800e97d   Thumb Code    36  kservice.o(.text)
    _rt_errno                                0x0800e9a1   Thumb Code    30  kservice.o(.text)
    rt_memset                                0x0800e9bf   Thumb Code    72  kservice.o(.text)
    rt_memcpy                                0x0800ea07   Thumb Code   124  kservice.o(.text)
    rt_memmove                               0x0800ea83   Thumb Code    66  kservice.o(.text)
    rt_memcmp                                0x0800eac5   Thumb Code    38  kservice.o(.text)
    rt_strlen                                0x0800eaeb   Thumb Code    18  kservice.o(.text)
    rt_strstr                                0x0800eafd   Thumb Code    58  kservice.o(.text)
    rt_strcasecmp                            0x0800eb37   Thumb Code    48  kservice.o(.text)
    rt_strncpy                               0x0800eb67   Thumb Code    52  kservice.o(.text)
    rt_strncmp                               0x0800eb9b   Thumb Code    40  kservice.o(.text)
    rt_strcmp                                0x0800ebc3   Thumb Code    28  kservice.o(.text)
    rt_strnlen                               0x0800ebdf   Thumb Code    24  kservice.o(.text)
    rt_strdup                                0x0800ebf7   Thumb Code    40  kservice.o(.text)
    rt_hw_console_output                     0x0800ec1f   Thumb Code     2  kservice.o(.text)
    rt_vsnprintf                             0x0800edd7   Thumb Code   800  kservice.o(.text)
    rt_kprintf                               0x0800f0f7   Thumb Code    96  kservice.o(.text)
    rt_show_version                          0x0800f157   Thumb Code    38  kservice.o(.text)
    rt_snprintf                              0x0800f17d   Thumb Code    38  kservice.o(.text)
    rt_vsprintf                              0x0800f1a3   Thumb Code    22  kservice.o(.text)
    rt_sprintf                               0x0800f1b9   Thumb Code    34  kservice.o(.text)
    rt_console_get_device                    0x0800f1db   Thumb Code     6  kservice.o(.text)
    rt_console_set_device                    0x0800f1e1   Thumb Code    48  kservice.o(.text)
    rt_kputs                                 0x0800f211   Thumb Code    72  kservice.o(.text)
    rt_malloc_align                          0x0800f259   Thumb Code    66  kservice.o(.text)
    rt_free_align                            0x0800f29b   Thumb Code    16  kservice.o(.text)
    rt_assert_set_hook                       0x0800f2ab   Thumb Code     6  kservice.o(.text)
    rt_assert_handler                        0x0800f2b1   Thumb Code    56  kservice.o(.text)
    rt_malloc_sethook                        0x0800f3bd   Thumb Code     6  mem.o(.text)
    rt_free_sethook                          0x0800f3c3   Thumb Code     6  mem.o(.text)
    rt_system_heap_init                      0x0800f469   Thumb Code   204  mem.o(.text)
    rt_malloc                                0x0800f535   Thumb Code   520  mem.o(.text)
    rt_free                                  0x0800f73d   Thumb Code   654  mem.o(.text)
    rt_realloc                               0x0800f9cb   Thumb Code   324  mem.o(.text)
    rt_calloc                                0x0800fb0f   Thumb Code    84  mem.o(.text)
    rt_memory_info                           0x0800fb63   Thumb Code    26  mem.o(.text)
    rt_object_attach_sethook                 0x0800fbf5   Thumb Code     6  object.o(.text)
    rt_object_detach_sethook                 0x0800fbfb   Thumb Code     6  object.o(.text)
    rt_object_trytake_sethook                0x0800fc01   Thumb Code     6  object.o(.text)
    rt_object_take_sethook                   0x0800fc07   Thumb Code     6  object.o(.text)
    rt_object_put_sethook                    0x0800fc0d   Thumb Code     6  object.o(.text)
    rt_system_object_init                    0x0800fc13   Thumb Code     2  object.o(.text)
    rt_object_get_information                0x0800fc15   Thumb Code    10  object.o(.text)
    rt_object_init                           0x0800fc1f   Thumb Code    76  object.o(.text)
    rt_object_detach                         0x0800fc6b   Thumb Code    56  object.o(.text)
    rt_object_allocate                       0x0800fca3   Thumb Code   132  object.o(.text)
    rt_object_delete                         0x0800fd27   Thumb Code    84  object.o(.text)
    rt_object_is_systemobject                0x0800fd7b   Thumb Code    34  object.o(.text)
    rt_object_find                           0x0800fd9d   Thumb Code   126  object.o(.text)
    rt_scheduler_sethook                     0x0800feb1   Thumb Code     6  scheduler.o(.text)
    rt_system_scheduler_init                 0x0800ff0d   Thumb Code    56  scheduler.o(.text)
    rt_system_scheduler_start                0x0800ff45   Thumb Code    36  scheduler.o(.text)
    rt_schedule                              0x0800ff69   Thumb Code   134  scheduler.o(.text)
    rt_schedule_insert_thread                0x0800ffef   Thumb Code    82  scheduler.o(.text)
    rt_schedule_remove_thread                0x08010041   Thumb Code    94  scheduler.o(.text)
    rt_enter_critical                        0x0801009f   Thumb Code    28  scheduler.o(.text)
    rt_exit_critical                         0x080100bb   Thumb Code    54  scheduler.o(.text)
    rt_critical_level                        0x080100f1   Thumb Code     8  scheduler.o(.text)
    rt_thread_suspend_sethook                0x080101b5   Thumb Code     6  thread.o(.text)
    rt_thread_resume_sethook                 0x080101bb   Thumb Code     6  thread.o(.text)
    rt_thread_inited_sethook                 0x080101c1   Thumb Code     6  thread.o(.text)
    rt_thread_exit                           0x080101c7   Thumb Code    76  thread.o(.text)
    rt_thread_timeout                        0x08010213   Thumb Code    66  thread.o(.text)
    rt_thread_init                           0x080102f5   Thumb Code    74  thread.o(.text)
    rt_thread_self                           0x0801033f   Thumb Code     6  thread.o(.text)
    rt_thread_resume                         0x08010345   Thumb Code    96  thread.o(.text)
    rt_thread_startup                        0x080103a5   Thumb Code    84  thread.o(.text)
    rt_thread_detach                         0x080103f9   Thumb Code    80  thread.o(.text)
    rt_thread_create                         0x08010449   Thumb Code    80  thread.o(.text)
    rt_thread_delete                         0x08010499   Thumb Code    70  thread.o(.text)
    rt_thread_yield                          0x080104df   Thumb Code    88  thread.o(.text)
    rt_thread_suspend                        0x08010537   Thumb Code   298  thread.o(.text)
    rt_thread_sleep                          0x08010661   Thumb Code    78  thread.o(.text)
    rt_thread_delay                          0x080106af   Thumb Code    12  thread.o(.text)
    rt_thread_control                        0x080106bb   Thumb Code   130  thread.o(.text)
    rt_thread_find                           0x0801073d   Thumb Code    76  thread.o(.text)
    rt_timer_timeout_sethook                 0x080107a7   Thumb Code     6  timer.o(.text)
    rt_timer_init                            0x08010839   Thumb Code    58  timer.o(.text)
    rt_timer_detach                          0x08010873   Thumb Code    44  timer.o(.text)
    rt_timer_create                          0x0801089f   Thumb Code    54  timer.o(.text)
    rt_timer_delete                          0x080108d5   Thumb Code    46  timer.o(.text)
    rt_timer_start                           0x08010903   Thumb Code   332  timer.o(.text)
    rt_timer_stop                            0x08010a4f   Thumb Code    80  timer.o(.text)
    rt_timer_control                         0x08010a9f   Thumb Code    76  timer.o(.text)
    rt_timer_check                           0x08010aeb   Thumb Code   148  timer.o(.text)
    rt_timer_next_timeout_tick               0x08010b7f   Thumb Code   118  timer.o(.text)
    rt_soft_timer_check                      0x08010bf5   Thumb Code   150  timer.o(.text)
    rt_system_timer_init                     0x08010cc9   Thumb Code    24  timer.o(.text)
    rt_system_timer_thread_init              0x08010ce1   Thumb Code    58  timer.o(.text)
    rt_hw_stack_init                         0x08010d51   Thumb Code    70  cpuport.o(.text)
    rt_hw_exception_install                  0x08010d97   Thumb Code     6  cpuport.o(.text)
    rt_hw_hard_fault_exception               0x08010d9d   Thumb Code   190  cpuport.o(.text)
    rt_hw_cpu_shutdown                       0x08010e5b   Thumb Code    22  cpuport.o(.text)
    rt_hw_interrupt_disable                  0x08010fcd   Thumb Code     8  context_rvds.o(.text)
    rt_hw_interrupt_enable                   0x08010fd5   Thumb Code     6  context_rvds.o(.text)
    rt_hw_context_switch                     0x08010fdb   Thumb Code    32  context_rvds.o(.text)
    rt_hw_context_switch_interrupt           0x08010fdb   Thumb Code     0  context_rvds.o(.text)
    PendSV_Handler                           0x08010ffb   Thumb Code    60  context_rvds.o(.text)
    rt_hw_context_switch_to                  0x08011037   Thumb Code    58  context_rvds.o(.text)
    rt_hw_interrupt_thread_switch            0x08011071   Thumb Code     2  context_rvds.o(.text)
    HardFault_Handler                        0x08011073   Thumb Code    48  context_rvds.o(.text)
    rt_hw_serial_register                    0x0801184f   Thumb Code    76  serial.o(.text)
    rt_hw_serial_isr                         0x0801189b   Thumb Code   498  serial.o(.text)
    rt_completion_init                       0x08011cbd   Thumb Code    42  completion.o(.text)
    rt_completion_wait                       0x08011ce7   Thumb Code   198  completion.o(.text)
    rt_completion_done                       0x08011dad   Thumb Code    76  completion.o(.text)
    rt_data_queue_init                       0x08011e93   Thumb Code    76  dataqueue.o(.text)
    rt_data_queue_push                       0x08011edf   Thumb Code   282  dataqueue.o(.text)
    rt_data_queue_pop                        0x08011ff9   Thumb Code   342  dataqueue.o(.text)
    rt_data_queue_peak                       0x0801214f   Thumb Code   104  dataqueue.o(.text)
    rt_data_queue_reset                      0x080121b7   Thumb Code   106  dataqueue.o(.text)
    rt_device_pin_register                   0x08012359   Thumb Code    56  pin.o(.text)
    rt_pin_attach_irq                        0x08012391   Thumb Code    60  pin.o(.text)
    rt_pin_dettach_irq                       0x080123cd   Thumb Code    46  pin.o(.text)
    pin_irq_enable                           0x080123fb   Thumb Code    50  pin.o(.text)
    rt_pin_mode                              0x0801242d   Thumb Code    38  pin.o(.text)
    rt_pin_write                             0x08012453   Thumb Code    38  pin.o(.text)
    rt_pin_read                              0x08012479   Thumb Code    34  pin.o(.text)
    finsh_set_device                         0x08012557   Thumb Code   156  shell.o(.text)
    finsh_get_device                         0x080125f3   Thumb Code    28  shell.o(.text)
    finsh_set_echo                           0x0801260f   Thumb Code    30  shell.o(.text)
    finsh_get_echo                           0x0801262d   Thumb Code    32  shell.o(.text)
    finsh_run_line                           0x08012669   Thumb Code   164  shell.o(.text)
    finsh_thread_entry                       0x08012803   Thumb Code  1430  shell.o(.text)
    finsh_system_function_init               0x08012d99   Thumb Code    10  shell.o(.text)
    finsh_system_var_init                    0x08012da3   Thumb Code    10  shell.o(.text)
    finsh_system_init                        0x08012dad   Thumb Code   122  shell.o(.text)
    hello                                    0x08012e91   Thumb Code    12  cmd.o(.text)
    version                                  0x08012e9d   Thumb Code    10  cmd.o(.text)
    list_thread                              0x08012f9d   Thumb Code    10  cmd.o(.text)
    list_sem                                 0x0801305f   Thumb Code    12  cmd.o(.text)
    list_event                               0x080130e9   Thumb Code    12  cmd.o(.text)
    list_mutex                               0x08013151   Thumb Code    12  cmd.o(.text)
    list_mailbox                             0x08013201   Thumb Code    12  cmd.o(.text)
    list_msgqueue                            0x08013587   Thumb Code    10  cmd.o(.text)
    list_mempool                             0x08013617   Thumb Code    12  cmd.o(.text)
    list_timer                               0x08013693   Thumb Code    12  cmd.o(.text)
    list_device                              0x0801371b   Thumb Code    12  cmd.o(.text)
    list                                     0x08013727   Thumb Code   126  cmd.o(.text)
    list_prefix                              0x080137e7   Thumb Code   998  cmd.o(.text)
    finsh_compiler_run                       0x080153af   Thumb Code    88  finsh_compiler.o(.text)
    finsh_error_init                         0x08015419   Thumb Code     8  finsh_error.o(.text)
    finsh_error_set                          0x08015421   Thumb Code    10  finsh_error.o(.text)
    finsh_errno                              0x0801542b   Thumb Code     6  finsh_error.o(.text)
    finsh_error_string                       0x08015431   Thumb Code    10  finsh_error.o(.text)
    finsh_heap_init                          0x08015445   Thumb Code    36  finsh_heap.o(.text)
    finsh_heap_free                          0x08015569   Thumb Code    34  finsh_heap.o(.text)
    finsh_heap_allocate                      0x080155d9   Thumb Code   106  finsh_heap.o(.text)
    finsh_init                               0x08015655   Thumb Code    30  finsh_init.o(.text)
    finsh_stack_bottom                       0x08015673   Thumb Code     6  finsh_init.o(.text)
    finsh_flush                              0x08015679   Thumb Code    22  finsh_init.o(.text)
    finsh_reset                              0x0801568f   Thumb Code    24  finsh_init.o(.text)
    finsh_node_init                          0x080156ad   Thumb Code    16  finsh_node.o(.text)
    finsh_node_allocate                      0x080156bd   Thumb Code    56  finsh_node.o(.text)
    finsh_node_new_id                        0x080156f5   Thumb Code   118  finsh_node.o(.text)
    finsh_node_new_char                      0x0801576b   Thumb Code    30  finsh_node.o(.text)
    finsh_node_new_int                       0x08015789   Thumb Code    30  finsh_node.o(.text)
    finsh_node_new_long                      0x080157a7   Thumb Code    30  finsh_node.o(.text)
    finsh_node_new_string                    0x080157c5   Thumb Code    74  finsh_node.o(.text)
    finsh_node_new_ptr                       0x0801580f   Thumb Code    30  finsh_node.o(.text)
    OP_no_op                                 0x08015831   Thumb Code     2  finsh_ops.o(.text)
    OP_add_byte                              0x08015833   Thumb Code    42  finsh_ops.o(.text)
    OP_add_word                              0x0801585d   Thumb Code    44  finsh_ops.o(.text)
    OP_add_dword                             0x08015889   Thumb Code    42  finsh_ops.o(.text)
    OP_sub_byte                              0x080158b3   Thumb Code    42  finsh_ops.o(.text)
    OP_sub_word                              0x080158dd   Thumb Code    44  finsh_ops.o(.text)
    OP_sub_dword                             0x08015909   Thumb Code    42  finsh_ops.o(.text)
    OP_div_byte                              0x08015933   Thumb Code    44  finsh_ops.o(.text)
    OP_div_word                              0x0801595f   Thumb Code    46  finsh_ops.o(.text)
    OP_div_dword                             0x0801598d   Thumb Code    44  finsh_ops.o(.text)
    OP_mod_byte                              0x080159b9   Thumb Code    48  finsh_ops.o(.text)
    OP_mod_word                              0x080159e9   Thumb Code    48  finsh_ops.o(.text)
    OP_mod_dword                             0x08015a19   Thumb Code    48  finsh_ops.o(.text)
    OP_mul_byte                              0x08015a49   Thumb Code    42  finsh_ops.o(.text)
    OP_mul_word                              0x08015a73   Thumb Code    44  finsh_ops.o(.text)
    OP_mul_dword                             0x08015a9f   Thumb Code    42  finsh_ops.o(.text)
    OP_and_byte                              0x08015ac9   Thumb Code    42  finsh_ops.o(.text)
    OP_and_word                              0x08015af3   Thumb Code    42  finsh_ops.o(.text)
    OP_and_dword                             0x08015b1d   Thumb Code    42  finsh_ops.o(.text)
    OP_or_byte                               0x08015b47   Thumb Code    42  finsh_ops.o(.text)
    OP_or_word                               0x08015b71   Thumb Code    42  finsh_ops.o(.text)
    OP_or_dword                              0x08015b9b   Thumb Code    42  finsh_ops.o(.text)
    OP_xor_byte                              0x08015bc5   Thumb Code    42  finsh_ops.o(.text)
    OP_xor_word                              0x08015bef   Thumb Code    46  finsh_ops.o(.text)
    OP_xor_dword                             0x08015c1d   Thumb Code    42  finsh_ops.o(.text)
    OP_bw_byte                               0x08015c47   Thumb Code    20  finsh_ops.o(.text)
    OP_bw_word                               0x08015c5b   Thumb Code    20  finsh_ops.o(.text)
    OP_bw_dword                              0x08015c6f   Thumb Code    20  finsh_ops.o(.text)
    OP_shl_byte                              0x08015c83   Thumb Code    42  finsh_ops.o(.text)
    OP_shl_word                              0x08015cad   Thumb Code    44  finsh_ops.o(.text)
    OP_shl_dword                             0x08015cd9   Thumb Code    42  finsh_ops.o(.text)
    OP_shr_byte                              0x08015d03   Thumb Code    42  finsh_ops.o(.text)
    OP_shr_word                              0x08015d2d   Thumb Code    42  finsh_ops.o(.text)
    OP_shr_dword                             0x08015d57   Thumb Code    42  finsh_ops.o(.text)
    OP_ld_byte                               0x08015d81   Thumb Code    34  finsh_ops.o(.text)
    OP_ld_word                               0x08015da3   Thumb Code    46  finsh_ops.o(.text)
    OP_ld_dword                              0x08015dd1   Thumb Code    64  finsh_ops.o(.text)
    OP_ld_value_byte                         0x08015e11   Thumb Code    66  finsh_ops.o(.text)
    OP_ld_value_byte_stack                   0x08015e53   Thumb Code    20  finsh_ops.o(.text)
    OP_ld_value_word                         0x08015e67   Thumb Code    66  finsh_ops.o(.text)
    OP_ld_value_word_stack                   0x08015ea9   Thumb Code    20  finsh_ops.o(.text)
    OP_ld_value_dword                        0x08015ebd   Thumb Code    66  finsh_ops.o(.text)
    OP_ld_value_dword_stack                  0x08015eff   Thumb Code    20  finsh_ops.o(.text)
    OP_st_byte                               0x08015f13   Thumb Code    30  finsh_ops.o(.text)
    OP_st_word                               0x08015f31   Thumb Code    30  finsh_ops.o(.text)
    OP_st_dword                              0x08015f4f   Thumb Code    30  finsh_ops.o(.text)
    OP_pop                                   0x08015f6d   Thumb Code    12  finsh_ops.o(.text)
    OP_call                                  0x08015f79   Thumb Code   906  finsh_ops.o(.text)
    finsh_parser_run                         0x08016b99   Thumb Code   220  finsh_parser.o(.text)
    finsh_parser_init                        0x08016c75   Thumb Code    16  finsh_parser.o(.text)
    finsh_var_init                           0x08016c85   Thumb Code    14  finsh_var.o(.text)
    finsh_var_insert                         0x08016c93   Thumb Code   114  finsh_var.o(.text)
    finsh_var_delete                         0x08016d05   Thumb Code    68  finsh_var.o(.text)
    finsh_var_lookup                         0x08016d49   Thumb Code    58  finsh_var.o(.text)
    finsh_sysvar_append                      0x08016d83   Thumb Code    62  finsh_var.o(.text)
    finsh_sysvar_lookup                      0x08016dc1   Thumb Code    78  finsh_var.o(.text)
    finsh_vm_run                             0x08016e21   Thumb Code    62  finsh_vm.o(.text)
    finsh_syscall_append                     0x08016e5f   Thumb Code    54  finsh_vm.o(.text)
    finsh_syscall_lookup                     0x08016e95   Thumb Code    78  finsh_vm.o(.text)
    finsh_token_init                         0x08016f05   Thumb Code    20  finsh_token.o(.text)
    token_get_string                         0x0801731d   Thumb Code   120  finsh_token.o(.text)
    finsh_token_token                        0x08017555   Thumb Code    24  finsh_token.o(.text)
    finsh_token_get_token                    0x0801756d   Thumb Code    20  finsh_token.o(.text)
    rt_components_board_init                 0x08017595   Thumb Code    20  components.o(.text)
    rt_components_init                       0x080175a9   Thumb Code    20  components.o(.text)
    __aeabi_memcpy                           0x080175c9   Thumb Code    36  memcpya.o(.text)
    __aeabi_memcpy4                          0x080175c9   Thumb Code     0  memcpya.o(.text)
    __aeabi_memcpy8                          0x080175c9   Thumb Code     0  memcpya.o(.text)
    __aeabi_memset                           0x080175ed   Thumb Code    14  memseta.o(.text)
    __aeabi_memset4                          0x080175ed   Thumb Code     0  memseta.o(.text)
    __aeabi_memset8                          0x080175ed   Thumb Code     0  memseta.o(.text)
    __aeabi_memclr                           0x080175fb   Thumb Code     4  memseta.o(.text)
    __aeabi_memclr4                          0x080175fb   Thumb Code     0  memseta.o(.text)
    __aeabi_memclr8                          0x080175fb   Thumb Code     0  memseta.o(.text)
    _memset$wrapper                          0x080175ff   Thumb Code    18  memseta.o(.text)
    strncpy                                  0x08017611   Thumb Code    24  strncpy.o(.text)
    strchr                                   0x08017629   Thumb Code    20  strchr.o(.text)
    strlen                                   0x0801763d   Thumb Code    14  strlen.o(.text)
    strcmp                                   0x0801764b   Thumb Code    28  strcmp.o(.text)
    memcmp                                   0x08017667   Thumb Code    26  memcmp.o(.text)
    strncat                                  0x08017681   Thumb Code    40  strncat.o(.text)
    strcpy                                   0x080176a9   Thumb Code    18  strcpy.o(.text)
    strncmp                                  0x080176bb   Thumb Code    30  strncmp.o(.text)
    __0sscanf                                0x080176d9   Thumb Code    48  __0sscanf.o(.text)
    _scanf_int                               0x08017711   Thumb Code   332  _scanf_int.o(.text)
    _scanf_real                              0x08017985   Thumb Code     0  scanf_fp.o(.text)
    _scanf_really_real                       0x08017985   Thumb Code   556  scanf_fp.o(.text)
    atoi                                     0x08017bbd   Thumb Code    26  atoi.o(.text)
    __aeabi_fadd                             0x08017bd7   Thumb Code   164  fadd.o(.text)
    __aeabi_fsub                             0x08017c7b   Thumb Code     6  fadd.o(.text)
    __aeabi_frsub                            0x08017c81   Thumb Code     6  fadd.o(.text)
    __aeabi_fdiv                             0x08017c87   Thumb Code   124  fdiv.o(.text)
    __aeabi_i2f                              0x08017d03   Thumb Code    18  fflti.o(.text)
    __aeabi_ui2f                             0x08017d15   Thumb Code    10  ffltui.o(.text)
    __aeabi_ui2d                             0x08017d1f   Thumb Code    26  dfltui.o(.text)
    __aeabi_f2uiz                            0x08017d39   Thumb Code    40  ffixui.o(.text)
    __aeabi_d2iz                             0x08017d61   Thumb Code    62  dfixi.o(.text)
    __aeabi_d2uiz                            0x08017d9f   Thumb Code    50  dfixui.o(.text)
    __aeabi_f2d                              0x08017dd1   Thumb Code    38  f2d.o(.text)
    __aeabi_cdcmpeq                          0x08017df9   Thumb Code     0  cdcmple.o(.text)
    __aeabi_cdcmple                          0x08017df9   Thumb Code    48  cdcmple.o(.text)
    __aeabi_cdrcmple                         0x08017e29   Thumb Code    48  cdrcmple.o(.text)
    __aeabi_d2f                              0x08017e59   Thumb Code    56  d2f.o(.text)
    __aeabi_cfrcmple                         0x08017e91   Thumb Code    20  cfrcmple.o(.text)
    __aeabi_uidiv                            0x08017ea5   Thumb Code     0  uidiv.o(.text)
    __aeabi_uidivmod                         0x08017ea5   Thumb Code    44  uidiv.o(.text)
    __aeabi_uldivmod                         0x08017ed1   Thumb Code    98  uldiv.o(.text)
    __aeabi_llsr                             0x08017f33   Thumb Code    32  llushr.o(.text)
    _ll_ushift_r                             0x08017f33   Thumb Code     0  llushr.o(.text)
    _chval                                   0x08017f53   Thumb Code    28  _chval.o(.text)
    __vfscanf_char                           0x08017f7d   Thumb Code    20  scanf_char.o(.text)
    _sgetc                                   0x08017f99   Thumb Code    30  _sgetc.o(.text)
    _sbackspace                              0x08017fb7   Thumb Code    34  _sgetc.o(.text)
    strtol                                   0x08017fd9   Thumb Code   112  strtol.o(.text)
    __I$use$fp                               0x08018049   Thumb Code     0  iusefp.o(.text)
    _float_round                             0x08018049   Thumb Code    18  fepilogue.o(.text)
    _float_epilogue                          0x0801805b   Thumb Code    92  fepilogue.o(.text)
    _double_round                            0x080180b7   Thumb Code    30  depilogue.o(.text)
    _double_epilogue                         0x080180d5   Thumb Code   156  depilogue.o(.text)
    __aeabi_dadd                             0x08018171   Thumb Code   322  dadd.o(.text)
    __aeabi_dsub                             0x080182b3   Thumb Code     6  dadd.o(.text)
    __aeabi_drsub                            0x080182b9   Thumb Code     6  dadd.o(.text)
    __aeabi_dmul                             0x080182bf   Thumb Code   228  dmul.o(.text)
    __aeabi_ddiv                             0x080183a3   Thumb Code   222  ddiv.o(.text)
    __aeabi_ul2d                             0x08018481   Thumb Code    24  dfltul.o(.text)
    __aeabi_d2ulz                            0x08018499   Thumb Code    48  dfixul.o(.text)
    __scatterload                            0x080184c9   Thumb Code    28  init.o(.text)
    __scatterload_rt2                        0x080184c9   Thumb Code     0  init.o(.text)
    __aeabi_llsl                             0x080184ed   Thumb Code    30  llshl.o(.text)
    _ll_shift_l                              0x080184ed   Thumb Code     0  llshl.o(.text)
    __aeabi_lasr                             0x0801850b   Thumb Code    36  llsshr.o(.text)
    _ll_sshift_r                             0x0801850b   Thumb Code     0  llsshr.o(.text)
    __rt_ctype_table                         0x08018531   Thumb Code     4  ctype_o.o(.text)
    isspace                                  0x08018539   Thumb Code    18  isspace_o.o(.text)
    __vfscanf                                0x0801854d   Thumb Code   808  _scanf.o(.text)
    _strtoul                                 0x08018879   Thumb Code   158  _strtoul.o(.text)
    __decompress                             0x08018917   Thumb Code     0  __dczerorl2.o(.text)
    __decompress1                            0x08018917   Thumb Code    86  __dczerorl2.o(.text)
    __0snprintf                              0x0801896d   Thumb Code    44  printfa.o(i.__0snprintf)
    __1snprintf                              0x0801896d   Thumb Code     0  printfa.o(i.__0snprintf)
    __2snprintf                              0x0801896d   Thumb Code     0  printfa.o(i.__0snprintf)
    __c89snprintf                            0x0801896d   Thumb Code     0  printfa.o(i.__0snprintf)
    snprintf                                 0x0801896d   Thumb Code     0  printfa.o(i.__0snprintf)
    __aeabi_errno_addr                       0x0801899d   Thumb Code     4  errno.o(i.__aeabi_errno_addr)
    __rt_errno_addr                          0x0801899d   Thumb Code     0  errno.o(i.__aeabi_errno_addr)
    __scatterload_copy                       0x080189a5   Thumb Code    14  handlers.o(i.__scatterload_copy)
    __scatterload_null                       0x080189b3   Thumb Code     2  handlers.o(i.__scatterload_null)
    __scatterload_zeroinit                   0x080189b5   Thumb Code    14  handlers.o(i.__scatterload_zeroinit)
    _is_digit                                0x08018b49   Thumb Code    14  scanf_fp.o(i._is_digit)
    c_FactorySetting                         0x08019560   Data          52  factory_setting.o(.constdata)
    Ascii16                                  0x08019d18   Data        2048  asc16.o(.constdata)
    c_hz_Font                                0x0801a518   Data        7000  hz_fonts.o(.constdata)
    c_flow_Font                              0x0801c070   Data        1300  hz_fonts.o(.constdata)
    coordinates                              0x0801c584   Data        1024  hz_fonts.o(.constdata)
    op_table                                 0x0801d1b4   Data         196  finsh_ops.o(.constdata)
    __ctype_table                            0x0801d2b8   Data         129  ctype_o.o(.constdata)
    __fsym_hello_name                        0x0801dc7e   Data           6  cmd.o(.rodata.name)
    __fsym_hello_desc                        0x0801dc84   Data          16  cmd.o(.rodata.name)
    __fsym_version_name                      0x0801dc94   Data           8  cmd.o(.rodata.name)
    __fsym_version_desc                      0x0801dc9c   Data          35  cmd.o(.rodata.name)
    __fsym_list_thread_name                  0x0801dcbf   Data          12  cmd.o(.rodata.name)
    __fsym_list_thread_desc                  0x0801dccb   Data          12  cmd.o(.rodata.name)
    __fsym_list_sem_name                     0x0801dcd7   Data           9  cmd.o(.rodata.name)
    __fsym_list_sem_desc                     0x0801dce0   Data          25  cmd.o(.rodata.name)
    __fsym_list_event_name                   0x0801dcf9   Data          11  cmd.o(.rodata.name)
    __fsym_list_event_desc                   0x0801dd04   Data          21  cmd.o(.rodata.name)
    __fsym_list_mutex_name                   0x0801dd19   Data          11  cmd.o(.rodata.name)
    __fsym_list_mutex_desc                   0x0801dd24   Data          21  cmd.o(.rodata.name)
    __fsym_list_mailbox_name                 0x0801dd39   Data          13  cmd.o(.rodata.name)
    __fsym_list_mailbox_desc                 0x0801dd46   Data          24  cmd.o(.rodata.name)
    __fsym_list_msgqueue_name                0x0801dd5e   Data          14  cmd.o(.rodata.name)
    __fsym_list_msgqueue_desc                0x0801dd6c   Data          29  cmd.o(.rodata.name)
    __fsym_list_mempool_name                 0x0801dd89   Data          13  cmd.o(.rodata.name)
    __fsym_list_mempool_desc                 0x0801dd96   Data          27  cmd.o(.rodata.name)
    __fsym_list_timer_name                   0x0801ddb1   Data          11  cmd.o(.rodata.name)
    __fsym_list_timer_desc                   0x0801ddbc   Data          21  cmd.o(.rodata.name)
    __fsym_list_device_name                  0x0801ddd1   Data          12  cmd.o(.rodata.name)
    __fsym_list_device_desc                  0x0801dddd   Data          22  cmd.o(.rodata.name)
    __fsym_list_name                         0x0801ddf3   Data           5  cmd.o(.rodata.name)
    __fsym_list_desc                         0x0801ddf8   Data          26  cmd.o(.rodata.name)
    __vsym_dummy_name                        0x0801de12   Data           6  cmd.o(.rodata.name)
    __vsym_dummy_desc                        0x0801de18   Data          25  cmd.o(.rodata.name)
    __rt_init_rti_start                      0x0801de34   Data           4  components.o(.rti_fn.0)
    __rt_init_rti_board_start                0x0801de38   Data           4  components.o(.rti_fn.0.end)
    __rt_init_stm32_hw_pin_init              0x0801de3c   Data           4  gpio.o(.rti_fn.1)
    __rt_init_rt_hw_i2c_init                 0x0801de40   Data           4  i2c_soft.o(.rti_fn.1)
    __rt_init_rti_board_end                  0x0801de44   Data           4  components.o(.rti_fn.1.end)
    __rt_init_rt_i2c_core_init               0x0801de48   Data           4  i2c_core.o(.rti_fn.3)
    __rt_init_finsh_system_init              0x0801de4c   Data           4  shell.o(.rti_fn.6)
    __rt_init_rti_end                        0x0801de50   Data           4  components.o(.rti_fn.6.end)
    FSymTab$$Base                            0x0801de54   Number         0  cmd.o(FSymTab)
    __fsym_hello                             0x0801de54   Data          12  cmd.o(FSymTab)
    __fsym_version                           0x0801de60   Data          12  cmd.o(FSymTab)
    __fsym_list_thread                       0x0801de6c   Data          12  cmd.o(FSymTab)
    __fsym_list_sem                          0x0801de78   Data          12  cmd.o(FSymTab)
    __fsym_list_event                        0x0801de84   Data          12  cmd.o(FSymTab)
    __fsym_list_mutex                        0x0801de90   Data          12  cmd.o(FSymTab)
    __fsym_list_mailbox                      0x0801de9c   Data          12  cmd.o(FSymTab)
    __fsym_list_msgqueue                     0x0801dea8   Data          12  cmd.o(FSymTab)
    __fsym_list_mempool                      0x0801deb4   Data          12  cmd.o(FSymTab)
    __fsym_list_timer                        0x0801dec0   Data          12  cmd.o(FSymTab)
    __fsym_list_device                       0x0801decc   Data          12  cmd.o(FSymTab)
    __fsym_list                              0x0801ded8   Data          12  cmd.o(FSymTab)
    FSymTab$$Limit                           0x0801dee4   Number         0  cmd.o(FSymTab)
    Region$$Table$$Base                      0x0801dee4   Number         0  anon$$obj.o(Region$$Table)
    Region$$Table$$Limit                     0x0801df04   Number         0  anon$$obj.o(Region$$Table)
    VSymTab$$Base                            0x0801df04   Number         0  cmd.o(VSymTab)
    __vsym_dummy                             0x0801df04   Data          16  cmd.o(VSymTab)
    VSymTab$$Limit                           0x0801df14   Number         0  cmd.o(VSymTab)
    g_userPasswordBuf                        0x20000020   Data           7  menu_proc.o(.data)
    s_blank                                  0x20000028   Data           4  menu_proc.o(.data)
    s_sum_buf_len                            0x20000038   Data           2  signal_process.o(.data)
    uart1                                    0x2000003c   Data          28  usart.o(.data)
    uart2                                    0x20000058   Data          28  usart.o(.data)
    uart3                                    0x20000074   Data          28  usart.o(.data)
    pin_irq_hdr_tab                          0x20000090   Data         192  gpio.o(.data)
    g_lcd_contrast                           0x20000150   Data           1  lcd12864.o(.data)
    SystemCoreClock                          0x2000015c   Data           4  system_stm32f10x.o(.data)
    AHBPrescTable                            0x20000160   Data          16  system_stm32f10x.o(.data)
    rt_interrupt_nest                        0x20000194   Data           1  irq.o(.data)
    rt_assert_hook                           0x200001a0   Data           4  kservice.o(.data)
    rt_object_container                      0x200001c4   Data         144  object.o(.data)
    rt_object_trytake_hook                   0x2000025c   Data           4  object.o(.data)
    rt_object_take_hook                      0x20000260   Data           4  object.o(.data)
    rt_object_put_hook                       0x20000264   Data           4  object.o(.data)
    rt_current_thread                        0x2000026c   Data           4  scheduler.o(.data)
    rt_current_priority                      0x20000270   Data           1  scheduler.o(.data)
    rt_thread_ready_priority_group           0x20000274   Data           4  scheduler.o(.data)
    rt_thread_defunct                        0x20000278   Data           8  scheduler.o(.data)
    rt_interrupt_from_thread                 0x200002a8   Data           4  cpuport.o(.data)
    rt_interrupt_to_thread                   0x200002ac   Data           4  cpuport.o(.data)
    rt_thread_switch_interrupt_flag          0x200002b0   Data           4  cpuport.o(.data)
    shell                                    0x200002b8   Data           4  shell.o(.data)
    _syscall_table_begin                     0x200002bc   Data           4  symbol.o(.data)
    _syscall_table_end                       0x200002c0   Data           4  symbol.o(.data)
    _sysvar_table_begin                      0x200002c4   Data           4  symbol.o(.data)
    _sysvar_table_end                        0x200002c8   Data           4  symbol.o(.data)
    finsh_compile_sp                         0x200002d0   Data           4  finsh_compiler.o(.data)
    finsh_compile_pc                         0x200002d4   Data           4  finsh_compiler.o(.data)
    global_errno                             0x200002d8   Data           1  finsh_error.o(.data)
    global_sysvar_list                       0x20000320   Data           4  finsh_var.o(.data)
    finsh_sp                                 0x20000324   Data           4  finsh_vm.o(.data)
    finsh_pc                                 0x20000328   Data           4  finsh_vm.o(.data)
    global_syscall_list                      0x2000032c   Data           4  finsh_vm.o(.data)
    global                                   0x20000334   Data         328  global.o(.bss)
    signal_mb                                0x2000047c   Data          48  global.o(.bss)
    sum_abs_buff                             0x20000b5c   Data         400  signal_process.o(.bss)
    g_temp                                   0x20001aa4   Data         200  sort_algorithm.o(.bss)
    serial1                                  0x20001b6c   Data          84  usart.o(.bss)
    serial2                                  0x20001bc0   Data          84  usart.o(.bss)
    serial3                                  0x20001c14   Data          84  usart.o(.bss)
    g_ADC_Buffer                             0x20001e68   Data        4000  signal_hard.o(.bss)
    g_adc_process                            0x20002e08   Data        2100  signal_hard.o(.bss)
    rt_thread_priority_table                 0x2000385c   Data         256  scheduler.o(.bss)
    finsh_heap                               0x200046a0   Data         128  finsh_heap.o(.bss)
    global_node_table                        0x20004720   Data         320  finsh_node.o(.bss)
    global_variable                          0x20004860   Data         192  finsh_var.o(.bss)
    finsh_vm_stack                           0x20004920   Data         256  finsh_vm.o(.bss)
    text_segment                             0x20004a20   Data         128  finsh_vm.o(.bss)
    Image$$RW_IRAM1$$ZI$$Limit               0x20004ea0   Number         0  anon$$obj.o ABSOLUTE
    __initial_sp                             0x20004ea0   Data           0  startup_stm32f10x_hd.o(STACK)



==============================================================================

Memory Map of the image

  Image Entry point : 0x08000131

  Load Region LR_IROM1 (Base: 0x08000000, Size: 0x0001e248, Max: 0x00040000, ABSOLUTE, COMPRESSED[0x0001dfe8])

    Execution Region ER_IROM1 (Exec base: 0x08000000, Load base: 0x08000000, Size: 0x0001df14, Max: 0x00040000, ABSOLUTE)

    Exec Addr    Load Addr    Size         Type   Attr      Idx    E Section Name        Object

    0x08000000   0x08000000   0x00000130   Data   RO         1353    RESET               startup_stm32f10x_hd.o
    0x08000130   0x08000130   0x00000000   Code   RO         2046  * .ARM.Collect$$$$00000000  mc_w.l(entry.o)
    0x08000130   0x08000130   0x00000004   Code   RO         2368    .ARM.Collect$$$$00000001  mc_w.l(entry2.o)
    0x08000134   0x08000134   0x00000004   Code   RO         2371    .ARM.Collect$$$$00000004  mc_w.l(entry5.o)
    0x08000138   0x08000138   0x00000000   Code   RO         2373    .ARM.Collect$$$$00000008  mc_w.l(entry7b.o)
    0x08000138   0x08000138   0x00000000   Code   RO         2375    .ARM.Collect$$$$0000000A  mc_w.l(entry8b.o)
    0x08000138   0x08000138   0x00000008   Code   RO         2376    .ARM.Collect$$$$0000000B  mc_w.l(entry9a.o)
    0x08000140   0x08000140   0x00000000   Code   RO         2378    .ARM.Collect$$$$0000000D  mc_w.l(entry10a.o)
    0x08000140   0x08000140   0x00000000   Code   RO         2380    .ARM.Collect$$$$0000000F  mc_w.l(entry11a.o)
    0x08000140   0x08000140   0x00000004   Code   RO         2369    .ARM.Collect$$$$00002712  mc_w.l(entry2.o)
    0x08000144   0x08000144   0x00000010   Code   RO         1572    .emb_text           cpuport.o
    0x08000154   0x08000154   0x00000044   Code   RO            3    .text               application.o
    0x08000198   0x08000198   0x000000ac   Code   RO          146    .text               startup.o
    0x08000244   0x08000244   0x000000c0   Code   RO          170    .text               global.o
    0x08000304   0x08000304   0x00000690   Code   RO          225    .text               menu_frame.o
    0x08000994   0x08000994   0x00001894   Code   RO          260    .text               menu_proc.o
    0x08002228   0x08002228   0x000000cc   Code   RO          322    .text               factory_setting.o
    0x080022f4   0x080022f4   0x00000538   Code   RO          337    .text               signal_process.o
    0x0800282c   0x0800282c   0x00000264   Code   RO          362    .text               main_app.o
    0x08002a90   0x08002a90   0x00000118   Code   RO          385    .text               sort_algorithm.o
    0x08002ba8   0x08002ba8   0x00000098   Code   RO          406    .text               board.o
    0x08002c40   0x08002c40   0x0000001a   Code   RO          433    .text               stm32f10x_it.o
    0x08002c5a   0x08002c5a   0x00000002   PAD
    0x08002c5c   0x08002c5c   0x00000604   Code   RO          456    .text               usart.o
    0x08003260   0x08003260   0x00000524   Code   RO          485    .text               gpio.o
    0x08003784   0x08003784   0x00000500   Code   RO          514    .text               lcd12864.o
    0x08003c84   0x08003c84   0x0000008c   Code   RO          557    .text               hz_fonts.o
    0x08003d10   0x08003d10   0x000001b4   Code   RO          578    .text               bsp_24xx02.o
    0x08003ec4   0x08003ec4   0x00000200   Code   RO          612    .text               bsp_i2c_gpio.o
    0x080040c4   0x080040c4   0x000004bc   Code   RO          632    .text               bsp_button.o
    0x08004580   0x08004580   0x000001c0   Code   RO          662    .text               spi_1_soft.o
    0x08004740   0x08004740   0x000001ac   Code   RO          684    .text               spi_2_soft.o
    0x080048ec   0x080048ec   0x000000b8   Code   RO          704    .text               mcp41xxx.o
    0x080049a4   0x080049a4   0x0000014c   Code   RO          744    .text               i2c_core.o
    0x08004af0   0x08004af0   0x000001dc   Code   RO          760    .text               i2c_dev.o
    0x08004ccc   0x08004ccc   0x00000460   Code   RO          773    .text               i2c-bit-ops.o
    0x0800512c   0x0800512c   0x000000f8   Code   RO          789    .text               i2c_soft.o
    0x08005224   0x08005224   0x000004bc   Code   RO          838    .text               signal_hard.o
    0x080056e0   0x080056e0   0x000001e0   Code   RO          865    .text               system_stm32f10x.o
    0x080058c0   0x080058c0   0x00000844   Code   RO          911    .text               stm32f10x_rcc.o
    0x08006104   0x08006104   0x000002e4   Code   RO          973    .text               stm32f10x_exti.o
    0x080063e8   0x080063e8   0x00000ed4   Code   RO         1033    .text               stm32f10x_adc.o
    0x080072bc   0x080072bc   0x0000377c   Code   RO         1113    .text               stm32f10x_tim.o
    0x0800aa38   0x0800aa38   0x00000a80   Code   RO         1213    .text               stm32f10x_gpio.o
    0x0800b4b8   0x0800b4b8   0x00000dc0   Code   RO         1233    .text               stm32f10x_usart.o
    0x0800c278   0x0800c278   0x00000944   Code   RO         1273    .text               stm32f10x_dma.o
    0x0800cbbc   0x0800cbbc   0x000001e4   Code   RO         1333    .text               misc.o
    0x0800cda0   0x0800cda0   0x00000024   Code   RO         1354    .text               startup_stm32f10x_hd.o
    0x0800cdc4   0x0800cdc4   0x00000060   Code   RO         1358    .text               clock.o
    0x0800ce24   0x0800ce24   0x00000324   Code   RO         1372    .text               device.o
    0x0800d148   0x0800d148   0x00000138   Code   RO         1386    .text               idle.o
    0x0800d280   0x0800d280   0x00001660   Code   RO         1406    .text               ipc.o
    0x0800e8e0   0x0800e8e0   0x0000007c   Code   RO         1423    .text               irq.o
    0x0800e95c   0x0800e95c   0x00000a60   Code   RO         1438    .text               kservice.o
    0x0800f3bc   0x0800f3bc   0x00000818   Code   RO         1458    .text               mem.o
    0x0800fbd4   0x0800fbd4   0x000002dc   Code   RO         1493    .text               object.o
    0x0800feb0   0x0800feb0   0x000002e4   Code   RO         1512    .text               scheduler.o
    0x08010194   0x08010194   0x00000604   Code   RO         1533    .text               thread.o
    0x08010798   0x08010798   0x000005b8   Code   RO         1552    .text               timer.o
    0x08010d50   0x08010d50   0x0000027c   Code   RO         1573    .text               cpuport.o
    0x08010fcc   0x08010fcc   0x000000f0   Code   RO         1592    .text               context_rvds.o
    0x080110bc   0x080110bc   0x00000c00   Code   RO         1630    .text               serial.o
    0x08011cbc   0x08011cbc   0x000001c8   Code   RO         1643    .text               completion.o
    0x08011e84   0x08011e84   0x00000424   Code   RO         1659    .text               dataqueue.o
    0x080122a8   0x080122a8   0x00000250   Code   RO         1745    .text               pin.o
    0x080124f8   0x080124f8   0x00000984   Code   RO         1760    .text               shell.o
    0x08012e7c   0x08012e7c   0x00000d84   Code   RO         1808    .text               cmd.o
    0x08013c00   0x08013c00   0x00001818   Code   RO         1832    .text               finsh_compiler.o
    0x08015418   0x08015418   0x0000002c   Code   RO         1869    .text               finsh_error.o
    0x08015444   0x08015444   0x00000210   Code   RO         1885    .text               finsh_heap.o
    0x08015654   0x08015654   0x00000058   Code   RO         1901    .text               finsh_init.o
    0x080156ac   0x080156ac   0x00000184   Code   RO         1919    .text               finsh_node.o
    0x08015830   0x08015830   0x00000ad8   Code   RO         1934    .text               finsh_ops.o
    0x08016308   0x08016308   0x0000097c   Code   RO         1952    .text               finsh_parser.o
    0x08016c84   0x08016c84   0x0000019c   Code   RO         1967    .text               finsh_var.o
    0x08016e20   0x08016e20   0x000000e4   Code   RO         1990    .text               finsh_vm.o
    0x08016f04   0x08016f04   0x00000680   Code   RO         2013    .text               finsh_token.o
    0x08017584   0x08017584   0x00000044   Code   RO         2028    .text               components.o
    0x080175c8   0x080175c8   0x00000024   Code   RO         2049    .text               mc_w.l(memcpya.o)
    0x080175ec   0x080175ec   0x00000024   Code   RO         2051    .text               mc_w.l(memseta.o)
    0x08017610   0x08017610   0x00000018   Code   RO         2053    .text               mc_w.l(strncpy.o)
    0x08017628   0x08017628   0x00000014   Code   RO         2055    .text               mc_w.l(strchr.o)
    0x0801763c   0x0801763c   0x0000000e   Code   RO         2057    .text               mc_w.l(strlen.o)
    0x0801764a   0x0801764a   0x0000001c   Code   RO         2059    .text               mc_w.l(strcmp.o)
    0x08017666   0x08017666   0x0000001a   Code   RO         2061    .text               mc_w.l(memcmp.o)
    0x08017680   0x08017680   0x00000028   Code   RO         2063    .text               mc_w.l(strncat.o)
    0x080176a8   0x080176a8   0x00000012   Code   RO         2065    .text               mc_w.l(strcpy.o)
    0x080176ba   0x080176ba   0x0000001e   Code   RO         2067    .text               mc_w.l(strncmp.o)
    0x080176d8   0x080176d8   0x00000038   Code   RO         2332    .text               mc_w.l(__0sscanf.o)
    0x08017710   0x08017710   0x0000014c   Code   RO         2334    .text               mc_w.l(_scanf_int.o)
    0x0801785c   0x0801785c   0x00000360   Code   RO         2336    .text               mc_w.l(scanf_fp.o)
    0x08017bbc   0x08017bbc   0x0000001a   Code   RO         2340    .text               mc_w.l(atoi.o)
    0x08017bd6   0x08017bd6   0x000000b0   Code   RO         2342    .text               mf_w.l(fadd.o)
    0x08017c86   0x08017c86   0x0000007c   Code   RO         2344    .text               mf_w.l(fdiv.o)
    0x08017d02   0x08017d02   0x00000012   Code   RO         2346    .text               mf_w.l(fflti.o)
    0x08017d14   0x08017d14   0x0000000a   Code   RO         2348    .text               mf_w.l(ffltui.o)
    0x08017d1e   0x08017d1e   0x0000001a   Code   RO         2350    .text               mf_w.l(dfltui.o)
    0x08017d38   0x08017d38   0x00000028   Code   RO         2352    .text               mf_w.l(ffixui.o)
    0x08017d60   0x08017d60   0x0000003e   Code   RO         2354    .text               mf_w.l(dfixi.o)
    0x08017d9e   0x08017d9e   0x00000032   Code   RO         2356    .text               mf_w.l(dfixui.o)
    0x08017dd0   0x08017dd0   0x00000026   Code   RO         2358    .text               mf_w.l(f2d.o)
    0x08017df6   0x08017df6   0x00000002   PAD
    0x08017df8   0x08017df8   0x00000030   Code   RO         2360    .text               mf_w.l(cdcmple.o)
    0x08017e28   0x08017e28   0x00000030   Code   RO         2362    .text               mf_w.l(cdrcmple.o)
    0x08017e58   0x08017e58   0x00000038   Code   RO         2364    .text               mf_w.l(d2f.o)
    0x08017e90   0x08017e90   0x00000014   Code   RO         2366    .text               mf_w.l(cfrcmple.o)
    0x08017ea4   0x08017ea4   0x0000002c   Code   RO         2385    .text               mc_w.l(uidiv.o)
    0x08017ed0   0x08017ed0   0x00000062   Code   RO         2387    .text               mc_w.l(uldiv.o)
    0x08017f32   0x08017f32   0x00000020   Code   RO         2389    .text               mc_w.l(llushr.o)
    0x08017f52   0x08017f52   0x0000001c   Code   RO         2398    .text               mc_w.l(_chval.o)
    0x08017f6e   0x08017f6e   0x00000002   PAD
    0x08017f70   0x08017f70   0x00000028   Code   RO         2400    .text               mc_w.l(scanf_char.o)
    0x08017f98   0x08017f98   0x00000040   Code   RO         2402    .text               mc_w.l(_sgetc.o)
    0x08017fd8   0x08017fd8   0x00000070   Code   RO         2404    .text               mc_w.l(strtol.o)
    0x08018048   0x08018048   0x00000000   Code   RO         2406    .text               mc_w.l(iusefp.o)
    0x08018048   0x08018048   0x0000006e   Code   RO         2407    .text               mf_w.l(fepilogue.o)
    0x080180b6   0x080180b6   0x000000ba   Code   RO         2409    .text               mf_w.l(depilogue.o)
    0x08018170   0x08018170   0x0000014e   Code   RO         2411    .text               mf_w.l(dadd.o)
    0x080182be   0x080182be   0x000000e4   Code   RO         2413    .text               mf_w.l(dmul.o)
    0x080183a2   0x080183a2   0x000000de   Code   RO         2415    .text               mf_w.l(ddiv.o)
    0x08018480   0x08018480   0x00000018   Code   RO         2417    .text               mf_w.l(dfltul.o)
    0x08018498   0x08018498   0x00000030   Code   RO         2419    .text               mf_w.l(dfixul.o)
    0x080184c8   0x080184c8   0x00000024   Code   RO         2421    .text               mc_w.l(init.o)
    0x080184ec   0x080184ec   0x0000001e   Code   RO         2424    .text               mc_w.l(llshl.o)
    0x0801850a   0x0801850a   0x00000024   Code   RO         2426    .text               mc_w.l(llsshr.o)
    0x0801852e   0x0801852e   0x00000002   PAD
    0x08018530   0x08018530   0x00000008   Code   RO         2430    .text               mc_w.l(ctype_o.o)
    0x08018538   0x08018538   0x00000012   Code   RO         2452    .text               mc_w.l(isspace_o.o)
    0x0801854a   0x0801854a   0x00000002   PAD
    0x0801854c   0x0801854c   0x0000032c   Code   RO         2458    .text               mc_w.l(_scanf.o)
    0x08018878   0x08018878   0x0000009e   Code   RO         2460    .text               mc_w.l(_strtoul.o)
    0x08018916   0x08018916   0x00000056   Code   RO         2474    .text               mc_w.l(__dczerorl2.o)
    0x0801896c   0x0801896c   0x00000030   Code   RO         2305    i.__0snprintf       mc_w.l(printfa.o)
    0x0801899c   0x0801899c   0x00000008   Code   RO         2391    i.__aeabi_errno_addr  mc_w.l(errno.o)
    0x080189a4   0x080189a4   0x0000000e   Code   RO         2468    i.__scatterload_copy  mc_w.l(handlers.o)
    0x080189b2   0x080189b2   0x00000002   Code   RO         2469    i.__scatterload_null  mc_w.l(handlers.o)
    0x080189b4   0x080189b4   0x0000000e   Code   RO         2470    i.__scatterload_zeroinit  mc_w.l(handlers.o)
    0x080189c2   0x080189c2   0x00000002   PAD
    0x080189c4   0x080189c4   0x00000184   Code   RO         2311    i._fp_digits        mc_w.l(printfa.o)
    0x08018b48   0x08018b48   0x0000000e   Code   RO         2338    i._is_digit         mc_w.l(scanf_fp.o)
    0x08018b56   0x08018b56   0x00000002   PAD
    0x08018b58   0x08018b58   0x000006dc   Code   RO         2312    i._printf_core      mc_w.l(printfa.o)
    0x08019234   0x08019234   0x00000024   Code   RO         2313    i._printf_post_padding  mc_w.l(printfa.o)
    0x08019258   0x08019258   0x0000002e   Code   RO         2314    i._printf_pre_padding  mc_w.l(printfa.o)
    0x08019286   0x08019286   0x00000016   Code   RO         2315    i._snputc           mc_w.l(printfa.o)
    0x0801929c   0x0801929c   0x000002c4   Data   RO          262    .constdata          menu_proc.o
    0x08019560   0x08019560   0x00000034   Data   RO          323    .constdata          factory_setting.o
    0x08019594   0x08019594   0x0000005c   Data   RO          458    .constdata          usart.o
    0x080195f0   0x080195f0   0x00000728   Data   RO          486    .constdata          gpio.o
    0x08019d18   0x08019d18   0x00000800   Data   RO          550    .constdata          asc16.o
    0x0801a518   0x0801a518   0x0000246c   Data   RO          558    .constdata          hz_fonts.o
    0x0801c984   0x0801c984   0x00000013   Data   RO          745    .constdata          i2c_core.o
    0x0801c997   0x0801c997   0x0000005e   Data   RO          761    .constdata          i2c_dev.o
    0x0801c9f5   0x0801c9f5   0x00000003   PAD
    0x0801c9f8   0x0801c9f8   0x0000000c   Data   RO          774    .constdata          i2c-bit-ops.o
    0x0801ca04   0x0801ca04   0x00000020   Data   RO          791    .constdata          i2c_soft.o
    0x0801ca24   0x0801ca24   0x000000a8   Data   RO         1373    .constdata          device.o
    0x0801cacc   0x0801cacc   0x00000016   Data   RO         1388    .constdata          idle.o
    0x0801cae2   0x0801cae2   0x000001d7   Data   RO         1407    .constdata          ipc.o
    0x0801ccb9   0x0801ccb9   0x00000022   Data   RO         1440    .constdata          kservice.o
    0x0801ccdb   0x0801ccdb   0x00000046   Data   RO         1460    .constdata          mem.o
    0x0801cd21   0x0801cd21   0x0000005e   Data   RO         1494    .constdata          object.o
    0x0801cd7f   0x0801cd7f   0x0000004e   Data   RO         1514    .constdata          scheduler.o
    0x0801cdcd   0x0801cdcd   0x000000aa   Data   RO         1534    .constdata          thread.o
    0x0801ce77   0x0801ce77   0x0000005c   Data   RO         1554    .constdata          timer.o
    0x0801ced3   0x0801ced3   0x00000013   Data   RO         1574    .constdata          cpuport.o
    0x0801cee6   0x0801cee6   0x00000124   Data   RO         1631    .constdata          serial.o
    0x0801d00a   0x0801d00a   0x00000039   Data   RO         1644    .constdata          completion.o
    0x0801d043   0x0801d043   0x0000004b   Data   RO         1660    .constdata          dataqueue.o
    0x0801d08e   0x0801d08e   0x0000007b   Data   RO         1747    .constdata          pin.o
    0x0801d109   0x0801d109   0x0000005b   Data   RO         1762    .constdata          shell.o
    0x0801d164   0x0801d164   0x00000050   Data   RO         1809    .constdata          cmd.o
    0x0801d1b4   0x0801d1b4   0x000000c4   Data   RO         1935    .constdata          finsh_ops.o
    0x0801d278   0x0801d278   0x00000040   Data   RO         2014    .constdata          finsh_token.o
    0x0801d2b8   0x0801d2b8   0x00000081   Data   RO         2431    .constdata          mc_w.l(ctype_o.o)
    0x0801d339   0x0801d339   0x00000003   PAD
    0x0801d33c   0x0801d33c   0x00000004   Data   RO         2432    .constdata          mc_w.l(ctype_o.o)
    0x0801d340   0x0801d340   0x000005b9   Data   RO          263    .conststring        menu_proc.o
    0x0801d8f9   0x0801d8f9   0x00000003   PAD
    0x0801d8fc   0x0801d8fc   0x000000ed   Data   RO         1461    .conststring        mem.o
    0x0801d9e9   0x0801d9e9   0x00000003   PAD
    0x0801d9ec   0x0801d9ec   0x0000015d   Data   RO         1810    .conststring        cmd.o
    0x0801db49   0x0801db49   0x00000003   PAD
    0x0801db4c   0x0801db4c   0x000000f3   Data   RO         1870    .conststring        finsh_error.o
    0x0801dc3f   0x0801dc3f   0x00000001   PAD
    0x0801dc40   0x0801dc40   0x0000003e   Data   RO         2015    .conststring        finsh_token.o
    0x0801dc7e   0x0801dc7e   0x000001b3   Data   RO         1812    .rodata.name        cmd.o
    0x0801de31   0x0801de31   0x00000003   PAD
    0x0801de34   0x0801de34   0x00000004   Data   RO         2029    .rti_fn.0           components.o
    0x0801de38   0x0801de38   0x00000004   Data   RO         2030    .rti_fn.0.end       components.o
    0x0801de3c   0x0801de3c   0x00000004   Data   RO          488    .rti_fn.1           gpio.o
    0x0801de40   0x0801de40   0x00000004   Data   RO          792    .rti_fn.1           i2c_soft.o
    0x0801de44   0x0801de44   0x00000004   Data   RO         2031    .rti_fn.1.end       components.o
    0x0801de48   0x0801de48   0x00000004   Data   RO          746    .rti_fn.3           i2c_core.o
    0x0801de4c   0x0801de4c   0x00000004   Data   RO         1764    .rti_fn.6           shell.o
    0x0801de50   0x0801de50   0x00000004   Data   RO         2032    .rti_fn.6.end       components.o
    0x0801de54   0x0801de54   0x00000090   Data   RO         1813    FSymTab             cmd.o
    0x0801dee4   0x0801dee4   0x00000020   Data   RO         2466    Region$$Table       anon$$obj.o
    0x0801df04   0x0801df04   0x00000010   Data   RO         1814    VSymTab             cmd.o


    Execution Region RW_IRAM1 (Exec base: 0x20000000, Load base: 0x0801df14, Size: 0x00004ea0, Max: 0x0000c000, ABSOLUTE, COMPRESSED[0x000000d4])

    Exec Addr    Load Addr    Size         Type   Attr      Idx    E Section Name        Object

    0x20000000   COMPRESSED   0x0000001e   Data   RW          227    .data               menu_frame.o
    0x2000001e   COMPRESSED   0x00000002   PAD
    0x20000020   COMPRESSED   0x00000017   Data   RW          264    .data               menu_proc.o
    0x20000037   COMPRESSED   0x00000001   PAD
    0x20000038   COMPRESSED   0x00000002   Data   RW          339    .data               signal_process.o
    0x2000003a   COMPRESSED   0x00000002   PAD
    0x2000003c   COMPRESSED   0x00000054   Data   RW          459    .data               usart.o
    0x20000090   COMPRESSED   0x000000c0   Data   RW          487    .data               gpio.o
    0x20000150   COMPRESSED   0x00000001   Data   RW          516    .data               lcd12864.o
    0x20000151   COMPRESSED   0x00000001   Data   RW          579    .data               bsp_24xx02.o
    0x20000152   COMPRESSED   0x00000001   Data   RW          634    .data               bsp_button.o
    0x20000153   COMPRESSED   0x00000001   Data   RW          663    .data               spi_1_soft.o
    0x20000154   COMPRESSED   0x00000001   Data   RW          685    .data               spi_2_soft.o
    0x20000155   COMPRESSED   0x00000001   Data   RW          705    .data               mcp41xxx.o
    0x20000156   COMPRESSED   0x00000004   Data   RW          840    .data               signal_hard.o
    0x2000015a   COMPRESSED   0x00000002   PAD
    0x2000015c   COMPRESSED   0x00000014   Data   RW          866    .data               system_stm32f10x.o
    0x20000170   COMPRESSED   0x00000014   Data   RW          912    .data               stm32f10x_rcc.o
    0x20000184   COMPRESSED   0x00000004   Data   RW         1359    .data               clock.o
    0x20000188   COMPRESSED   0x00000004   Data   RW         1389    .data               idle.o
    0x2000018c   COMPRESSED   0x00000009   Data   RW         1424    .data               irq.o
    0x20000195   COMPRESSED   0x00000003   PAD
    0x20000198   COMPRESSED   0x0000000c   Data   RW         1441    .data               kservice.o
    0x200001a4   COMPRESSED   0x00000020   Data   RW         1462    .data               mem.o
    0x200001c4   COMPRESSED   0x000000a4   Data   RW         1495    .data               object.o
    0x20000268   COMPRESSED   0x0000001c   Data   RW         1515    .data               scheduler.o
    0x20000284   COMPRESSED   0x0000000c   Data   RW         1535    .data               thread.o
    0x20000290   COMPRESSED   0x00000018   Data   RW         1555    .data               timer.o
    0x200002a8   COMPRESSED   0x00000010   Data   RW         1575    .data               cpuport.o
    0x200002b8   COMPRESSED   0x00000004   Data   RW         1763    .data               shell.o
    0x200002bc   COMPRESSED   0x00000010   Data   RW         1795    .data               symbol.o
    0x200002cc   COMPRESSED   0x00000004   Data   RW         1811    .data               cmd.o
    0x200002d0   COMPRESSED   0x00000008   Data   RW         1833    .data               finsh_compiler.o
    0x200002d8   COMPRESSED   0x00000040   Data   RW         1871    .data               finsh_error.o
    0x20000318   COMPRESSED   0x00000008   Data   RW         1887    .data               finsh_heap.o
    0x20000320   COMPRESSED   0x00000004   Data   RW         1969    .data               finsh_var.o
    0x20000324   COMPRESSED   0x0000000c   Data   RW         1992    .data               finsh_vm.o
    0x20000330   COMPRESSED   0x00000004   Data   RW         2394    .data               mc_w.l(errno.o)
    0x20000334        -       0x000001f8   Zero   RW          171    .bss                global.o
    0x2000052c        -       0x000000f0   Zero   RW          226    .bss                menu_frame.o
    0x2000061c   COMPRESSED   0x00000004   PAD
    0x20000620        -       0x000000b9   Zero   RW          261    .bss                menu_proc.o
    0x200006d9   COMPRESSED   0x00000003   PAD
    0x200006dc        -       0x0000069c   Zero   RW          338    .bss                signal_process.o
    0x20000d78        -       0x00000d2c   Zero   RW          363    .bss                main_app.o
    0x20001aa4        -       0x000000c8   Zero   RW          386    .bss                sort_algorithm.o
    0x20001b6c        -       0x000000fc   Zero   RW          457    .bss                usart.o
    0x20001c68        -       0x00000100   Zero   RW          515    .bss                lcd12864.o
    0x20001d68        -       0x00000086   Zero   RW          633    .bss                bsp_button.o
    0x20001dee   COMPRESSED   0x00000002   PAD
    0x20001df0        -       0x00000078   Zero   RW          790    .bss                i2c_soft.o
    0x20001e68        -       0x000017d4   Zero   RW          839    .bss                signal_hard.o
    0x2000363c        -       0x00000180   Zero   RW         1387    .bss                idle.o
    0x200037bc        -       0x00000080   Zero   RW         1439    .bss                kservice.o
    0x2000383c        -       0x00000020   Zero   RW         1459    .bss                mem.o
    0x2000385c        -       0x00000100   Zero   RW         1513    .bss                scheduler.o
    0x2000395c        -       0x00000480   Zero   RW         1553    .bss                timer.o
    0x20003ddc        -       0x00000044   Zero   RW         1746    .bss                pin.o
    0x20003e20        -       0x00000880   Zero   RW         1761    .bss                shell.o
    0x200046a0        -       0x00000080   Zero   RW         1886    .bss                finsh_heap.o
    0x20004720        -       0x00000140   Zero   RW         1920    .bss                finsh_node.o
    0x20004860        -       0x000000c0   Zero   RW         1968    .bss                finsh_var.o
    0x20004920        -       0x00000180   Zero   RW         1991    .bss                finsh_vm.o
    0x20004aa0        -       0x00000400   Zero   RW         1351    STACK               startup_stm32f10x_hd.o


==============================================================================

Image component sizes


      Code (inc. data)   RO Data    RW Data    ZI Data      Debug   Object Name

        68         10          0          0          0     284555   application.o
         0          0       2048          0          0        402   asc16.o
       152         22          0          0          0      22953   board.o
       436         42          0          1          0       2340   bsp_24xx02.o
      1212         84          0          1        134       6026   bsp_button.o
       512          8          0          0          0       2624   bsp_i2c_gpio.o
        96          4          0          4          0       1400   clock.o
      3460       1300       1024          4          0      11755   cmd.o
       456        124         57          0          0       3091   completion.o
        68         12         16          0          0       1752   components.o
       240         26          0          0          0        748   context_rvds.o
       652        348         19         16          0       3491   cpuport.o
      1060        114         75          0          0       6205   dataqueue.o
       804        132        168          0          0       4829   device.o
       204          6         52          0          0       1601   factory_setting.o
      6168        154          0          8          0      10798   finsh_compiler.o
        44         10        243         64          0       1601   finsh_error.o
       528         18          0          8        128       3375   finsh_heap.o
        88          6          0          0          0       1564   finsh_init.o
       388          4          0          0        320       3300   finsh_node.o
      2776         36        196          0          0       8648   finsh_ops.o
      2428         32          0          0          0       9721   finsh_parser.o
      1664         16        126          0          0       6204   finsh_token.o
       412         18          0          4        192       7309   finsh_var.o
       228         34          0         12        384       6384   finsh_vm.o
         0          0          0          0          0        928   fm24clxx.o
       192         10          0          0        504       3039   global.o
      1316         20       1836        192          0       6617   gpio.o
       140          8       9324          0          0       2242   hz_fonts.o
      1120          6         12          0          0       6405   i2c-bit-ops.o
       332         38         23          0          0       3168   i2c_core.o
       476        132         94          0          0       2460   i2c_dev.o
       248         24         36          0        120       2326   i2c_soft.o
       312         74         22          4        384       3293   idle.o
      5728        420        471          0          0      20259   ipc.o
       124         14          0          9          0       1776   irq.o
      2656        224         34         12        128      11855   kservice.o
      1280         62          0          1        256       5237   lcd12864.o
       612        260          0          0       3372       2107   main_app.o
       184          4          0          1          0       1258   mcp41xxx.o
      2072        490        307         32         32       4974   mem.o
      1680        144          0         30        240       5996   menu_frame.o
      6292        580       2173         23        185      47301   menu_proc.o
       484         72          0          0          0       2097   misc.o
       732        150         94        164          0       5888   object.o
       592         94        123          0         68       4366   pin.o
       740        150         78         28        256       4841   scheduler.o
      3072        434        292          0          0       9285   serial.o
      2436        262         95          4       2176      10142   shell.o
      1212         66          0          4       6100       3680   signal_hard.o
      1336         74          0          2       1692       2966   signal_process.o
       280          6          0          0        200       2065   sort_algorithm.o
       448         10          0          1          0       2170   spi_1_soft.o
       428          8          0          1          0       2166   spi_2_soft.o
       172         88          0          0          0       1207   startup.o
        36          8        304          0       1024        880   startup_stm32f10x_hd.o
      3796        130          0          0          0      13673   stm32f10x_adc.o
      2372        176          0          0          0       5662   stm32f10x_dma.o
       740         70          0          0          0       2707   stm32f10x_exti.o
      2688        210          0          0          0       7381   stm32f10x_gpio.o
        26          0          0          0          0       1329   stm32f10x_it.o
      2116        112          0         20          0      10372   stm32f10x_rcc.o
     14204        840          0          0          0      31744   stm32f10x_tim.o
      3520        146          0          0          0      10744   stm32f10x_usart.o
         0          0          0         16          0       4257   symbol.o
       480         38          0         20          0       1967   system_stm32f10x.o
      1540        220        170         12          0       8633   thread.o
      1464        140         92         24       1152       7695   timer.o
      1540        156         92         84        252      28071   usart.o

    ----------------------------------------------------------------------
     95364       8730      19744        816      19308     729905   Object Totals
         0          0         32          0          0          0   (incl. Generated)
         2          0         16         10          9          0   (incl. Padding)

    ----------------------------------------------------------------------

      Code (inc. data)   RO Data    RW Data    ZI Data      Debug   Library Member Name

        56          8          0          0          0         84   __0sscanf.o
        86          0          0          0          0          0   __dczerorl2.o
        28          0          0          0          0         68   _chval.o
       812          4          0          0          0        112   _scanf.o
       332          0          0          0          0         96   _scanf_int.o
        64          0          0          0          0         84   _sgetc.o
       158          0          0          0          0         92   _strtoul.o
        26          0          0          0          0         80   atoi.o
         8          4        133          0          0         68   ctype_o.o
         0          0          0          0          0          0   entry.o
         0          0          0          0          0          0   entry10a.o
         0          0          0          0          0          0   entry11a.o
         8          4          0          0          0          0   entry2.o
         4          0          0          0          0          0   entry5.o
         0          0          0          0          0          0   entry7b.o
         0          0          0          0          0          0   entry8b.o
         8          4          0          0          0          0   entry9a.o
         8          4          0          4          0         68   errno.o
        30          0          0          0          0          0   handlers.o
        36          8          0          0          0         68   init.o
        18          0          0          0          0         76   isspace_o.o
         0          0          0          0          0          0   iusefp.o
        30          0          0          0          0         68   llshl.o
        36          0          0          0          0         68   llsshr.o
        32          0          0          0          0         68   llushr.o
        26          0          0          0          0         80   memcmp.o
        36          0          0          0          0         68   memcpya.o
        36          0          0          0          0        108   memseta.o
      2296         84          0          0          0        520   printfa.o
        40          8          0          0          0         84   scanf_char.o
       878         12          0          0          0        216   scanf_fp.o
        20          0          0          0          0         68   strchr.o
        28          0          0          0          0         76   strcmp.o
        18          0          0          0          0         68   strcpy.o
        14          0          0          0          0         68   strlen.o
        40          0          0          0          0         76   strncat.o
        30          0          0          0          0         80   strncmp.o
        24          0          0          0          0         76   strncpy.o
       112          0          0          0          0         88   strtol.o
        44          0          0          0          0         80   uidiv.o
        98          0          0          0          0         92   uldiv.o
        48          0          0          0          0         68   cdcmple.o
        48          0          0          0          0         68   cdrcmple.o
        20          0          0          0          0         68   cfrcmple.o
        56          0          0          0          0         88   d2f.o
       334          0          0          0          0        148   dadd.o
       222          0          0          0          0        100   ddiv.o
       186          0          0          0          0        176   depilogue.o
        62          0          0          0          0         80   dfixi.o
        50          0          0          0          0         76   dfixui.o
        48          0          0          0          0         68   dfixul.o
        26          0          0          0          0         76   dfltui.o
        24          0          0          0          0         76   dfltul.o
       228          0          0          0          0         96   dmul.o
        38          0          0          0          0         68   f2d.o
       176          0          0          0          0        140   fadd.o
       124          0          0          0          0         88   fdiv.o
       110          0          0          0          0        168   fepilogue.o
        40          0          0          0          0         68   ffixui.o
        18          0          0          0          0         68   fflti.o
        10          0          0          0          0         68   ffltui.o

    ----------------------------------------------------------------------
      7400        140        136          4          0       4804   Library Totals
        12          0          3          0          0          0   (incl. Padding)

    ----------------------------------------------------------------------

      Code (inc. data)   RO Data    RW Data    ZI Data      Debug   Library Name

      5520        140        133          4          0       2948   mc_w.l
      1868          0          0          0          0       1856   mf_w.l

    ----------------------------------------------------------------------
      7400        140        136          4          0       4804   Library Totals

    ----------------------------------------------------------------------

==============================================================================


      Code (inc. data)   RO Data    RW Data    ZI Data      Debug   

    102764       8870      19880        820      19308     726569   Grand Totals
    102764       8870      19880        212      19308     726569   ELF Image Totals (compressed)
    102764       8870      19880        212          0          0   ROM Totals

==============================================================================

    Total RO  Size (Code + RO Data)               122644 ( 119.77kB)
    Total RW  Size (RW Data + ZI Data)             20128 (  19.66kB)
    Total ROM Size (Code + RO Data + RW Data)     122856 ( 119.98kB)

==============================================================================

