Component: ARM Compiler 5.06 update 5 (build 528) Tool: armlink [4d35e2]

==============================================================================

Section Cross References

    application.o(i.rt_application_init) refers to thread.o(i.rt_thread_create) for rt_thread_create
    application.o(i.rt_application_init) refers to thread.o(i.rt_thread_startup) for rt_thread_startup
    application.o(i.rt_application_init) refers to application.o(i.rt_init_thread_entry) for rt_init_thread_entry
    application.o(i.rt_init_thread_entry) refers to components.o(i.rt_components_init) for rt_components_init
    application.o(i.rt_init_thread_entry) refers to main_app.o(i.rt_main_app_init) for rt_main_app_init
    application.o(i.rt_init_thread_entry) refers to thread.o(i.rt_thread_delay) for rt_thread_delay
    startup.o(i.assert_failed) refers to kservice.o(i.rt_kprintf) for rt_kprintf
    startup.o(i.main) refers to context_rvds.o(.text) for rt_hw_interrupt_disable
    startup.o(i.main) refers to startup.o(i.rtthread_startup) for rtthread_startup
    startup.o(i.rtthread_startup) refers to board.o(i.rt_hw_board_init) for rt_hw_board_init
    startup.o(i.rtthread_startup) refers to mem.o(i.rt_system_heap_init) for rt_system_heap_init
    startup.o(i.rtthread_startup) refers to scheduler.o(i.rt_system_scheduler_init) for rt_system_scheduler_init
    startup.o(i.rtthread_startup) refers to timer.o(i.rt_system_timer_init) for rt_system_timer_init
    startup.o(i.rtthread_startup) refers to timer.o(i.rt_system_timer_thread_init) for rt_system_timer_thread_init
    startup.o(i.rtthread_startup) refers to application.o(i.rt_application_init) for rt_application_init
    startup.o(i.rtthread_startup) refers to idle.o(i.rt_thread_idle_init) for rt_thread_idle_init
    startup.o(i.rtthread_startup) refers to scheduler.o(i.rt_system_scheduler_start) for rt_system_scheduler_start
    global.o(i.default_init) refers to global.o(.bss) for global
    global.o(i.get_language) refers to global.o(.bss) for global
    global.o(i.global_init) refers to global.o(i.default_init) for default_init
    global.o(i.global_init) refers to device.o(i.rt_device_read) for rt_device_read
    global.o(i.global_init) refers to kservice.o(i.rt_get_errno) for rt_get_errno
    global.o(i.global_init) refers to thread.o(i.rt_thread_delay) for rt_thread_delay
    global.o(i.global_init) refers to factory_setting.o(i.full_reset_eeprom) for full_reset_eeprom
    global.o(i.global_init) refers to factory_setting.o(i.restore_factory_settings) for restore_factory_settings
    global.o(i.global_init) refers to device.o(i.rt_device_write) for rt_device_write
    global.o(i.global_init) refers to printfa.o(i.__0snprintf) for __2snprintf
    global.o(i.global_init) refers to global.o(.data) for mb85_bus
    global.o(i.global_init) refers to global.o(.bss) for global
    menu_frame.o(i.deepth_indexstk) refers to menu_frame.o(.data) for s_IndexStackPtr
    menu_frame.o(i.disp_node) refers to global.o(i.get_language) for get_language
    menu_frame.o(i.disp_node) refers to printfa.o(i.__0snprintf) for __2snprintf
    menu_frame.o(i.disp_node) refers to lcd12864.o(i.LCD_DisplayString) for LCD_DisplayString
    menu_frame.o(i.disp_node) refers to menu_frame.o(.data) for s_CurrLine
    menu_frame.o(i.disp_node) refers to menu_frame.o(.bss) for s_disp_ram
    menu_frame.o(i.get_curr_index) refers to _scanf_int.o(.text) for _scanf_int
    menu_frame.o(i.get_curr_index) refers to strchr.o(.text) for strchr
    menu_frame.o(i.get_curr_index) refers to __0sscanf.o(.text) for __0sscanf
    menu_frame.o(i.get_curr_index) refers to menu_frame.o(.data) for psMenuCurr
    menu_frame.o(i.is_indexstk_empty) refers to menu_frame.o(.data) for s_IndexStackPtr
    menu_frame.o(i.jump2func) refers to menu_frame.o(.data) for s_FuncReload
    menu_frame.o(i.jump2menu) refers to strncpy.o(.text) for strncpy
    menu_frame.o(i.jump2menu) refers to strncat.o(.text) for strncat
    menu_frame.o(i.jump2menu) refers to menu_frame.o(i.update_node_list) for update_node_list
    menu_frame.o(i.jump2menu) refers to menu_frame.o(.data) for s_MenuStatus
    menu_frame.o(i.jump2menu) refers to menu_frame.o(.bss) for s_IndexPtrStack
    menu_frame.o(i.leaf_exit) refers to menu_frame.o(.data) for s_MenuStatus
    menu_frame.o(i.menu_back) refers to menu_frame.o(i.is_indexstk_empty) for is_indexstk_empty
    menu_frame.o(i.menu_back) refers to menu_frame.o(i.get_curr_index) for get_curr_index
    menu_frame.o(i.menu_back) refers to strcmp.o(.text) for strcmp
    menu_frame.o(i.menu_back) refers to strncpy.o(.text) for strncpy
    menu_frame.o(i.menu_back) refers to strchr.o(.text) for strchr
    menu_frame.o(i.menu_back) refers to menu_frame.o(i.update_node_list) for update_node_list
    menu_frame.o(i.menu_back) refers to menu_frame.o(.data) for s_IndexStackPtr
    menu_frame.o(i.menu_back) refers to menu_frame.o(.bss) for s_IndexPtrStack
[...]
    0x08001720   0x08001720   0x000000dc   Code   RO         4650    i.DMA_Cmd           stm32f10x_dma.o
    0x080017fc   0x080017fc   0x000000ae   Code   RO         1028    i.DMA_Configuration  usart.o
    0x080018aa   0x080018aa   0x00000002   PAD
    0x080018ac   0x080018ac   0x000001f4   Code   RO         4651    i.DMA_DeInit        stm32f10x_dma.o
    0x08001aa0   0x08001aa0   0x000000b8   Code   RO         4652    i.DMA_GetCurrDataCounter  stm32f10x_dma.o
    0x08001b58   0x08001b58   0x000000ec   Code   RO         4655    i.DMA_ITConfig      stm32f10x_dma.o
    0x08001c44   0x08001c44   0x000001c8   Code   RO         4656    i.DMA_Init          stm32f10x_dma.o
    0x08001e0c   0x08001e0c   0x00000002   Code   RO          951    i.DebugMon_Handler  stm32f10x_it.o
    0x08001e0e   0x08001e0e   0x00000002   PAD
    0x08001e10   0x08001e10   0x00000198   Code   RO         1444    i.DetectButton      bsp_button.o
    0x08001fa8   0x08001fa8   0x00000012   Code   RO         1145    i.EXTI0_IRQHandler  gpio.o
    0x08001fba   0x08001fba   0x0000006c   Code   RO         1146    i.EXTI15_10_IRQHandler  gpio.o
    0x08002026   0x08002026   0x00000012   Code   RO         1147    i.EXTI1_IRQHandler  gpio.o
    0x08002038   0x08002038   0x00000012   Code   RO         1148    i.EXTI2_IRQHandler  gpio.o
    0x0800204a   0x0800204a   0x00000012   Code   RO         1149    i.EXTI3_IRQHandler  gpio.o
    0x0800205c   0x0800205c   0x00000012   Code   RO         1150    i.EXTI4_IRQHandler  gpio.o
    0x0800206e   0x0800206e   0x00000056   Code   RO         1151    i.EXTI9_5_IRQHandler  gpio.o
    0x080020c4   0x080020c4   0x0000005c   Code   RO         2271    i.EXTI_ClearITPendingBit  stm32f10x_exti.o
    0x08002120   0x08002120   0x000000d8   Code   RO         2275    i.EXTI_GetITStatus  stm32f10x_exti.o
    0x080021f8   0x080021f8   0x0000012c   Code   RO         2276    i.EXTI_Init         stm32f10x_exti.o
    0x08002324   0x08002324   0x00000010   Code   RO         8405    i.EnterCriticalSection  port.o
    0x08002334   0x08002334   0x00000010   Code   RO         8406    i.ExitCriticalSection  port.o
    0x08002344   0x08002344   0x00000090   Code   RO         1029    i.GPIO_Configuration  usart.o
    0x080023d4   0x080023d4   0x000001d4   Code   RO         4312    i.GPIO_Init         stm32f10x_gpio.o
    0x080025a8   0x080025a8   0x00000254   Code   RO         4314    i.GPIO_PinRemapConfig  stm32f10x_gpio.o
    0x080027fc   0x080027fc   0x00000104   Code   RO         4316    i.GPIO_ReadInputDataBit  stm32f10x_gpio.o
    0x08002900   0x08002900   0x000000ac   Code   RO         4319    i.GPIO_ResetBits    stm32f10x_gpio.o
    0x080029ac   0x080029ac   0x000000ac   Code   RO         4320    i.GPIO_SetBits      stm32f10x_gpio.o
    0x08002a58   0x08002a58   0x00000034   Code   RO         1445    i.GetKey            bsp_button.o
    0x08002a8c   0x08002a8c   0x0000000c   Code   RO         1446    i.InitButton        bsp_button.o
    0x08002a98   0x08002a98   0x00000054   Code   RO         1447    i.InitButtonHard    bsp_button.o
    0x08002aec   0x08002aec   0x00000188   Code   RO         1448    i.InitButtonVar     bsp_button.o
    0x08002c74   0x08002c74   0x00000060   Code   RO         1449    i.KeyPro            bsp_button.o
    0x08002cd4   0x08002cd4   0x00000110   Code   RO         1269    i.LCD_DisplayString  lcd12864.o
    0x08002de4   0x08002de4   0x00000084   Code   RO         1270    i.LCD_PortConfig    lcd12864.o
    0x08002e68   0x08002e68   0x00000034   Code   RO         1271    i.LCD_byte_pos      lcd12864.o
    0x08002e9c   0x08002e9c   0x00000004   Code   RO          952    i.MemManage_Handler  stm32f10x_it.o
    0x08002ea0   0x08002ea0   0x00000002   Code   RO          953    i.NMI_Handler       stm32f10x_it.o
    0x08002ea2   0x08002ea2   0x0000000e   Code   RO          909    i.NVIC_Configuration  board.o
    0x08002eb0   0x08002eb0   0x00000022   Code   RO         1030    i.NVIC_Configuration  usart.o
    0x08002ed2   0x08002ed2   0x00000002   PAD
    0x08002ed4   0x08002ed4   0x000000dc   Code   RO         4989    i.NVIC_Init         misc.o
    0x08002fb0   0x08002fb0   0x00000078   Code   RO         4991    i.NVIC_SetVectorTable  misc.o
    0x08003028   0x08003028   0x00000030   Code   RO         7417    i.OP_add_byte       finsh_ops.o
    0x08003058   0x08003058   0x00000030   Code   RO         7418    i.OP_add_dword      finsh_ops.o
    0x08003088   0x08003088   0x00000030   Code   RO         7419    i.OP_add_word       finsh_ops.o
    0x080030b8   0x080030b8   0x00000030   Code   RO         7420    i.OP_and_byte       finsh_ops.o
    0x080030e8   0x080030e8   0x00000030   Code   RO         7421    i.OP_and_dword      finsh_ops.o
    0x08003118   0x08003118   0x00000030   Code   RO         7422    i.OP_and_word       finsh_ops.o
    0x08003148   0x08003148   0x00000018   Code   RO         7423    i.OP_bw_byte        finsh_ops.o
    0x08003160   0x08003160   0x00000018   Code   RO         7424    i.OP_bw_dword       finsh_ops.o
    0x08003178   0x08003178   0x00000018   Code   RO         7425    i.OP_bw_word        finsh_ops.o
    0x08003190   0x08003190   0x0000038c   Code   RO         7426    i.OP_call           finsh_ops.o
    0x0800351c   0x0800351c   0x00000030   Code   RO         7427    i.OP_div_byte       finsh_ops.o
    0x0800354c   0x0800354c   0x00000030   Code   RO         7428    i.OP_div_dword      finsh_ops.o
    0x0800357c   0x0800357c   0x00000034   Code   RO         7429    i.OP_div_word       finsh_ops.o
    0x080035b0   0x080035b0   0x0000002c   Code   RO         7430    i.OP_ld_byte        finsh_ops.o
    0x080035dc   0x080035dc   0x00000048   Code   RO         7431    i.OP_ld_dword       finsh_ops.o
    0x08003624   0x08003624   0x0000004c   Code   RO         7432    i.OP_ld_value_byte  finsh_ops.o
    0x08003670   0x08003670   0x00000018   Code   RO         7433    i.OP_ld_value_byte_stack  finsh_ops.o
    0x08003688   0x08003688   0x0000004c   Code   RO         7434    i.OP_ld_value_dword  finsh_ops.o
    0x080036d4   0x080036d4   0x00000018   Code   RO         7435    i.OP_ld_value_dword_stack  finsh_ops.o
    0x080036ec   0x080036ec   0x0000004c   Code   RO         7436    i.OP_ld_value_word  finsh_ops.o
    0x08003738   0x08003738   0x00000018   Code   RO         7437    i.OP_ld_value_word_stack  finsh_ops.o
    0x08003750   0x08003750   0x00000038   Code   RO         7438    i.OP_ld_word        finsh_ops.o
    0x08003788   0x08003788   0x00000034   Code   RO         7439    i.OP_mod_byte       finsh_ops.o
    0x080037bc   0x080037bc   0x00000034   Code   RO         7440    i.OP_mod_dword      finsh_ops.o
    0x080037f0   0x080037f0   0x00000034   Code   RO         7441    i.OP_mod_word       finsh_ops.o
    0x08003824   0x08003824   0x00000030   Code   RO         7442    i.OP_mul_byte       finsh_ops.o
    0x08003854   0x08003854   0x00000030   Code   RO         7443    i.OP_mul_dword      finsh_ops.o
    0x08003884   0x08003884   0x00000030   Code   RO         7444    i.OP_mul_word       finsh_ops.o
    0x080038b4   0x080038b4   0x00000002   Code   RO         7445    i.OP_no_op          finsh_ops.o
    0x080038b6   0x080038b6   0x00000002   PAD
    0x080038b8   0x080038b8   0x00000030   Code   RO         7446    i.OP_or_byte        finsh_ops.o
    0x080038e8   0x080038e8   0x00000030   Code   RO         7447    i.OP_or_dword       finsh_ops.o
    0x08003918   0x08003918   0x00000030   Code   RO         7448    i.OP_or_word        finsh_ops.o
    0x08003948   0x08003948   0x00000010   Code   RO         7449    i.OP_pop            finsh_ops.o
    0x08003958   0x08003958   0x00000030   Code   RO         7450    i.OP_shl_byte       finsh_ops.o
    0x08003988   0x08003988   0x00000030   Code   RO         7451    i.OP_shl_dword      finsh_ops.o
    0x080039b8   0x080039b8   0x00000030   Code   RO         7452    i.OP_shl_word       finsh_ops.o
    0x080039e8   0x080039e8   0x00000030   Code   RO         7453    i.OP_shr_byte       finsh_ops.o
    0x08003a18   0x08003a18   0x00000030   Code   RO         7454    i.OP_shr_dword      finsh_ops.o
    0x08003a48   0x08003a48   0x00000030   Code   RO         7455    i.OP_shr_word       finsh_ops.o
    0x08003a78   0x08003a78   0x00000024   Code   RO         7456    i.OP_st_byte        finsh_ops.o
    0x08003a9c   0x08003a9c   0x00000024   Code   RO         7457    i.OP_st_dword       finsh_ops.o
    0x08003ac0   0x08003ac0   0x00000024   Code   RO         7458    i.OP_st_word        finsh_ops.o
    0x08003ae4   0x08003ae4   0x00000030   Code   RO         7459    i.OP_sub_byte       finsh_ops.o
    0x08003b14   0x08003b14   0x00000030   Code   RO         7460    i.OP_sub_dword      finsh_ops.o
    0x08003b44   0x08003b44   0x00000030   Code   RO         7461    i.OP_sub_word       finsh_ops.o
    0x08003b74   0x08003b74   0x00000030   Code   RO         7462    i.OP_xor_byte       finsh_ops.o
    0x08003ba4   0x08003ba4   0x00000030   Code   RO         7463    i.OP_xor_dword      finsh_ops.o
    0x08003bd4   0x08003bd4   0x00000030   Code   RO         7464    i.OP_xor_word       finsh_ops.o
    0x08003c04   0x08003c04   0x00000020   Code   RO         1450    i.PutKey            bsp_button.o
    0x08003c24   0x08003c24   0x0000008c   Code   RO         1933    i.RCC_AHBPeriphClockCmd  stm32f10x_rcc.o
    0x08003cb0   0x08003cb0   0x0000008c   Code   RO         1934    i.RCC_APB1PeriphClockCmd  stm32f10x_rcc.o
    0x08003d3c   0x08003d3c   0x0000008c   Code   RO         1936    i.RCC_APB2PeriphClockCmd  stm32f10x_rcc.o
    0x08003dc8   0x08003dc8   0x00000034   Code   RO         1031    i.RCC_Configuration  usart.o
    0x08003dfc   0x08003dfc   0x000000d4   Code   RO         1944    i.RCC_GetClocksFreq  stm32f10x_rcc.o
    0x08003ed0   0x08003ed0   0x0000004c   Code   RO         1664    i.SCL_H             i2c-bit-ops.o
    0x08003f1c   0x08003f1c   0x00000002   Code   RO          954    i.SVC_Handler       stm32f10x_it.o
    0x08003f1e   0x08003f1e   0x00000008   Code   RO         1840    i.SetSysClock       system_stm32f10x.o
    0x08003f26   0x08003f26   0x00000002   PAD
    0x08003f28   0x08003f28   0x000000e0   Code   RO         1841    i.SetSysClockTo56   system_stm32f10x.o
    0x08004008   0x08004008   0x00000010   Code   RO          910    i.SysTick_Handler   board.o
    0x08004018   0x08004018   0x00000060   Code   RO         1843    i.SystemInit        system_stm32f10x.o
    0x08004078   0x08004078   0x00000018   Code   RO         1032    i.USART1_IRQHandler  usart.o
    0x08004090   0x08004090   0x00000018   Code   RO         1033    i.USART2_IRQHandler  usart.o
    0x080040a8   0x080040a8   0x00000018   Code   RO         1034    i.USART3_IRQHandler  usart.o
    0x080040c0   0x080040c0   0x000000e8   Code   RO         4429    i.USART_ClearITPendingBit  stm32f10x_usart.o
    0x080041a8   0x080041a8   0x000000ac   Code   RO         4432    i.USART_Cmd         stm32f10x_usart.o
    0x08004254   0x08004254   0x000000bc   Code   RO         4433    i.USART_DMACmd      stm32f10x_usart.o
    0x08004310   0x08004310   0x000000f0   Code   RO         4435    i.USART_GetFlagStatus  stm32f10x_usart.o
    0x08004400   0x08004400   0x0000014c   Code   RO         4436    i.USART_GetITStatus  stm32f10x_usart.o
    0x0800454c   0x0800454c   0x00000148   Code   RO         4438    i.USART_ITConfig    stm32f10x_usart.o
    0x08004694   0x08004694   0x00000218   Code   RO         4439    i.USART_Init        stm32f10x_usart.o
    0x080048ac   0x080048ac   0x00000088   Code   RO         4446    i.USART_ReceiveData  stm32f10x_usart.o
    0x08004934   0x08004934   0x00000002   Code   RO          955    i.USB_HP_CAN1_TX_IRQHandler  stm32f10x_it.o
    0x08004936   0x08004936   0x00000002   Code   RO          956    i.USB_LP_CAN1_RX0_IRQHandler  stm32f10x_it.o
    0x08004938   0x08004938   0x00000004   Code   RO          957    i.UsageFault_Handler  stm32f10x_it.o
    0x0800493c   0x0800493c   0x00000030   Code   RO         9488    i.__0snprintf       mc_w.l(printfa.o)
    0x0800496c   0x0800496c   0x00000008   Code   RO         9574    i.__aeabi_errno_addr  mc_w.l(errno.o)
    0x08004974   0x08004974   0x0000000e   Code   RO         9651    i.__scatterload_copy  mc_w.l(handlers.o)
    0x08004982   0x08004982   0x00000002   Code   RO         9652    i.__scatterload_null  mc_w.l(handlers.o)
    0x08004984   0x08004984   0x0000000e   Code   RO         9653    i.__scatterload_zeroinit  mc_w.l(handlers.o)
    0x08004992   0x08004992   0x00000002   PAD
    0x08004994   0x08004994   0x00000184   Code   RO         9494    i._fp_digits        mc_w.l(printfa.o)
    0x08004b18   0x08004b18   0x00000014   Code   RO         5156    i._has_defunct_thread  idle.o
    0x08004b2c   0x08004b2c   0x0000000e   Code   RO         9521    i._is_digit         mc_w.l(scanf_fp.o)
    0x08004b3a   0x08004b3a   0x00000002   PAD
    0x08004b3c   0x08004b3c   0x000000e8   Code   RO         7014    i._list_device      cmd.o
    0x08004c24   0x08004c24   0x000000f8   Code   RO         7015    i._list_event       cmd.o
    0x08004d1c   0x08004d1c   0x00000120   Code   RO         7016    i._list_mailbox     cmd.o
    0x08004e3c   0x08004e3c   0x00000114   Code   RO         7017    i._list_mempool     cmd.o
    0x08004f50   0x08004f50   0x00000108   Code   RO         7018    i._list_msgqueue    cmd.o
    0x08005058   0x08005058   0x000000c0   Code   RO         7019    i._list_mutex       cmd.o
    0x08005118   0x08005118   0x000000f0   Code   RO         7020    i._list_sem         cmd.o
    0x08005208   0x08005208   0x00000168   Code   RO         7021    i._list_thread      cmd.o
    0x08005370   0x08005370   0x00000110   Code   RO         7022    i._list_timer       cmd.o
    0x08005480   0x08005480   0x00000048   Code   RO         6827    i._pin_control      pin.o
    0x080054c8   0x080054c8   0x00000054   Code   RO         6828    i._pin_read         pin.o
    0x0800551c   0x0800551c   0x00000054   Code   RO         6829    i._pin_write        pin.o
    0x08005570   0x08005570   0x000006dc   Code   RO         9495    i._printf_core      mc_w.l(printfa.o)
    0x08005c4c   0x08005c4c   0x00000024   Code   RO         9496    i._printf_post_padding  mc_w.l(printfa.o)
    0x08005c70   0x08005c70   0x0000002e   Code   RO         9497    i._printf_pre_padding  mc_w.l(printfa.o)
    0x08005c9e   0x08005c9e   0x00000002   PAD
    0x08005ca0   0x08005ca0   0x000000c4   Code   RO         5950    i._rt_scheduler_stack_check  scheduler.o
    0x08005d64   0x08005d64   0x000000d0   Code   RO         6029    i._rt_thread_init   thread.o
    0x08005e34   0x08005e34   0x00000042   Code   RO         6165    i._rt_timer_init    timer.o
    0x08005e76   0x08005e76   0x0000002e   Code   RO         6166    i._rt_timer_remove  timer.o
    0x08005ea4   0x08005ea4   0x00000194   Code   RO         6368    i._serial_dma_rx    serial.o
    0x08006038   0x08006038   0x0000005c   Code   RO         6369    i._serial_dma_tx    serial.o
    0x08006094   0x08006094   0x00000098   Code   RO         6370    i._serial_int_rx    serial.o
    0x0800612c   0x0800612c   0x0000006c   Code   RO         6371    i._serial_int_tx    serial.o
    0x08006198   0x08006198   0x0000005c   Code   RO         6372    i._serial_poll_rx   serial.o
    0x080061f4   0x080061f4   0x00000054   Code   RO         6373    i._serial_poll_tx   serial.o
    0x08006248   0x08006248   0x00000016   Code   RO         9498    i._snputc           mc_w.l(printfa.o)
    0x0800625e   0x0800625e   0x00000002   PAD
    0x08006260   0x08006260   0x00000070   Code   RO          152    i.assert_failed     startup.o
    0x080062d0   0x080062d0   0x0000001e   Code   RO         1152    i.bit2bitno         gpio.o
    0x080062ee   0x080062ee   0x00000002   PAD
    0x080062f0   0x080062f0   0x0000007c   Code   RO          341    i.btn_confirm_event  menu_proc.o
    0x0800636c   0x0800636c   0x00000032   Code   RO          839    i.btn_display       12864_ui.o
    0x0800639e   0x0800639e   0x00000002   PAD
    0x080063a0   0x080063a0   0x000000a4   Code   RO          342    i.btn_full_confirm_event  menu_proc.o
    0x08006444   0x08006444   0x00000038   Code   RO          840    i.btn_proc          12864_ui.o
    0x0800647c   0x0800647c   0x00000034   Code   RO          343    i.btn_set_event     menu_proc.o
    0x080064b0   0x080064b0   0x0000008c   Code   RO          186    i.default_init      global.o
    0x0800653c   0x0800653c   0x00000026   Code   RO         1275    i.delay             lcd12864.o
    0x08006562   0x08006562   0x00000002   PAD
    0x08006564   0x08006564   0x000000d8   Code   RO          344    i.disp_int_float    menu_proc.o
    0x0800663c   0x0800663c   0x000001c0   Code   RO          235    i.disp_node         menu_frame.o
    0x080067fc   0x080067fc   0x00000108   Code   RO          843    i.disp_number_box   12864_ui.o
    0x08006904   0x08006904   0x000000b8   Code   RO          346    i.disp_select       menu_proc.o
    0x080069bc   0x080069bc   0x00000036   Code   RO         1035    i.dma_rx_done_isr   usart.o
    0x080069f2   0x080069f2   0x00000042   Code   RO         1036    i.dma_uart_rx_idle_isr  usart.o
    0x08006a34   0x08006a34   0x00000002   Code   RO          236    i.dummy             menu_frame.o
    0x08006a36   0x08006a36   0x00000002   PAD
    0x08006a38   0x08006a38   0x00000028   Code   RO         8347    i.eMBEnable         mb.o
    0x08006a60   0x08006a60   0x000000ae   Code   RO         8077    i.eMBFuncReadCoils  mbfunccoils.o
    0x08006b0e   0x08006b0e   0x000000ac   Code   RO         8112    i.eMBFuncReadDiscreteInputs  mbfuncdisc.o
    0x08006bba   0x08006bba   0x0000008e   Code   RO         8132    i.eMBFuncReadHoldingRegister  mbfuncholding.o
    0x08006c48   0x08006c48   0x0000008c   Code   RO         8170    i.eMBFuncReadInputRegister  mbfuncinput.o
    0x08006cd4   0x08006cd4   0x000000d4   Code   RO         8133    i.eMBFuncReadWriteMultipleHoldingRegister  mbfuncholding.o
    0x08006da8   0x08006da8   0x00000028   Code   RO         8190    i.eMBFuncReportSlaveID  mbfuncother.o
    0x08006dd0   0x08006dd0   0x00000070   Code   RO         8078    i.eMBFuncWriteCoil  mbfunccoils.o
    0x08006e40   0x08006e40   0x00000042   Code   RO         8134    i.eMBFuncWriteHoldingRegister  mbfuncholding.o
    0x08006e82   0x08006e82   0x00000090   Code   RO         8079    i.eMBFuncWriteMultipleCoils  mbfunccoils.o
    0x08006f12   0x08006f12   0x0000006e   Code   RO         8135    i.eMBFuncWriteMultipleHoldingRegister  mbfuncholding.o
    0x08006f80   0x08006f80   0x000000e0   Code   RO         8348    i.eMBInit           mb.o
    0x08007060   0x08007060   0x00000028   Code   RO         8897    i.eMBMasterEnable   mb_m.o
    0x08007088   0x08007088   0x00000098   Code   RO         8630    i.eMBMasterFuncReadCoils  mbfunccoils_m.o
    0x08007120   0x08007120   0x00000096   Code   RO         8680    i.eMBMasterFuncReadDiscreteInputs  mbfuncdisc_m.o
    0x080071b6   0x080071b6   0x00000074   Code   RO         8706    i.eMBMasterFuncReadHoldingRegister  mbfuncholding_m.o
    0x0800722a   0x0800722a   0x00000072   Code   RO         8768    i.eMBMasterFuncReadInputRegister  mbfuncinput_m.o
    0x0800729c   0x0800729c   0x000000a4   Code   RO         8707    i.eMBMasterFuncReadWriteMultipleHoldingRegister  mbfuncholding_m.o
    0x08007340   0x08007340   0x00000070   Code   RO         8631    i.eMBMasterFuncWriteCoil  mbfunccoils_m.o
    0x080073b0   0x080073b0   0x00000042   Code   RO         8708    i.eMBMasterFuncWriteHoldingRegister  mbfuncholding_m.o
    0x080073f2   0x080073f2   0x00000096   Code   RO         8632    i.eMBMasterFuncWriteMultipleCoils  mbfunccoils_m.o
    0x08007488   0x08007488   0x00000072   Code   RO         8709    i.eMBMasterFuncWriteMultipleHoldingRegister  mbfuncholding_m.o
    0x080074fa   0x080074fa   0x00000002   PAD
    0x080074fc   0x080074fc   0x0000000c   Code   RO         8898    i.eMBMasterGetErrorType  mb_m.o
    0x08007508   0x08007508   0x000000bc   Code   RO         8899    i.eMBMasterInit     mb_m.o
    0x080075c4   0x080075c4   0x000001e8   Code   RO         8900    i.eMBMasterPoll     mb_m.o
    0x080077ac   0x080077ac   0x00000058   Code   RO         8794    i.eMBMasterRTUInit  mbrtu_m.o
    0x08007804   0x08007804   0x00000098   Code   RO         8795    i.eMBMasterRTUReceive  mbrtu_m.o
    0x0800789c   0x0800789c   0x00000098   Code   RO         8796    i.eMBMasterRTUSend  mbrtu_m.o
    0x08007934   0x08007934   0x00000024   Code   RO         8797    i.eMBMasterRTUStart  mbrtu_m.o
    0x08007958   0x08007958   0x00000018   Code   RO         8798    i.eMBMasterRTUStop  mbrtu_m.o
    0x08007970   0x08007970   0x00000140   Code   RO         9189    i.eMBMasterRegCoilsCB  user_mb_app_m.o
    0x08007ab0   0x08007ab0   0x000000d4   Code   RO         9190    i.eMBMasterRegDiscreteCB  user_mb_app_m.o
    0x08007b84   0x08007b84   0x00000210   Code   RO         9191    i.eMBMasterRegHoldingCB  user_mb_app_m.o
    0x08007d94   0x08007d94   0x00000084   Code   RO         9192    i.eMBMasterRegInputCB  user_mb_app_m.o
    0x08007e18   0x08007e18   0x00000066   Code   RO         8710    i.eMBMasterReqReadHoldingRegister  mbfuncholding_m.o
    0x08007e7e   0x08007e7e   0x00000066   Code   RO         8712    i.eMBMasterReqWriteHoldingRegister  mbfuncholding_m.o
    0x08007ee4   0x08007ee4   0x000000a8   Code   RO         8713    i.eMBMasterReqWriteMultipleHoldingRegister  mbfuncholding_m.o
    0x08007f8c   0x08007f8c   0x00000044   Code   RO         8982    i.eMBMasterWaitRequestFinish  portevent_m.o
    0x08007fd0   0x08007fd0   0x0000012c   Code   RO         8349    i.eMBPoll           mb.o
    0x080080fc   0x080080fc   0x00000058   Code   RO         8276    i.eMBRTUInit        mbrtu.o
    0x08008154   0x08008154   0x00000094   Code   RO         8277    i.eMBRTUReceive     mbrtu.o
    0x080081e8   0x080081e8   0x00000090   Code   RO         8278    i.eMBRTUSend        mbrtu.o
    0x08008278   0x08008278   0x00000024   Code   RO         8279    i.eMBRTUStart       mbrtu.o
    0x0800829c   0x0800829c   0x00000018   Code   RO         8280    i.eMBRTUStop        mbrtu.o
    0x080082b4   0x080082b4   0x00000134   Code   RO         8579    i.eMBRegCoilsCB     user_mb_app.o
    0x080083e8   0x080083e8   0x000000c8   Code   RO         8580    i.eMBRegDiscreteCB  user_mb_app.o
    0x080084b0   0x080084b0   0x000000d0   Code   RO         8581    i.eMBRegHoldingCB   user_mb_app.o
    0x08008580   0x08008580   0x0000008c   Code   RO         8582    i.eMBRegInputCB     user_mb_app.o
    0x0800860c   0x0800860c   0x000000e4   Code   RO         1278    i.fill_disp_buf     lcd12864.o
    0x080086f0   0x080086f0   0x0000003e   Code   RO         7271    i.finsh_block_insert  finsh_heap.o
    0x0800872e   0x0800872e   0x0000007c   Code   RO         7272    i.finsh_block_merge  finsh_heap.o
    0x080087aa   0x080087aa   0x0000002e   Code   RO         7273    i.finsh_block_remove  finsh_heap.o
    0x080087d8   0x080087d8   0x00000018   Code   RO         7274    i.finsh_block_split  finsh_heap.o
    0x080087f0   0x080087f0   0x00001654   Code   RO         7190    i.finsh_compile     finsh_compiler.o
    0x08009e44   0x08009e44   0x00000068   Code   RO         7191    i.finsh_compiler_run  finsh_compiler.o
    0x08009eac   0x08009eac   0x0000000c   Code   RO         7237    i.finsh_errno       finsh_error.o
    0x08009eb8   0x08009eb8   0x0000000c   Code   RO         7238    i.finsh_error_init  finsh_error.o
    0x08009ec4   0x08009ec4   0x00000010   Code   RO         7239    i.finsh_error_set   finsh_error.o
    0x08009ed4   0x08009ed4   0x00000010   Code   RO         7240    i.finsh_error_string  finsh_error.o
    0x08009ee4   0x08009ee4   0x00000016   Code   RO         7324    i.finsh_flush       finsh_init.o
    0x08009efa   0x08009efa   0x00000002   PAD
    0x08009efc   0x08009efc   0x00000058   Code   RO         6895    i.finsh_getchar     shell.o
    0x08009f54   0x08009f54   0x00000074   Code   RO         7275    i.finsh_heap_allocate  finsh_heap.o
    0x08009fc8   0x08009fc8   0x0000002c   Code   RO         7276    i.finsh_heap_free   finsh_heap.o
    0x08009ff4   0x08009ff4   0x00000058   Code   RO         7277    i.finsh_heap_gc     finsh_heap.o
    0x0800a04c   0x0800a04c   0x00000030   Code   RO         7278    i.finsh_heap_init   finsh_heap.o
    0x0800a07c   0x0800a07c   0x0000001e   Code   RO         7325    i.finsh_init        finsh_init.o
    0x0800a09a   0x0800a09a   0x00000002   PAD
    0x0800a09c   0x0800a09c   0x0000003c   Code   RO         7360    i.finsh_node_allocate  finsh_node.o
    0x0800a0d8   0x0800a0d8   0x00000014   Code   RO         7361    i.finsh_node_init   finsh_node.o
    0x0800a0ec   0x0800a0ec   0x0000001e   Code   RO         7362    i.finsh_node_new_char  finsh_node.o
    0x0800a10a   0x0800a10a   0x00000076   Code   RO         7363    i.finsh_node_new_id  finsh_node.o
    0x0800a180   0x0800a180   0x0000001e   Code   RO         7364    i.finsh_node_new_int  finsh_node.o
    0x0800a19e   0x0800a19e   0x0000001e   Code   RO         7365    i.finsh_node_new_long  finsh_node.o
    0x0800a1bc   0x0800a1bc   0x0000001e   Code   RO         7366    i.finsh_node_new_ptr  finsh_node.o
    0x0800a1da   0x0800a1da   0x0000004a   Code   RO         7367    i.finsh_node_new_string  finsh_node.o
    0x0800a224   0x0800a224   0x00000010   Code   RO         7717    i.finsh_parser_init  finsh_parser.o
    0x0800a234   0x0800a234   0x000000dc   Code   RO         7718    i.finsh_parser_run  finsh_parser.o
    0x0800a310   0x0800a310   0x000000d4   Code   RO         6896    i.finsh_run_line    shell.o
    0x0800a3e4   0x0800a3e4   0x00000040   Code   RO         6897    i.finsh_rx_ind      shell.o
    0x0800a424   0x0800a424   0x000000dc   Code   RO         6898    i.finsh_set_device  shell.o
    0x0800a500   0x0800a500   0x0000000c   Code   RO         7327    i.finsh_stack_bottom  finsh_init.o
    0x0800a50c   0x0800a50c   0x0000005c   Code   RO         7882    i.finsh_syscall_lookup  finsh_vm.o
    0x0800a568   0x0800a568   0x00000014   Code   RO         6900    i.finsh_system_function_init  shell.o
    0x0800a57c   0x0800a57c   0x000000c0   Code   RO         6901    i.finsh_system_init  shell.o
    0x0800a63c   0x0800a63c   0x00000014   Code   RO         6902    i.finsh_system_var_init  shell.o
    0x0800a650   0x0800a650   0x0000005c   Code   RO         7829    i.finsh_sysvar_lookup  finsh_var.o
    0x0800a6ac   0x0800a6ac   0x00000514   Code   RO         6903    i.finsh_thread_entry  shell.o
    0x0800abc0   0x0800abc0   0x00000014   Code   RO         7917    i.finsh_token_init  finsh_token.o
    0x0800abd4   0x0800abd4   0x00000018   Code   RO         7918    i.finsh_token_token  finsh_token.o
    0x0800abec   0x0800abec   0x0000015e   Code   RO         7192    i.finsh_type_check  finsh_compiler.o
    0x0800ad4a   0x0800ad4a   0x00000002   PAD
    0x0800ad4c   0x0800ad4c   0x00000014   Code   RO         7831    i.finsh_var_init    finsh_var.o
    0x0800ad60   0x0800ad60   0x00000078   Code   RO         7832    i.finsh_var_insert  finsh_var.o
    0x0800add8   0x0800add8   0x00000040   Code   RO         7833    i.finsh_var_lookup  finsh_var.o
    0x0800ae18   0x0800ae18   0x00000054   Code   RO         7883    i.finsh_vm_run      finsh_vm.o
    0x0800ae6c   0x0800ae6c   0x00000006   Code   RO         1543    i.fm24clxx_close    fm24clxx.o
    0x0800ae72   0x0800ae72   0x00000006   Code   RO         1544    i.fm24clxx_control  fm24clxx.o
    0x0800ae78   0x0800ae78   0x00000006   Code   RO         1545    i.fm24clxx_init     fm24clxx.o
    0x0800ae7e   0x0800ae7e   0x00000006   Code   RO         1546    i.fm24clxx_open     fm24clxx.o
    0x0800ae84   0x0800ae84   0x000000cc   Code   RO         1547    i.fm24clxx_read     fm24clxx.o
    0x0800af50   0x0800af50   0x00000068   Code   RO         1548    i.fm24clxx_register  fm24clxx.o
    0x0800afb8   0x0800afb8   0x000000cc   Code   RO         1549    i.fm24clxx_write    fm24clxx.o
    0x0800b084   0x0800b084   0x00000044   Code   RO          731    i.full_reset_eeprom  factory_setting.o
    0x0800b0c8   0x0800b0c8   0x00000038   Code   RO          237    i.get_curr_index    menu_frame.o
    0x0800b100   0x0800b100   0x00000064   Code   RO         1418    i.get_hz_font       hz_fonts.o
    0x0800b164   0x0800b164   0x0000000c   Code   RO          187    i.get_language      global.o
    0x0800b170   0x0800b170   0x00000020   Code   RO         1279    i.get_line_dat      lcd12864.o
    0x0800b190   0x0800b190   0x00000214   Code   RO          347    i.get_password      menu_proc.o
    0x0800b3a4   0x0800b3a4   0x00000020   Code   RO         1153    i.get_pin           gpio.o
    0x0800b3c4   0x0800b3c4   0x00000034   Code   RO          348    i.get_utf8_len      menu_proc.o
    0x0800b3f8   0x0800b3f8   0x000002c0   Code   RO          188    i.global_init       global.o
    0x0800b6b8   0x0800b6b8   0x00000020   Code   RO         7023    i.hello             cmd.o
    0x0800b6d8   0x0800b6d8   0x000000be   Code   RO         1665    i.i2c_bit_send_address  i2c-bit-ops.o
    0x0800b796   0x0800b796   0x0000009c   Code   RO         1666    i.i2c_bit_xfer      i2c-bit-ops.o
    0x0800b832   0x0800b832   0x00000002   PAD
    0x0800b834   0x0800b834   0x00000088   Code   RO         1636    i.i2c_bus_device_control  i2c_dev.o
    0x0800b8bc   0x0800b8bc   0x00000074   Code   RO         1637    i.i2c_bus_device_read  i2c_dev.o
    0x0800b930   0x0800b930   0x00000074   Code   RO         1638    i.i2c_bus_device_write  i2c_dev.o
    0x0800b9a4   0x0800b9a4   0x00000010   Code   RO         1667    i.i2c_delay         i2c-bit-ops.o
    0x0800b9b4   0x0800b9b4   0x0000000c   Code   RO         1668    i.i2c_delay2        i2c-bit-ops.o
    0x0800b9c0   0x0800b9c0   0x00000040   Code   RO         1750    i.i2c_hard_init     i2c_soft.o
    0x0800ba00   0x0800ba00   0x00000058   Code   RO         1669    i.i2c_readb         i2c-bit-ops.o
    0x0800ba58   0x0800ba58   0x00000056   Code   RO         1670    i.i2c_recv_bytes    i2c-bit-ops.o
    0x0800baae   0x0800baae   0x00000030   Code   RO         1671    i.i2c_restart       i2c-bit-ops.o
    0x0800bade   0x0800bade   0x00000034   Code   RO         1672    i.i2c_send_ack_or_nack  i2c-bit-ops.o
    0x0800bb12   0x0800bb12   0x00000048   Code   RO         1673    i.i2c_send_address  i2c-bit-ops.o
    0x0800bb5a   0x0800bb5a   0x0000004e   Code   RO         1674    i.i2c_send_bytes    i2c-bit-ops.o
    0x0800bba8   0x0800bba8   0x0000001c   Code   RO         1675    i.i2c_start         i2c-bit-ops.o
    0x0800bbc4   0x0800bbc4   0x0000002e   Code   RO         1676    i.i2c_stop          i2c-bit-ops.o
    0x0800bbf2   0x0800bbf2   0x00000092   Code   RO         1677    i.i2c_writeb        i2c-bit-ops.o
    0x0800bc84   0x0800bc84   0x00000014   Code   RO          238    i.is_indexstk_empty  menu_frame.o
    0x0800bc98   0x0800bc98   0x0000001c   Code   RO          239    i.jump2func         menu_frame.o
    0x0800bcb4   0x0800bcb4   0x000000d0   Code   RO          240    i.jump2menu         menu_frame.o
    0x0800bd84   0x0800bd84   0x00000012   Code   RO          755    i.key_thread_entry  main_app.o
    0x0800bd96   0x0800bd96   0x0000001a   Code   RO          844    i.label_show        12864_ui.o
    0x0800bdb0   0x0800bdb0   0x00000030   Code   RO         1280    i.lcd_buf_flush     lcd12864.o
    0x0800bde0   0x0800bde0   0x000000ac   Code   RO         1282    i.lcd_init          lcd12864.o
    0x0800be8c   0x0800be8c   0x00000014   Code   RO          756    i.lcd_thread_entry  main_app.o
    0x0800bea0   0x0800bea0   0x0000001c   Code   RO          241    i.leaf_exit         menu_frame.o
    0x0800bebc   0x0800bebc   0x000000dc   Code   RO         7024    i.list              cmd.o
    0x0800bf98   0x0800bf98   0x00000010   Code   RO         7025    i.list_device       cmd.o
    0x0800bfa8   0x0800bfa8   0x00000010   Code   RO         7026    i.list_event        cmd.o
    0x0800bfb8   0x0800bfb8   0x00000010   Code   RO         7027    i.list_mailbox      cmd.o
    0x0800bfc8   0x0800bfc8   0x00000010   Code   RO         7028    i.list_mempool      cmd.o
    0x0800bfd8   0x0800bfd8   0x00000010   Code   RO         7029    i.list_msgqueue     cmd.o
    0x0800bfe8   0x0800bfe8   0x00000010   Code   RO         7030    i.list_mutex        cmd.o
    0x0800bff8   0x0800bff8   0x00000210   Code   RO         7031    i.list_prefix       cmd.o
    0x0800c208   0x0800c208   0x00000010   Code   RO         7032    i.list_sem          cmd.o
    0x0800c218   0x0800c218   0x00000010   Code   RO         7033    i.list_thread       cmd.o
    0x0800c228   0x0800c228   0x00000010   Code   RO         7034    i.list_timer        cmd.o
    0x0800c238   0x0800c238   0x0000000e   Code   RO          153    i.main              startup.o
    0x0800c246   0x0800c246   0x00000002   PAD
    0x0800c248   0x0800c248   0x000000c4   Code   RO          757    i.main_thread_entry  main_app.o
    0x0800c30c   0x0800c30c   0x00000028   Code   RO         7719    i.make_sys_node     finsh_parser.o
    0x0800c334   0x0800c334   0x000000e8   Code   RO          349    i.menu_20mA_cali    menu_proc.o
    0x0800c41c   0x0800c41c   0x000000e4   Code   RO          350    i.menu_4mA_cali     menu_proc.o
    0x0800c500   0x0800c500   0x00000088   Code   RO          351    i.menu_after_service_setup  menu_proc.o
    0x0800c588   0x0800c588   0x000000dc   Code   RO          242    i.menu_back         menu_frame.o
    0x0800c664   0x0800c664   0x0000008c   Code   RO          352    i.menu_backlight_setup  menu_proc.o
    0x0800c6f0   0x0800c6f0   0x000001c0   Code   RO          353    i.menu_canbi_zhuodu  menu_proc.o
    0x0800c8b0   0x0800c8b0   0x000000cc   Code   RO          354    i.menu_clean_interval  menu_proc.o
    0x0800c97c   0x0800c97c   0x000000cc   Code   RO          355    i.menu_clean_time   menu_proc.o
    0x0800ca48   0x0800ca48   0x00000528   Code   RO          356    i.menu_coeff_a_b_setup  menu_proc.o
    0x0800cf70   0x0800cf70   0x0000000a   Code   RO          243    i.menu_default      menu_frame.o
    0x0800cf7a   0x0800cf7a   0x00000002   PAD
    0x0800cf7c   0x0800cf7c   0x000000f0   Code   RO          357    i.menu_display_ch123  menu_proc.o
    0x0800d06c   0x0800d06c   0x0000009c   Code   RO          358    i.menu_display_formula  menu_proc.o
    0x0800d108   0x0800d108   0x00000174   Code   RO          359    i.menu_display_zhuodu_xiguangdu  menu_proc.o
    0x0800d27c   0x0800d27c   0x00000264   Code   RO          360    i.menu_full_cali    menu_proc.o
    0x0800d4e0   0x0800d4e0   0x00000018   Code   RO          361    i.menu_init         menu_proc.o
    0x0800d4f8   0x0800d4f8   0x00000e60   Code   RO          362    i.menu_linear_cali  menu_proc.o
    0x0800e358   0x0800e358   0x000000c0   Code   RO          363    i.menu_linear_cali_point  menu_proc.o
    0x0800e418   0x0800e418   0x00000048   Code   RO          244    i.menu_main         menu_frame.o
    0x0800e460   0x0800e460   0x00000024   Code   RO          365    i.menu_main_disp    menu_proc.o
    0x0800e484   0x0800e484   0x000000c8   Code   RO          366    i.menu_password_setup  menu_proc.o
    0x0800e54c   0x0800e54c   0x000000a8   Code   RO          367    i.menu_range_select  menu_proc.o
    0x0800e5f4   0x0800e5f4   0x00000188   Code   RO          368    i.menu_range_setup  menu_proc.o
    0x0800e77c   0x0800e77c   0x000000b0   Code   RO          369    i.menu_relay_1_alarm_delay  menu_proc.o
    0x0800e82c   0x0800e82c   0x00000088   Code   RO          370    i.menu_relay_1_alarm_sel  menu_proc.o
    0x0800e8b4   0x0800e8b4   0x000000b4   Code   RO          371    i.menu_relay_1_alarm_value  menu_proc.o
    0x0800e968   0x0800e968   0x000000b0   Code   RO          372    i.menu_relay_2_alarm_delay  menu_proc.o
    0x0800ea18   0x0800ea18   0x00000094   Code   RO          373    i.menu_relay_2_alarm_sel  menu_proc.o
    0x0800eaac   0x0800eaac   0x000000b4   Code   RO          374    i.menu_relay_2_alarm_value  menu_proc.o
    0x0800eb60   0x0800eb60   0x000000c4   Code   RO          375    i.menu_relay_test   menu_proc.o
    0x0800ec24   0x0800ec24   0x00000104   Code   RO          376    i.menu_reset_factory  menu_proc.o
    0x0800ed28   0x0800ed28   0x000000d4   Code   RO          377    i.menu_rs485_baud   menu_proc.o
    0x0800edfc   0x0800edfc   0x000000e0   Code   RO          378    i.menu_rs485_check  menu_proc.o
    0x0800eedc   0x0800eedc   0x00000084   Code   RO          379    i.menu_rs485_databit  menu_proc.o
    0x0800ef60   0x0800ef60   0x00000108   Code   RO          380    i.menu_rs485_id     menu_proc.o
    0x0800f068   0x0800f068   0x000000b0   Code   RO          382    i.menu_serial_no_setup  menu_proc.o
    0x0800f118   0x0800f118   0x0000040c   Code   RO          383    i.menu_signal_setup  menu_proc.o
    0x0800f524   0x0800f524   0x000000bc   Code   RO          385    i.menu_temp_compensate  menu_proc.o
    0x0800f5e0   0x0800f5e0   0x000000a0   Code   RO          386    i.menu_temp_select  menu_proc.o
    0x0800f680   0x0800f680   0x00000088   Code   RO          387    i.menu_unit         menu_proc.o
    0x0800f708   0x0800f708   0x000000bc   Code   RO          245    i.menu_var_init     menu_frame.o
    0x0800f7c4   0x0800f7c4   0x00000368   Code   RO          388    i.menu_zero_cali    menu_proc.o
    0x0800fb2c   0x0800fb2c   0x00000174   Code   RO          389    i.menu_zero_compensate  menu_proc.o
    0x0800fca0   0x0800fca0   0x0000009c   Code   RO          758    i.messageq_thread_entry  main_app.o
    0x0800fd3c   0x0800fd3c   0x0000003a   Code   RO          759    i.modbus_app_thread_entry  main_app.o
    0x0800fd76   0x0800fd76   0x00000020   Code   RO          760    i.modbus_m_thread_entry  main_app.o
    0x0800fd96   0x0800fd96   0x00000002   PAD
    0x0800fd98   0x0800fd98   0x00000064   Code   RO          761    i.modbus_s_thread_entry  main_app.o
    0x0800fdfc   0x0800fdfc   0x00000138   Code   RO          246    i.node_proc         menu_frame.o
    0x0800ff34   0x0800ff34   0x0000003e   Code   RO         7035    i.object_name_maxlen  cmd.o
    0x0800ff72   0x0800ff72   0x00000002   PAD
    0x0800ff74   0x0800ff74   0x0000001c   Code   RO         7036    i.object_split      cmd.o
    0x0800ff90   0x0800ff90   0x00000034   Code   RO          390    i.pass_proc         menu_proc.o
    0x0800ffc4   0x0800ffc4   0x00000048   Code   RO         1154    i.pin_irq_hdr       gpio.o
    0x0801000c   0x0801000c   0x0000010c   Code   RO         5715    i.plug_holes        mem.o
    0x08010118   0x08010118   0x0000018c   Code   RO         5518    i.print_number      kservice.o
    0x080102a4   0x080102a4   0x00000072   Code   RO         7720    i.proc_additive_expr  finsh_parser.o
    0x08010316   0x08010316   0x0000004c   Code   RO         7721    i.proc_and_expr     finsh_parser.o
    0x08010362   0x08010362   0x00000038   Code   RO         7722    i.proc_assign_expr  finsh_parser.o
    0x0801039a   0x0801039a   0x0000004e   Code   RO         7723    i.proc_cast_expr    finsh_parser.o
    0x080103e8   0x080103e8   0x0000004c   Code   RO         7724    i.proc_exclusive_or_expr  finsh_parser.o
    0x08010434   0x08010434   0x0000000c   Code   RO         7725    i.proc_expr         finsh_parser.o
    0x08010440   0x08010440   0x00000038   Code   RO         7726    i.proc_expr_statement  finsh_parser.o
    0x08010478   0x08010478   0x0000002c   Code   RO         7727    i.proc_identifier   finsh_parser.o
    0x080104a4   0x080104a4   0x0000004c   Code   RO         7728    i.proc_inclusive_or_expr  finsh_parser.o
    0x080104f0   0x080104f0   0x0000008a   Code   RO         7729    i.proc_multiplicative_expr  finsh_parser.o
    0x0801057a   0x0801057a   0x0000004c   Code   RO         7730    i.proc_param_list   finsh_parser.o
    0x080105c6   0x080105c6   0x000000a2   Code   RO         7731    i.proc_postfix_expr  finsh_parser.o
    0x08010668   0x08010668   0x0000009e   Code   RO         7732    i.proc_primary_expr  finsh_parser.o
    0x08010706   0x08010706   0x00000074   Code   RO         7733    i.proc_shift_expr   finsh_parser.o
    0x0801077a   0x0801077a   0x000000fa   Code   RO         7734    i.proc_type         finsh_parser.o
    0x08010874   0x08010874   0x000000be   Code   RO         7735    i.proc_unary_expr   finsh_parser.o
    0x08010932   0x08010932   0x000001da   Code   RO         7736    i.proc_variable_decl  finsh_parser.o
    0x08010b0c   0x08010b0c   0x00000022   Code   RO         8219    i.prveMBError2Exception  mbutils.o
    0x08010b2e   0x08010b2e   0x00000002   PAD
    0x08010b30   0x08010b30   0x00000010   Code   RO         8535    i.prvvTIMERExpiredISR  porttimer.o
    0x08010b40   0x08010b40   0x00000010   Code   RO         9132    i.prvvTIMERExpiredISR  porttimer_m.o
    0x08010b50   0x08010b50   0x00000010   Code   RO         8467    i.prvvUARTRxISR     portserial.o
    0x08010b60   0x08010b60   0x00000010   Code   RO         9064    i.prvvUARTRxISR     portserial_m.o
    0x08010b70   0x08010b70   0x00000010   Code   RO         8468    i.prvvUARTTxReadyISR  portserial.o
    0x08010b80   0x08010b80   0x00000010   Code   RO         9065    i.prvvUARTTxReadyISR  portserial_m.o
    0x08010b90   0x08010b90   0x0000004c   Code   RO          732    i.restore_factory_settings  factory_setting.o
    0x08010bdc   0x08010bdc   0x00000030   Code   RO            3    i.rt_application_init  application.o
    0x08010c0c   0x08010c0c   0x00000074   Code   RO         5519    i.rt_assert_handler  kservice.o
    0x08010c80   0x08010c80   0x00000068   Code   RO         6462    i.rt_completion_done  completion.o
    0x08010ce8   0x08010ce8   0x00000048   Code   RO         6463    i.rt_completion_init  completion.o
    0x08010d30   0x08010d30   0x0000013c   Code   RO         6464    i.rt_completion_wait  completion.o
    0x08010e6c   0x08010e6c   0x0000001c   Code   RO         7999    i.rt_components_board_init  components.o
    0x08010e88   0x08010e88   0x0000001c   Code   RO         8000    i.rt_components_init  components.o
    0x08010ea4   0x08010ea4   0x0000000c   Code   RO         5521    i.rt_console_get_device  kservice.o
    0x08010eb0   0x08010eb0   0x00000034   Code   RO         5522    i.rt_console_set_device  kservice.o
    0x08010ee4   0x08010ee4   0x00000064   Code   RO         6495    i.rt_data_queue_init  dataqueue.o
    0x08010f48   0x08010f48   0x00000080   Code   RO         6496    i.rt_data_queue_peak  dataqueue.o
    0x08010fc8   0x08010fc8   0x000001bc   Code   RO         6497    i.rt_data_queue_pop  dataqueue.o
    0x08011184   0x08011184   0x0000015c   Code   RO         6498    i.rt_data_queue_push  dataqueue.o
    0x080112e0   0x080112e0   0x00000058   Code   RO         5076    i.rt_device_close   device.o
    0x08011338   0x08011338   0x00000050   Code   RO         5078    i.rt_device_find    device.o
    0x08011388   0x08011388   0x000000e8   Code   RO         5081    i.rt_device_open    device.o
    0x08011470   0x08011470   0x00000048   Code   RO         6831    i.rt_device_pin_register  pin.o
    0x080114b8   0x080114b8   0x00000060   Code   RO         5082    i.rt_device_read    device.o
    0x08011518   0x08011518   0x00000034   Code   RO         5083    i.rt_device_register  device.o
    0x0801154c   0x0801154c   0x00000030   Code   RO         5084    i.rt_device_set_rx_indicate  device.o
    0x0801157c   0x0801157c   0x00000060   Code   RO         5087    i.rt_device_write   device.o
    0x080115dc   0x080115dc   0x00000064   Code   RO         6374    i.rt_dma_calc_recved_len  serial.o
    0x08011640   0x08011640   0x00000098   Code   RO         6375    i.rt_dma_recv_update_get_index  serial.o
    0x080116d8   0x080116d8   0x000000b0   Code   RO         6376    i.rt_dma_recv_update_put_index  serial.o
    0x08011788   0x08011788   0x00000020   Code   RO         5952    i.rt_enter_critical  scheduler.o
    0x080117a8   0x080117a8   0x00000048   Code   RO         5208    i.rt_event_init     ipc.o
    0x080117f0   0x080117f0   0x000001f0   Code   RO         5209    i.rt_event_recv     ipc.o
    0x080119e0   0x080119e0   0x000000f0   Code   RO         5210    i.rt_event_send     ipc.o
    0x08011ad0   0x08011ad0   0x0000003c   Code   RO         5953    i.rt_exit_critical  scheduler.o
    0x08011b0c   0x08011b0c   0x0000019c   Code   RO         5717    i.rt_free           mem.o
    0x08011ca8   0x08011ca8   0x00000024   Code   RO         5524    i.rt_get_errno      kservice.o
    0x08011ccc   0x08011ccc   0x00000078   Code   RO          911    i.rt_hw_board_init  board.o
    0x08011d44   0x08011d44   0x00000002   Code   RO         5525    i.rt_hw_console_output  kservice.o
    0x08011d46   0x08011d46   0x00000002   PAD
    0x08011d48   0x08011d48   0x00000018   Code   RO         1814    i.rt_hw_fm24cl16_init  fm24cl16.o
    0x08011d60   0x08011d60   0x00000200   Code   RO         6295    i.rt_hw_hard_fault_exception  cpuport.o
    0x08011f60   0x08011f60   0x00000034   Code   RO         1751    i.rt_hw_i2c_init    i2c_soft.o
    0x08011f94   0x08011f94   0x00000010   Code   RO         1283    i.rt_hw_lcd_init    lcd12864.o
    0x08011fa4   0x08011fa4   0x000001d0   Code   RO         6377    i.rt_hw_serial_isr  serial.o
    0x08012174   0x08012174   0x0000007c   Code   RO         6378    i.rt_hw_serial_register  serial.o
    0x080121f0   0x080121f0   0x0000004c   Code   RO         6296    i.rt_hw_stack_init  cpuport.o
    0x0801223c   0x0801223c   0x000000d0   Code   RO         1037    i.rt_hw_usart_init  usart.o
    0x0801230c   0x0801230c   0x00000018   Code   RO         1678    i.rt_i2c_bit_add_bus  i2c-bit-ops.o
    0x08012324   0x08012324   0x0000005c   Code   RO         1639    i.rt_i2c_bus_device_device_init  i2c_dev.o
    0x08012380   0x08012380   0x0000001e   Code   RO         1590    i.rt_i2c_bus_device_find  i2c_core.o
    0x0801239e   0x0801239e   0x00000002   PAD
    0x080123a0   0x080123a0   0x0000003c   Code   RO         1591    i.rt_i2c_bus_device_register  i2c_core.o
    0x080123dc   0x080123dc   0x00000004   Code   RO         1592    i.rt_i2c_core_init  i2c_core.o
    0x080123e0   0x080123e0   0x00000070   Code   RO         1593    i.rt_i2c_master_recv  i2c_core.o
    0x08012450   0x08012450   0x00000042   Code   RO         1594    i.rt_i2c_master_send  i2c_core.o
    0x08012492   0x08012492   0x0000003c   Code   RO         1595    i.rt_i2c_transfer   i2c_core.o
    0x080124ce   0x080124ce   0x00000014   Code   RO            4    i.rt_init_thread_entry  application.o
    0x080124e2   0x080124e2   0x00000002   PAD
    0x080124e4   0x080124e4   0x00000038   Code   RO         5478    i.rt_interrupt_enter  irq.o
    0x0801251c   0x0801251c   0x0000000c   Code   RO         5480    i.rt_interrupt_get_nest  irq.o
    0x08012528   0x08012528   0x00000038   Code   RO         5481    i.rt_interrupt_leave  irq.o
    0x08012560   0x08012560   0x00000018   Code   RO         5211    i.rt_ipc_list_resume  ipc.o
    0x08012578   0x08012578   0x0000006c   Code   RO         5213    i.rt_ipc_list_suspend  ipc.o
    0x080125e4   0x080125e4   0x00000010   Code   RO         5214    i.rt_ipc_object_init  ipc.o
    0x080125f4   0x080125f4   0x00000068   Code   RO         5526    i.rt_kprintf        kservice.o
    0x0801265c   0x0801265c   0x00000006   Code   RO         5215    i.rt_list_init      ipc.o
    0x08012662   0x08012662   0x00000006   Code   RO         5954    i.rt_list_init      scheduler.o
    0x08012668   0x08012668   0x00000006   Code   RO         6167    i.rt_list_init      timer.o
    0x0801266e   0x0801266e   0x00000006   Code   RO         6500    i.rt_list_init      dataqueue.o
    0x08012674   0x08012674   0x0000000e   Code   RO         5849    i.rt_list_insert_after  object.o
    0x08012682   0x08012682   0x0000000e   Code   RO         6030    i.rt_list_insert_after  thread.o
    0x08012690   0x08012690   0x0000000e   Code   RO         6168    i.rt_list_insert_after  timer.o
    0x0801269e   0x0801269e   0x0000000e   Code   RO         5216    i.rt_list_insert_before  ipc.o
    0x080126ac   0x080126ac   0x0000000e   Code   RO         6501    i.rt_list_insert_before  dataqueue.o
    0x080126ba   0x080126ba   0x00000010   Code   RO         5217    i.rt_list_isempty   ipc.o
    0x080126ca   0x080126ca   0x00000010   Code   RO         6169    i.rt_list_isempty   timer.o
    0x080126da   0x080126da   0x00000010   Code   RO         6465    i.rt_list_isempty   completion.o
    0x080126ea   0x080126ea   0x00000010   Code   RO         6502    i.rt_list_isempty   dataqueue.o
    0x080126fa   0x080126fa   0x00000010   Code   RO         7037    i.rt_list_isempty   cmd.o
    0x0801270a   0x0801270a   0x00000014   Code   RO         7038    i.rt_list_len       cmd.o
    0x0801271e   0x0801271e   0x00000012   Code   RO         5850    i.rt_list_remove    object.o
    0x08012730   0x08012730   0x00000012   Code   RO         6031    i.rt_list_remove    thread.o
    0x08012742   0x08012742   0x00000002   PAD
    0x08012744   0x08012744   0x0000017c   Code   RO          762    i.rt_main_app_init  main_app.o
    0x080128c0   0x080128c0   0x000002b4   Code   RO         5719    i.rt_malloc         mem.o
    0x08012b74   0x08012b74   0x0000007c   Code   RO         5530    i.rt_memcpy         kservice.o
    0x08012bf0   0x08012bf0   0x00000042   Code   RO         5531    i.rt_memmove        kservice.o
    0x08012c32   0x08012c32   0x00000048   Code   RO         5532    i.rt_memset         kservice.o
    0x08012c7a   0x08012c7a   0x00000002   PAD
    0x08012c7c   0x08012c7c   0x0000008c   Code   RO         5230    i.rt_mq_init        ipc.o
    0x08012d08   0x08012d08   0x00000240   Code   RO         5231    i.rt_mq_recv        ipc.o
    0x08012f48   0x08012f48   0x00000100   Code   RO         5232    i.rt_mq_send        ipc.o
    0x08013048   0x08013048   0x00000054   Code   RO         5238    i.rt_mutex_init     ipc.o
    0x0801309c   0x0801309c   0x00000178   Code   RO         5239    i.rt_mutex_release  ipc.o
    0x08013214   0x08013214   0x000001d4   Code   RO         5240    i.rt_mutex_take     ipc.o
    0x080133e8   0x080133e8   0x000000b8   Code   RO         5851    i.rt_object_allocate  object.o
    0x080134a0   0x080134a0   0x0000009c   Code   RO         5853    i.rt_object_delete  object.o
    0x0801353c   0x0801353c   0x00000054   Code   RO         5854    i.rt_object_detach  object.o
    0x08013590   0x08013590   0x00000054   Code   RO         5858    i.rt_object_init    object.o
    0x080135e4   0x080135e4   0x0000003c   Code   RO         5859    i.rt_object_is_systemobject  object.o
    0x08013620   0x08013620   0x00000048   Code   RO         6834    i.rt_pin_mode       pin.o
    0x08013668   0x08013668   0x00000048   Code   RO         6836    i.rt_pin_write      pin.o
    0x080136b0   0x080136b0   0x000000a4   Code   RO         5955    i.rt_schedule       scheduler.o
    0x08013754   0x08013754   0x00000074   Code   RO         5956    i.rt_schedule_insert_thread  scheduler.o
    0x080137c8   0x080137c8   0x00000080   Code   RO         5957    i.rt_schedule_remove_thread  scheduler.o
    0x08013848   0x08013848   0x00000048   Code   RO         5245    i.rt_sem_init       ipc.o
    0x08013890   0x08013890   0x00000054   Code   RO         5246    i.rt_sem_release    ipc.o
    0x080138e4   0x080138e4   0x00000188   Code   RO         5247    i.rt_sem_take       ipc.o
    0x08013a6c   0x08013a6c   0x00000184   Code   RO         6379    i.rt_serial_close   serial.o
    0x08013bf0   0x08013bf0   0x000000a0   Code   RO         6380    i.rt_serial_control  serial.o
    0x08013c90   0x08013c90   0x00000048   Code   RO         6381    i.rt_serial_init    serial.o
    0x08013cd8   0x08013cd8   0x0000023c   Code   RO         6382    i.rt_serial_open    serial.o
    0x08013f14   0x08013f14   0x0000006c   Code   RO         6383    i.rt_serial_read    serial.o
    0x08013f80   0x08013f80   0x0000006c   Code   RO         6384    i.rt_serial_write   serial.o
    0x08013fec   0x08013fec   0x00000028   Code   RO         5533    i.rt_set_errno      kservice.o
    0x08014014   0x08014014   0x000000b0   Code   RO         5534    i.rt_show_version   kservice.o
    0x080140c4   0x080140c4   0x000000a0   Code   RO         6170    i.rt_soft_timer_check  timer.o
    0x08014164   0x08014164   0x00000012   Code   RO         5540    i.rt_strlen         kservice.o
    0x08014176   0x08014176   0x00000028   Code   RO         5541    i.rt_strncmp        kservice.o
    0x0801419e   0x0801419e   0x00000034   Code   RO         5542    i.rt_strncpy        kservice.o
    0x080141d2   0x080141d2   0x00000002   PAD
    0x080141d4   0x080141d4   0x00000150   Code   RO         5723    i.rt_system_heap_init  mem.o
    0x08014324   0x08014324   0x00000050   Code   RO         5959    i.rt_system_scheduler_init  scheduler.o
    0x08014374   0x08014374   0x00000030   Code   RO         5960    i.rt_system_scheduler_start  scheduler.o
    0x080143a4   0x080143a4   0x0000001c   Code   RO         6171    i.rt_system_timer_init  timer.o
    0x080143c0   0x080143c0   0x00000054   Code   RO         6172    i.rt_system_timer_thread_init  timer.o
    0x08014414   0x08014414   0x00000098   Code   RO         6032    i.rt_thread_control  thread.o
    0x080144ac   0x080144ac   0x00000050   Code   RO         6033    i.rt_thread_create  thread.o
    0x080144fc   0x080144fc   0x0000000c   Code   RO         6034    i.rt_thread_delay   thread.o
    0x08014508   0x08014508   0x00000064   Code   RO         6035    i.rt_thread_delete  thread.o
    0x0801456c   0x0801456c   0x00000054   Code   RO         6037    i.rt_thread_exit    thread.o
    0x080145c0   0x080145c0   0x00000018   Code   RO         5157    i.rt_thread_idle_entry  idle.o
    0x080145d8   0x080145d8   0x000000cc   Code   RO         5158    i.rt_thread_idle_excute  idle.o
    0x080146a4   0x080146a4   0x0000003c   Code   RO         5160    i.rt_thread_idle_init  idle.o
    0x080146e0   0x080146e0   0x0000007c   Code   RO         6039    i.rt_thread_init    thread.o
    0x0801475c   0x0801475c   0x0000007c   Code   RO         6041    i.rt_thread_resume  thread.o
    0x080147d8   0x080147d8   0x0000000c   Code   RO         6043    i.rt_thread_self    thread.o
    0x080147e4   0x080147e4   0x00000068   Code   RO         6044    i.rt_thread_sleep   thread.o
    0x0801484c   0x0801484c   0x0000008c   Code   RO         6045    i.rt_thread_startup  thread.o
    0x080148d8   0x080148d8   0x0000007c   Code   RO         6046    i.rt_thread_suspend  thread.o
    0x08014954   0x08014954   0x00000080   Code   RO         6048    i.rt_thread_timeout  thread.o
    0x080149d4   0x080149d4   0x00000044   Code   RO         6173    i.rt_thread_timer_entry  timer.o
    0x08014a18   0x08014a18   0x00000060   Code   RO         6049    i.rt_thread_yield   thread.o
    0x08014a78   0x08014a78   0x0000000c   Code   RO         5040    i.rt_tick_get       clock.o
    0x08014a84   0x08014a84   0x00000030   Code   RO         5041    i.rt_tick_increase  clock.o
    0x08014ab4   0x08014ab4   0x0000009c   Code   RO         6174    i.rt_timer_check    timer.o
    0x08014b50   0x08014b50   0x00000064   Code   RO         6175    i.rt_timer_control  timer.o
    0x08014bb4   0x08014bb4   0x00000036   Code   RO         6176    i.rt_timer_create   timer.o
    0x08014bea   0x08014bea   0x00000002   PAD
    0x08014bec   0x08014bec   0x00000044   Code   RO         6178    i.rt_timer_detach   timer.o
    0x08014c30   0x08014c30   0x00000054   Code   RO         6179    i.rt_timer_init     timer.o
    0x08014c84   0x08014c84   0x0000001c   Code   RO         6180    i.rt_timer_list_next_timeout  timer.o
    0x08014ca0   0x08014ca0   0x0000019c   Code   RO         6182    i.rt_timer_start    timer.o
    0x08014e3c   0x08014e3c   0x0000006c   Code   RO         6183    i.rt_timer_stop     timer.o
    0x08014ea8   0x08014ea8   0x00000328   Code   RO         5545    i.rt_vsnprintf      kservice.o
    0x080151d0   0x080151d0   0x00000004   Code   RO         8001    i.rti_board_end     components.o
    0x080151d4   0x080151d4   0x00000004   Code   RO         8002    i.rti_board_start   components.o
    0x080151d8   0x080151d8   0x00000004   Code   RO         8003    i.rti_end           components.o
    0x080151dc   0x080151dc   0x00000004   Code   RO         8004    i.rti_start         components.o
    0x080151e0   0x080151e0   0x00000030   Code   RO          154    i.rtthread_startup  startup.o
    0x08015210   0x08015210   0x0000000e   Code   RO         8469    i.serial_rx_ind     portserial.o
    0x0801521e   0x0801521e   0x0000000e   Code   RO         9066    i.serial_rx_ind     portserial_m.o
    0x0801522c   0x0801522c   0x00000020   Code   RO         8470    i.serial_soft_trans_irq  portserial.o
    0x0801524c   0x0801524c   0x00000020   Code   RO         9067    i.serial_soft_trans_irq  portserial_m.o
    0x0801526c   0x0801526c   0x00000454   Code   RO          391    i.set_int_float_min_max  menu_proc.o
    0x080156c0   0x080156c0   0x00000020   Code   RO         1284    i.set_line_dat      lcd12864.o
    0x080156e0   0x080156e0   0x00000334   Code   RO          845    i.set_number_box    12864_ui.o
    0x08015a14   0x08015a14   0x000001f8   Code   RO          392    i.set_select        menu_proc.o
    0x08015c0c   0x08015c0c   0x00000030   Code   RO         6904    i.shell_auto_complete  shell.o
    0x08015c3c   0x08015c3c   0x00000034   Code   RO         6905    i.shell_handle_history  shell.o
    0x08015c70   0x08015c70   0x000000dc   Code   RO         6906    i.shell_push_history  shell.o
    0x08015d4c   0x08015d4c   0x00000030   Code   RO         7039    i.show_wait_queue   cmd.o
    0x08015d7c   0x08015d7c   0x00000026   Code   RO         5547    i.skip_atoi         kservice.o
    0x08015da2   0x08015da2   0x00000002   PAD
    0x08015da4   0x08015da4   0x00000018   Code   RO         1451    i.statKeyDownDown   bsp_button.o
    0x08015dbc   0x08015dbc   0x00000018   Code   RO         1452    i.statKeyDownMenu   bsp_button.o
    0x08015dd4   0x08015dd4   0x00000054   Code   RO         1453    i.statKeyDownMenuDown  bsp_button.o
    0x08015e28   0x08015e28   0x00000054   Code   RO         1454    i.statKeyDownMenuOk  bsp_button.o
    0x08015e7c   0x08015e7c   0x00000054   Code   RO         1455    i.statKeyDownMenuUp  bsp_button.o
    0x08015ed0   0x08015ed0   0x00000018   Code   RO         1456    i.statKeyDownOk     bsp_button.o
    0x08015ee8   0x08015ee8   0x00000018   Code   RO         1457    i.statKeyDownUp     bsp_button.o
    0x08015f00   0x08015f00   0x000000e8   Code   RO         1038    i.stm32_configure   usart.o
    0x08015fe8   0x08015fe8   0x000000a4   Code   RO         1039    i.stm32_control     usart.o
    0x0801608c   0x0801608c   0x00000010   Code   RO         1752    i.stm32_get_scl     i2c_soft.o
    0x0801609c   0x0801609c   0x00000010   Code   RO         1753    i.stm32_get_sda     i2c_soft.o
    0x080160ac   0x080160ac   0x00000044   Code   RO         1040    i.stm32_getc        usart.o
    0x080160f0   0x080160f0   0x0000001c   Code   RO         1155    i.stm32_hw_pin_init  gpio.o
    0x0801610c   0x0801610c   0x000000dc   Code   RO         1156    i.stm32_pin_attach_irq  gpio.o
    0x080161e8   0x080161e8   0x0000008c   Code   RO         1157    i.stm32_pin_dettach_irq  gpio.o
    0x08016274   0x08016274   0x00000150   Code   RO         1158    i.stm32_pin_irq_enable  gpio.o
    0x080163c4   0x080163c4   0x00000064   Code   RO         1159    i.stm32_pin_mode    gpio.o
    0x08016428   0x08016428   0x00000030   Code   RO         1160    i.stm32_pin_read    gpio.o
    0x08016458   0x08016458   0x00000034   Code   RO         1161    i.stm32_pin_write   gpio.o
    0x0801648c   0x0801648c   0x00000078   Code   RO         1041    i.stm32_putc        usart.o
    0x08016504   0x08016504   0x00000020   Code   RO         1755    i.stm32_set_scl     i2c_soft.o
    0x08016524   0x08016524   0x0000001c   Code   RO         1756    i.stm32_set_sda     i2c_soft.o
    0x08016540   0x08016540   0x00000026   Code   RO         1757    i.stm32_udelay      i2c_soft.o
    0x08016566   0x08016566   0x00000020   Code   RO         7040    i.str_common        cmd.o
    0x08016586   0x08016586   0x00000022   Code   RO         7041    i.str_is_prefix     cmd.o
    0x080165a8   0x080165a8   0x0000001c   Code   RO          763    i.timeout1          main_app.o
    0x080165c4   0x080165c4   0x0000001c   Code   RO          764    i.timeout2          main_app.o
    0x080165e0   0x080165e0   0x0000000a   Code   RO         8536    i.timer_timeout_ind  porttimer.o
    0x080165ea   0x080165ea   0x0000000a   Code   RO         9133    i.timer_timeout_ind  porttimer_m.o
    0x080165f4   0x080165f4   0x00000078   Code   RO         7919    i.token_get_string  finsh_token.o
    0x0801666c   0x0801666c   0x00000034   Code   RO         7920    i.token_match_name  finsh_token.o
    0x080166a0   0x080166a0   0x0000003e   Code   RO         7921    i.token_next_char   finsh_token.o
    0x080166de   0x080166de   0x00000016   Code   RO         7922    i.token_prev_char   finsh_token.o
    0x080166f4   0x080166f4   0x000000a2   Code   RO         7923    i.token_proc_char   finsh_token.o
    0x08016796   0x08016796   0x000000d6   Code   RO         7924    i.token_proc_escape  finsh_token.o
    0x0801686c   0x0801686c   0x00000120   Code   RO         7925    i.token_proc_number  finsh_token.o
    0x0801698c   0x0801698c   0x00000050   Code   RO         7926    i.token_proc_string  finsh_token.o
    0x080169dc   0x080169dc   0x0000019e   Code   RO         7927    i.token_run         finsh_token.o
    0x08016b7a   0x08016b7a   0x00000098   Code   RO         7928    i.token_spec_number  finsh_token.o
    0x08016c12   0x08016c12   0x00000022   Code   RO         7929    i.token_trim_space  finsh_token.o
    0x08016c34   0x08016c34   0x00000054   Code   RO         1285    i.transfer_cmd      lcd12864.o
    0x08016c88   0x08016c88   0x00000054   Code   RO         1286    i.transfer_dat      lcd12864.o
    0x08016cdc   0x08016cdc   0x000000a8   Code   RO         1042    i.uart_isr          usart.o
    0x08016d84   0x08016d84   0x0000000c   Code   RO         8901    i.ucMBMasterGetDestAddress  mb_m.o
    0x08016d90   0x08016d90   0x000000b0   Code   RO          247    i.update_node_list  menu_frame.o
    0x08016e40   0x08016e40   0x00000038   Code   RO         8251    i.usMBCRC16         mbcrc.o
    0x08016e78   0x08016e78   0x0000000c   Code   RO         8799    i.usMBMasterGetPDUSndLength  mbrtu_m.o
    0x08016e84   0x08016e84   0x00000010   Code   RO         8983    i.vMBMasterCBRequestScuuess  portevent_m.o
    0x08016e94   0x08016e94   0x00000018   Code   RO         8984    i.vMBMasterErrorCBExecuteFunction  portevent_m.o
    0x08016eac   0x08016eac   0x00000018   Code   RO         8985    i.vMBMasterErrorCBReceiveData  portevent_m.o
    0x08016ec4   0x08016ec4   0x00000018   Code   RO         8986    i.vMBMasterErrorCBRespondTimeout  portevent_m.o
    0x08016edc   0x08016edc   0x0000000c   Code   RO         8800    i.vMBMasterGetPDUSndBuf  mbrtu_m.o
    0x08016ee8   0x08016ee8   0x00000020   Code   RO         8987    i.vMBMasterOsResInit  portevent_m.o
    0x08016f08   0x08016f08   0x00000068   Code   RO         9069    i.vMBMasterPortSerialEnable  portserial_m.o
    0x08016f70   0x08016f70   0x00000024   Code   RO         9134    i.vMBMasterPortTimersConvertDelayEnable  porttimer_m.o
    0x08016f94   0x08016f94   0x00000010   Code   RO         9135    i.vMBMasterPortTimersDisable  porttimer_m.o
    0x08016fa4   0x08016fa4   0x00000024   Code   RO         9136    i.vMBMasterPortTimersRespondTimeoutEnable  porttimer_m.o
    0x08016fc8   0x08016fc8   0x00000034   Code   RO         9137    i.vMBMasterPortTimersT35Enable  porttimer_m.o
    0x08016ffc   0x08016ffc   0x00000010   Code   RO         8988    i.vMBMasterRunResRelease  portevent_m.o
    0x0801700c   0x0801700c   0x0000000c   Code   RO         8902    i.vMBMasterSetCBRunInMasterMode  mb_m.o
    0x08017018   0x08017018   0x0000000c   Code   RO         8802    i.vMBMasterSetCurTimerMode  mbrtu_m.o
    0x08017024   0x08017024   0x0000000c   Code   RO         8903    i.vMBMasterSetDestAddress  mb_m.o
    0x08017030   0x08017030   0x0000000c   Code   RO         8904    i.vMBMasterSetErrorType  mb_m.o
    0x0801703c   0x0801703c   0x0000000c   Code   RO         8803    i.vMBMasterSetPDUSndLength  mbrtu_m.o
    0x08017048   0x08017048   0x00000068   Code   RO         8472    i.vMBPortSerialEnable  portserial.o
    0x080170b0   0x080170b0   0x00000010   Code   RO         8537    i.vMBPortTimersDisable  porttimer.o
    0x080170c0   0x080170c0   0x00000010   Code   RO         8538    i.vMBPortTimersEnable  porttimer.o
    0x080170d0   0x080170d0   0x0000000a   Code   RO         7042    i.version           cmd.o
    0x080170da   0x080170da   0x00000002   PAD
    0x080170dc   0x080170dc   0x0000005c   Code   RO         8989    i.xMBMasterPortEventGet  portevent_m.o
    0x08017138   0x08017138   0x00000024   Code   RO         8990    i.xMBMasterPortEventInit  portevent_m.o
    0x0801715c   0x0801715c   0x00000014   Code   RO         8991    i.xMBMasterPortEventPost  portevent_m.o
    0x08017170   0x08017170   0x00000020   Code   RO         9070    i.xMBMasterPortSerialGetByte  portserial_m.o
    0x08017190   0x08017190   0x00000174   Code   RO         9071    i.xMBMasterPortSerialInit  portserial_m.o
    0x08017304   0x08017304   0x0000001c   Code   RO         9072    i.xMBMasterPortSerialPutByte  portserial_m.o
    0x08017320   0x08017320   0x0000004c   Code   RO         9138    i.xMBMasterPortTimersInit  porttimer_m.o
    0x0801736c   0x0801736c   0x000000e4   Code   RO         8804    i.xMBMasterRTUReceiveFSM  mbrtu_m.o
    0x08017450   0x08017450   0x00000110   Code   RO         8805    i.xMBMasterRTUTimerExpired  mbrtu_m.o
    0x08017560   0x08017560   0x000000dc   Code   RO         8806    i.xMBMasterRTUTransmitFSM  mbrtu_m.o
    0x0801763c   0x0801763c   0x0000000c   Code   RO         8807    i.xMBMasterRequestIsBroadcast  mbrtu_m.o
    0x08017648   0x08017648   0x0000001c   Code   RO         8992    i.xMBMasterRunResTake  portevent_m.o
    0x08017664   0x08017664   0x0000004c   Code   RO         8433    i.xMBPortEventGet   portevent.o
    0x080176b0   0x080176b0   0x00000020   Code   RO         8434    i.xMBPortEventInit  portevent.o
    0x080176d0   0x080176d0   0x00000014   Code   RO         8435    i.xMBPortEventPost  portevent.o
    0x080176e4   0x080176e4   0x00000020   Code   RO         8473    i.xMBPortSerialGetByte  portserial.o
    0x08017704   0x08017704   0x0000016c   Code   RO         8474    i.xMBPortSerialInit  portserial.o
    0x08017870   0x08017870   0x0000001c   Code   RO         8475    i.xMBPortSerialPutByte  portserial.o
    0x0801788c   0x0801788c   0x0000003c   Code   RO         8539    i.xMBPortTimersInit  porttimer.o
    0x080178c8   0x080178c8   0x000000d0   Code   RO         8281    i.xMBRTUReceiveFSM  mbrtu.o
    0x08017998   0x08017998   0x00000098   Code   RO         8282    i.xMBRTUTimerT35Expired  mbrtu.o
    0x08017a30   0x08017a30   0x000000b8   Code   RO         8283    i.xMBRTUTransmitFSM  mbrtu.o
    0x08017ae8   0x08017ae8   0x0000002a   Code   RO         8220    i.xMBUtilGetBits    mbutils.o
    0x08017b12   0x08017b12   0x00000002   PAD
    0x08017b14   0x08017b14   0x000000a4   Code   RO         8221    i.xMBUtilSetBits    mbutils.o
    0x08017bb8   0x08017bb8   0x00000154   Code   RO          894    i.zhuodu_alarm      zhuodu_misc.o
    0x08017d0c   0x08017d0c   0x0000051c   Data   RO          394    .constdata          menu_proc.o
    0x08018228   0x08018228   0x00000040   Data   RO          733    .constdata          factory_setting.o
    0x08018268   0x08018268   0x0000005c   Data   RO         1044    .constdata          usart.o
    0x080182c4   0x080182c4   0x000004e8   Data   RO         1162    .constdata          gpio.o
    0x080187ac   0x080187ac   0x00000800   Data   RO         1410    .constdata          asc16.o
    0x08018fac   0x08018fac   0x00003fc4   Data   RO         1419    .constdata          hz_fonts.o
    0x0801cf70   0x0801cf70   0x0000001d   Data   RO         1551    .constdata          fm24clxx.o
    0x0801cf8d   0x0801cf8d   0x00000013   Data   RO         1596    .constdata          i2c_core.o
    0x0801cfa0   0x0801cfa0   0x0000005e   Data   RO         1640    .constdata          i2c_dev.o
    0x0801cffe   0x0801cffe   0x00000002   PAD
    0x0801d000   0x0801d000   0x0000000c   Data   RO         1679    .constdata          i2c-bit-ops.o
    0x0801d00c   0x0801d00c   0x00000020   Data   RO         1759    .constdata          i2c_soft.o
    0x0801d02c   0x0801d02c   0x00000008   Data   RO         1815    .constdata          fm24cl16.o
    0x0801d034   0x0801d034   0x000000a8   Data   RO         5088    .constdata          device.o
    0x0801d0dc   0x0801d0dc   0x00000016   Data   RO         5163    .constdata          idle.o
    0x0801d0f2   0x0801d0f2   0x000001d7   Data   RO         5249    .constdata          ipc.o
    0x0801d2c9   0x0801d2c9   0x00000022   Data   RO         5549    .constdata          kservice.o
    0x0801d2eb   0x0801d2eb   0x00000046   Data   RO         5725    .constdata          mem.o
    0x0801d331   0x0801d331   0x0000005e   Data   RO         5864    .constdata          object.o
    0x0801d38f   0x0801d38f   0x0000004e   Data   RO         5962    .constdata          scheduler.o
    0x0801d3dd   0x0801d3dd   0x000000aa   Data   RO         6050    .constdata          thread.o
    0x0801d487   0x0801d487   0x0000005c   Data   RO         6186    .constdata          timer.o
    0x0801d4e3   0x0801d4e3   0x00000124   Data   RO         6385    .constdata          serial.o
    0x0801d607   0x0801d607   0x00000039   Data   RO         6466    .constdata          completion.o
    0x0801d640   0x0801d640   0x0000004b   Data   RO         6503    .constdata          dataqueue.o
    0x0801d68b   0x0801d68b   0x0000007b   Data   RO         6838    .constdata          pin.o
    0x0801d706   0x0801d706   0x0000005b   Data   RO         6908    .constdata          shell.o
    0x0801d761   0x0801d761   0x00000003   PAD
    0x0801d764   0x0801d764   0x00000050   Data   RO         7043    .constdata          cmd.o
    0x0801d7b4   0x0801d7b4   0x000000c4   Data   RO         7465    .constdata          finsh_ops.o
    0x0801d878   0x0801d878   0x00000040   Data   RO         7930    .constdata          finsh_token.o
    0x0801d8b8   0x0801d8b8   0x00000200   Data   RO         8252    .constdata          mbcrc.o
    0x0801dab8   0x0801dab8   0x00000081   Data   RO         9614    .constdata          mc_w.l(ctype_o.o)
    0x0801db39   0x0801db39   0x00000003   PAD
    0x0801db3c   0x0801db3c   0x00000004   Data   RO         9615    .constdata          mc_w.l(ctype_o.o)
    0x0801db40   0x0801db40   0x000005c5   Data   RO          395    .conststring        menu_proc.o
    0x0801e105   0x0801e105   0x00000003   PAD
    0x0801e108   0x0801e108   0x000000ed   Data   RO         5726    .conststring        mem.o
    0x0801e1f5   0x0801e1f5   0x00000003   PAD
    0x0801e1f8   0x0801e1f8   0x0000015d   Data   RO         7044    .conststring        cmd.o
    0x0801e355   0x0801e355   0x00000003   PAD
    0x0801e358   0x0801e358   0x000000f3   Data   RO         7241    .conststring        finsh_error.o
    0x0801e44b   0x0801e44b   0x00000001   PAD
    0x0801e44c   0x0801e44c   0x0000003e   Data   RO         7931    .conststring        finsh_token.o
    0x0801e48a   0x0801e48a   0x000001b3   Data   RO         7046    .rodata.name        cmd.o
    0x0801e63d   0x0801e63d   0x00000003   PAD
    0x0801e640   0x0801e640   0x00000004   Data   RO         8005    .rti_fn.0           components.o
    0x0801e644   0x0801e644   0x00000004   Data   RO         8006    .rti_fn.0.end       components.o
    0x0801e648   0x0801e648   0x00000004   Data   RO         1164    .rti_fn.1           gpio.o
    0x0801e64c   0x0801e64c   0x00000004   Data   RO         1760    .rti_fn.1           i2c_soft.o
    0x0801e650   0x0801e650   0x00000004   Data   RO         8007    .rti_fn.1.end       components.o
    0x0801e654   0x0801e654   0x00000004   Data   RO         1597    .rti_fn.3           i2c_core.o
    0x0801e658   0x0801e658   0x00000004   Data   RO         6910    .rti_fn.6           shell.o
    0x0801e65c   0x0801e65c   0x00000004   Data   RO         8008    .rti_fn.6.end       components.o
    0x0801e660   0x0801e660   0x00000090   Data   RO         7047    FSymTab             cmd.o
    0x0801e6f0   0x0801e6f0   0x00000020   Data   RO         9649    Region$$Table       anon$$obj.o
    0x0801e710   0x0801e710   0x00000010   Data   RO         7048    VSymTab             cmd.o


    Execution Region RW_IRAM1 (Exec base: 0x20000000, Load base: 0x0801e720, Size: 0x00005428, Max: 0x0000c000, ABSOLUTE, COMPRESSED[0x00000140])

    Exec Addr    Load Addr    Size         Type   Attr      Idx    E Section Name        Object

    0x20000000   COMPRESSED   0x00000004   Data   RW          190    .data               global.o
    0x20000004   COMPRESSED   0x0000001e   Data   RW          249    .data               menu_frame.o
    0x20000022   COMPRESSED   0x00000002   PAD
    0x20000024   COMPRESSED   0x00000024   Data   RW          396    .data               menu_proc.o
    0x20000048   COMPRESSED   0x0000000c   Data   RW          766    .data               main_app.o
    0x20000054   COMPRESSED   0x00000001   Data   RW          895    .data               zhuodu_misc.o
    0x20000055   COMPRESSED   0x00000003   PAD
    0x20000058   COMPRESSED   0x00000054   Data   RW         1045    .data               usart.o
    0x200000ac   COMPRESSED   0x000000c0   Data   RW         1163    .data               gpio.o
    0x2000016c   COMPRESSED   0x00000008   Data   RW         1459    .data               bsp_button.o
    0x20000174   COMPRESSED   0x00000014   Data   RW         1844    .data               system_stm32f10x.o
    0x20000188   COMPRESSED   0x00000014   Data   RW         1964    .data               stm32f10x_rcc.o
    0x2000019c   COMPRESSED   0x00000004   Data   RW         5043    .data               clock.o
    0x200001a0   COMPRESSED   0x00000004   Data   RW         5164    .data               idle.o
    0x200001a4   COMPRESSED   0x00000009   Data   RW         5483    .data               irq.o
    0x200001ad   COMPRESSED   0x00000003   PAD
    0x200001b0   COMPRESSED   0x0000000c   Data   RW         5550    .data               kservice.o
    0x200001bc   COMPRESSED   0x00000020   Data   RW         5727    .data               mem.o
    0x200001dc   COMPRESSED   0x000000a4   Data   RW         5865    .data               object.o
    0x20000280   COMPRESSED   0x0000001c   Data   RW         5963    .data               scheduler.o
    0x2000029c   COMPRESSED   0x0000000c   Data   RW         6051    .data               thread.o
    0x200002a8   COMPRESSED   0x00000018   Data   RW         6187    .data               timer.o
    0x200002c0   COMPRESSED   0x00000010   Data   RW         6298    .data               cpuport.o
    0x200002d0   COMPRESSED   0x00000004   Data   RW         6909    .data               shell.o
    0x200002d4   COMPRESSED   0x00000010   Data   RW         7001    .data               symbol.o
    0x200002e4   COMPRESSED   0x00000004   Data   RW         7045    .data               cmd.o
    0x200002e8   COMPRESSED   0x00000008   Data   RW         7193    .data               finsh_compiler.o
    0x200002f0   COMPRESSED   0x00000040   Data   RW         7242    .data               finsh_error.o
    0x20000330   COMPRESSED   0x00000008   Data   RW         7280    .data               finsh_heap.o
    0x20000338   COMPRESSED   0x00000004   Data   RW         7835    .data               finsh_var.o
    0x2000033c   COMPRESSED   0x0000000c   Data   RW         7885    .data               finsh_vm.o
    0x20000348   COMPRESSED   0x00000002   Data   RW         8193    .data               mbfuncother.o
    0x2000034a   COMPRESSED   0x00000002   PAD
    0x2000034c   COMPRESSED   0x0000000c   Data   RW         8285    .data               mbrtu.o
    0x20000358   COMPRESSED   0x000000b5   Data   RW         8351    .data               mb.o
    0x2000040d   COMPRESSED   0x00000003   PAD
    0x20000410   COMPRESSED   0x00000004   Data   RW         8407    .data               port.o
    0x20000414   COMPRESSED   0x00000004   Data   RW         8477    .data               portserial.o
    0x20000418   COMPRESSED   0x0000000c   Data   RW         8584    .data               user_mb_app.o
    0x20000424   COMPRESSED   0x0000000e   Data   RW         8809    .data               mbrtu_m.o
    0x20000432   COMPRESSED   0x00000002   PAD
    0x20000434   COMPRESSED   0x000000b5   Data   RW         8906    .data               mb_m.o
    0x200004e9   COMPRESSED   0x00000003   PAD
    0x200004ec   COMPRESSED   0x00000004   Data   RW         9074    .data               portserial_m.o
    0x200004f0   COMPRESSED   0x00000002   Data   RW         9140    .data               porttimer_m.o
    0x200004f2   COMPRESSED   0x00000008   Data   RW         9194    .data               user_mb_app_m.o
    0x200004fa   COMPRESSED   0x00000002   PAD
    0x200004fc   COMPRESSED   0x00000004   Data   RW         9577    .data               mc_w.l(errno.o)
    0x20000500        -       0x000000f8   Zero   RW          189    .bss                global.o
    0x200005f8        -       0x000000f0   Zero   RW          248    .bss                menu_frame.o
    0x200006e8        -       0x0000072c   Zero   RW          393    .bss                menu_proc.o
    0x20000e14        -       0x00000aa8   Zero   RW          765    .bss                main_app.o
    0x200018bc        -       0x00000100   Zero   RW          846    .bss                12864_ui.o
    0x200019bc        -       0x000000fc   Zero   RW         1043    .bss                usart.o
    0x20001ab8        -       0x00000400   Zero   RW         1287    .bss                lcd12864.o
    0x20001eb8        -       0x00000070   Zero   RW         1458    .bss                bsp_button.o
    0x20001f28        -       0x00000044   Zero   RW         1550    .bss                fm24clxx.o
    0x20001f6c        -       0x00000078   Zero   RW         1758    .bss                i2c_soft.o
    0x20001fe4        -       0x00000180   Zero   RW         5162    .bss                idle.o
    0x20002164        -       0x00000080   Zero   RW         5548    .bss                kservice.o
    0x200021e4        -       0x00000020   Zero   RW         5724    .bss                mem.o
    0x20002204        -       0x00000100   Zero   RW         5961    .bss                scheduler.o
    0x20002304        -       0x00000480   Zero   RW         6185    .bss                timer.o
    0x20002784        -       0x00000044   Zero   RW         6837    .bss                pin.o
    0x200027c8        -       0x00000880   Zero   RW         6907    .bss                shell.o
    0x20003048        -       0x00000080   Zero   RW         7279    .bss                finsh_heap.o
    0x200030c8        -       0x00000140   Zero   RW         7368    .bss                finsh_node.o
    0x20003208        -       0x000000c0   Zero   RW         7834    .bss                finsh_var.o
    0x200032c8        -       0x00000180   Zero   RW         7884    .bss                finsh_vm.o
    0x20003448        -       0x00000020   Zero   RW         8192    .bss                mbfuncother.o
    0x20003468        -       0x00000100   Zero   RW         8284    .bss                mbrtu.o
    0x20003568        -       0x00000020   Zero   RW         8436    .bss                portevent.o
    0x20003588        -       0x000004a0   Zero   RW         8476    .bss                portserial.o
    0x20003a28        -       0x0000002c   Zero   RW         8540    .bss                porttimer.o
    0x20003a54        -       0x00000028   Zero   RW         8583    .bss                user_mb_app.o
    0x20003a7c        -       0x000001fd   Zero   RW         8808    .bss                mbrtu_m.o
    0x20003c79   COMPRESSED   0x00000003   PAD
    0x20003c7c        -       0x00000040   Zero   RW         8993    .bss                portevent_m.o
    0x20003cbc        -       0x000002a0   Zero   RW         9073    .bss                portserial_m.o
    0x20003f5c        -       0x0000002c   Zero   RW         9139    .bss                porttimer_m.o
    0x20003f88        -       0x00000ca0   Zero   RW         9193    .bss                user_mb_app_m.o
    0x20004c28        -       0x00000800   Zero   RW         5031    STACK               startup_stm32f10x_hd.o


==============================================================================

Image component sizes


      Code (inc. data)   RO Data    RW Data    ZI Data      Debug   Object Name

      1216         78          0          0        256       5489   12864_ui.o
        68         12          0          0          0     255349   application.o
         0          0       2048          0          0        398   asc16.o
       150         20          0          0          0      23545   board.o
      1424        148          0          8        112      10300   bsp_button.o
        60         12          0          4          0       1061   clock.o
      3546       1412       1024          4          0      20835   cmd.o
       508        176         57          0          0       4155   completion.o
        72         16         16          0          0       3258   components.o
       240         26          0          0          0        748   context_rvds.o
       604        328          0         16          0       3410   cpuport.o
      1056        216         75          0          0       7911   dataqueue.o
       692        182        168          0          0       7486   device.o
       144         18         64          0          0       1674   factory_setting.o
      6170        156          0          8          0      11474   finsh_compiler.o
        56         22        243         64          0       2575   finsh_error.o
       552         42          0          8        128       5655   finsh_heap.o
        64          6          0          0          0       1992   finsh_init.o
       392          8          0          0        320       5690   finsh_node.o
      3034        294        196          0          0      24262   finsh_ops.o
      2428         32          0          0          0      15919   finsh_parser.o
      1644         16        126          0          0       9962   finsh_token.o
       296         32          0          4        192       7702   finsh_var.o
       176         36          0         12        384       6417   finsh_vm.o
        24          6          8          0          0       1557   fm24cl16.o
       536        126         29          0         68       5760   fm24clxx.o
       856         34          0          4        248       5229   global.o
      1342         46       1260        192          0      11257   gpio.o
       100          6      16324          0          0       1988   hz_fonts.o
      1118          4         12          0          0      11065   i2c-bit-ops.o
       332         38         23          0          0       4854   i2c_core.o
       460        136         94          0          0       3476   i2c_dev.o
       246         44         36          0        120       3943   i2c_soft.o
       308         80         22          4        384       3746   idle.o
      3440        828        471          0          0      29604   ipc.o
       124         26          0          9          0       1938   irq.o
      2152        240         34         12        128      13027   kservice.o
      1266        104          0          0       1024       9237   lcd12864.o
      1016        192          0         12       2728       7593   main_app.o
       564        122          0        181          0       4947   mb.o
       776        140          0        181          0       7786   mb_m.o
         0          0          0          0          0        612   mbascii.o
        56          8        512          0          0       1296   mbcrc.o
       430          0          0          0          0       3918   mbfunccoils.o
       414          0          0          0          0       4340   mbfunccoils_m.o
       172          0          0          0          0       1696   mbfuncdisc.o
       150          0          0          0          0       1794   mbfuncdisc_m.o
       530          0          0          0          0       5179   mbfuncholding.o
       832          0          0          0          0       8591   mbfuncholding_m.o
       140          0          0          0          0       1647   mbfuncinput.o
       114          0          0          0          0       1761   mbfuncinput_m.o
        40         10          0          2         32       1479   mbfuncother.o
       984        288          0         12        256       6475   mbrtu.o
      1232        354          0         14        509       9565   mbrtu_m.o
       240         62          0          0          0       2774   mbutils.o
      1708        576        307         32         32       5749   mem.o
      1768        280          0         30        240       9611   menu_frame.o
     17196       2598       2785         36       1836      82788   menu_proc.o
       340        124          0          0          0       1730   misc.o
       600        186         94        164          0       6693   object.o
       456        148        123          0         68       7178   pin.o
        32          8          0          4          0       1161   port.o
       128         24          0          0         32       2272   portevent.o
       380         82          0          0         64       7216   portevent_m.o
       606         94          0          4       1184       5698   portserial.o
       614        102          0          4        672       5790   portserial_m.o
       118         38          0          0         44       2741   porttimer.o
       242         62          0          2         44       4012   porttimer_m.o
       830        254         78         28        256       6922   scheduler.o
      3356        746        292          0          0      14683   serial.o
      2436        356         95          4       2176      14162   shell.o
       174         90          0          0          0       1823   startup.o
        36          8        304          0       2048        880   startup_stm32f10x_hd.o
      1716        416          0          0          0       5846   stm32f10x_dma.o
       608        192          0          0          0       2436   stm32f10x_exti.o
      1668        502          0          0          0       5254   stm32f10x_gpio.o
        22          0          0          0          0       3300   stm32f10x_it.o
       632        226          0         20          0       5282   stm32f10x_rcc.o
      2164        652          0          0          0       7797   stm32f10x_usart.o
         0          0          0         16          0       4253   symbol.o
       328         28          0         20          0       2453   system_stm32f10x.o
      1520        382        170         12          0      12496   thread.o
      1498        236         92         24       1152      12351   timer.o
      1628        244         92         84        252      32987   usart.o
       856         46          0         12         40       4899   user_mb_app.o
      1192         36          0          8       3232       5527   user_mb_app_m.o
       340          8          0          1          0        599   zhuodu_misc.o

    ----------------------------------------------------------------------
     89836      14926      27324       1276      20264     901990   Object Totals
         0          0         32          0          0          0   (incl. Generated)
        58          0         18         20          3          0   (incl. Padding)

    ----------------------------------------------------------------------

      Code (inc. data)   RO Data    RW Data    ZI Data      Debug   Library Member Name

        56          8          0          0          0         84   __0sscanf.o
        86          0          0          0          0          0   __dczerorl2.o
        28          0          0          0          0         68   _chval.o
       812          4          0          0          0        112   _scanf.o
       332          0          0          0          0         96   _scanf_int.o
        64          0          0          0          0         84   _sgetc.o
       158          0          0          0          0         92   _strtoul.o
        26          0          0          0          0         80   atoi.o
         8          4        133          0          0         68   ctype_o.o
         0          0          0          0          0          0   entry.o
         0          0          0          0          0          0   entry10a.o
         0          0          0          0          0          0   entry11a.o
         8          4          0          0          0          0   entry2.o
         4          0          0          0          0          0   entry5.o
         0          0          0          0          0          0   entry7b.o
         0          0          0          0          0          0   entry8b.o
         8          4          0          0          0          0   entry9a.o
         8          4          0          4          0         68   errno.o
        30          0          0          0          0          0   handlers.o
        36          8          0          0          0         68   init.o
        18          0          0          0          0         76   isspace_o.o
         0          0          0          0          0          0   iusefp.o
        30          0          0          0          0         68   llshl.o
        36          0          0          0          0         68   llsshr.o
        32          0          0          0          0         68   llushr.o
        26          0          0          0          0         80   memcmp.o
        36          0          0          0          0         68   memcpya.o
        36          0          0          0          0        108   memseta.o
      2296         84          0          0          0        520   printfa.o
        40          8          0          0          0         84   scanf_char.o
       878         12          0          0          0        216   scanf_fp.o
        20          0          0          0          0         68   strchr.o
        28          0          0          0          0         76   strcmp.o
        18          0          0          0          0         68   strcpy.o
        14          0          0          0          0         68   strlen.o
        40          0          0          0          0         76   strncat.o
        30          0          0          0          0         80   strncmp.o
        24          0          0          0          0         76   strncpy.o
       112          0          0          0          0         88   strtol.o
        44          0          0          0          0         80   uidiv.o
        98          0          0          0          0         92   uldiv.o
        48          0          0          0          0         68   cdcmple.o
        48          0          0          0          0         68   cdrcmple.o
        20          0          0          0          0         68   cfcmple.o
        20          0          0          0          0         68   cfrcmple.o
        56          0          0          0          0         88   d2f.o
       334          0          0          0          0        148   dadd.o
       222          0          0          0          0        100   ddiv.o
       186          0          0          0          0        176   depilogue.o
        62          0          0          0          0         80   dfixi.o
        50          0          0          0          0         76   dfixui.o
        48          0          0          0          0         68   dfixul.o
        34          0          0          0          0         76   dflti.o
        26          0          0          0          0         76   dfltui.o
        24          0          0          0          0         76   dfltul.o
       228          0          0          0          0         96   dmul.o
        38          0          0          0          0         68   f2d.o
       176          0          0          0          0        140   fadd.o
       124          0          0          0          0         88   fdiv.o
       110          0          0          0          0        168   fepilogue.o
        18          0          0          0          0         68   fflti.o

    ----------------------------------------------------------------------
      7408        140        136          4          0       4812   Library Totals
        16          0          3          0          0          0   (incl. Padding)

    ----------------------------------------------------------------------

      Code (inc. data)   RO Data    RW Data    ZI Data      Debug   Library Name

      5520        140        133          4          0       2948   mc_w.l
      1872          0          0          0          0       1864   mf_w.l

    ----------------------------------------------------------------------
      7408        140        136          4          0       4812   Library Totals

    ----------------------------------------------------------------------

==============================================================================


      Code (inc. data)   RO Data    RW Data    ZI Data      Debug   

     97244      15066      27460       1280      20264     871102   Grand Totals
     97244      15066      27460        320      20264     871102   ELF Image Totals (compressed)
     97244      15066      27460        320          0          0   ROM Totals

==============================================================================

    Total RO  Size (Code + RO Data)               124704 ( 121.78kB)
    Total RW  Size (RW Data + ZI Data)             21544 (  21.04kB)
    Total ROM Size (Code + RO Data + RW Data)     125024 ( 122.09kB)

==============================================================================

