Component: ARM Compiler 5.06 update 5 (build 528) Tool: armlink [4d35e2]

==============================================================================

Section Cross References

    application.o(i.rt_application_init) refers to thread.o(i.rt_thread_create) for rt_thread_create
    application.o(i.rt_application_init) refers to thread.o(i.rt_thread_startup) for rt_thread_startup
    application.o(i.rt_application_init) refers to application.o(i.rt_init_thread_entry) for rt_init_thread_entry
    application.o(i.rt_init_thread_entry) refers to components.o(i.rt_components_init) for rt_components_init
    application.o(i.rt_init_thread_entry) refers to main_app.o(i.rt_main_app_init) for rt_main_app_init
    application.o(i.rt_init_thread_entry) refers to thread.o(i.rt_thread_delay) for rt_thread_delay
    startup.o(i.assert_failed) refers to kservice.o(i.rt_kprintf) for rt_kprintf
    startup.o(i.main) refers to context_rvds.o(.text) for rt_hw_interrupt_disable
    startup.o(i.main) refers to startup.o(i.rtthread_startup) for rtthread_startup
    startup.o(i.rtthread_startup) refers to board.o(i.rt_hw_board_init) for rt_hw_board_init
    startup.o(i.rtthread_startup) refers to mem.o(i.rt_system_heap_init) for rt_system_heap_init
    startup.o(i.rtthread_startup) refers to scheduler.o(i.rt_system_scheduler_init) for rt_system_scheduler_init
    startup.o(i.rtthread_startup) refers to timer.o(i.rt_system_timer_init) for rt_system_timer_init
    startup.o(i.rtthread_startup) refers to timer.o(i.rt_system_timer_thread_init) for rt_system_timer_thread_init
    startup.o(i.rtthread_startup) refers to application.o(i.rt_application_init) for rt_application_init
    startup.o(i.rtthread_startup) refers to idle.o(i.rt_thread_idle_init) for rt_thread_idle_init
    startup.o(i.rtthread_startup) refers to scheduler.o(i.rt_system_scheduler_start) for rt_system_scheduler_start
    global.o(i.get_language) refers to global.o(.bss) for global
    global.o(i.global_init) refers to device.o(i.rt_device_read) for rt_device_read
    global.o(i.global_init) refers to factory_setting.o(i.full_reset_eeprom) for full_reset_eeprom
    global.o(i.global_init) refers to factory_setting.o(i.restore_factory_settings) for restore_factory_settings
    global.o(i.global_init) refers to printfa.o(i.__0snprintf) for __2snprintf
    global.o(i.global_init) refers to global.o(.data) for mb85_bus
    global.o(i.global_init) refers to global.o(.bss) for global
    menu_frame.o(i.deepth_indexstk) refers to menu_frame.o(.data) for s_IndexStackPtr
    menu_frame.o(i.disp_node) refers to global.o(i.get_language) for get_language
    menu_frame.o(i.disp_node) refers to printfa.o(i.__0snprintf) for __2snprintf
    menu_frame.o(i.disp_node) refers to lcd12864.o(i.LCD_DisplayString) for LCD_DisplayString
    menu_frame.o(i.disp_node) refers to menu_frame.o(.data) for s_CurrLine
    menu_frame.o(i.disp_node) refers to menu_frame.o(.bss) for s_disp_ram
    menu_frame.o(i.get_curr_index) refers to _scanf_int.o(.text) for _scanf_int
    menu_frame.o(i.get_curr_index) refers to strchr.o(.text) for strchr
    menu_frame.o(i.get_curr_index) refers to __0sscanf.o(.text) for __0sscanf
    menu_frame.o(i.get_curr_index) refers to menu_frame.o(.data) for psMenuCurr
    menu_frame.o(i.is_indexstk_empty) refers to menu_frame.o(.data) for s_IndexStackPtr
    menu_frame.o(i.jump2func) refers to menu_frame.o(.data) for s_FuncReload
    menu_frame.o(i.jump2menu) refers to strncpy.o(.text) for strncpy
    menu_frame.o(i.jump2menu) refers to strncat.o(.text) for strncat
    menu_frame.o(i.jump2menu) refers to menu_frame.o(i.update_node_list) for update_node_list
    menu_frame.o(i.jump2menu) refers to menu_frame.o(.data) for s_MenuStatus
    menu_frame.o(i.jump2menu) refers to menu_frame.o(.bss) for s_IndexPtrStack
    menu_frame.o(i.leaf_exit) refers to menu_frame.o(.data) for s_MenuStatus
    menu_frame.o(i.menu_back) refers to menu_frame.o(i.is_indexstk_empty) for is_indexstk_empty
    menu_frame.o(i.menu_back) refers to menu_frame.o(i.get_curr_index) for get_curr_index
    menu_frame.o(i.menu_back) refers to strcmp.o(.text) for strcmp
    menu_frame.o(i.menu_back) refers to strncpy.o(.text) for strncpy
    menu_frame.o(i.menu_back) refers to strchr.o(.text) for strchr
    menu_frame.o(i.menu_back) refers to menu_frame.o(i.update_node_list) for update_node_list
    menu_frame.o(i.menu_back) refers to menu_frame.o(.data) for s_IndexStackPtr
    menu_frame.o(i.menu_back) refers to menu_frame.o(.bss) for s_IndexPtrStack
    menu_frame.o(i.menu_default) refers to menu_frame.o(i.jump2menu) for jump2menu
    menu_frame.o(i.menu_main) refers to bsp_button.o(i.GetKey) for GetKey
    menu_frame.o(i.menu_main) refers to menu_frame.o(i.node_proc) for node_proc
    menu_frame.o(i.menu_main) refers to menu_frame.o(i.disp_node) for disp_node
    menu_frame.o(i.menu_main) refers to menu_frame.o(.data) for s_MenuStatus
[...]
    0x080011a8   0x080011a8   0x00000008   Code   RO         9594    .text               mc_w.l(ctype_o.o)
    0x080011b0   0x080011b0   0x00000012   Code   RO         9616    .text               mc_w.l(isspace_o.o)
    0x080011c2   0x080011c2   0x00000002   PAD
    0x080011c4   0x080011c4   0x0000032c   Code   RO         9622    .text               mc_w.l(_scanf.o)
    0x080014f0   0x080014f0   0x0000009e   Code   RO         9624    .text               mc_w.l(_strtoul.o)
    0x0800158e   0x0800158e   0x00000056   Code   RO         9638    .text               mc_w.l(__dczerorl2.o)
    0x080015e4   0x080015e4   0x00000004   Code   RO          931    i.BusFault_Handler  stm32f10x_it.o
    0x080015e8   0x080015e8   0x0000004c   Code   RO         1251    i.ClearLCD          lcd12864.o
    0x08001634   0x08001634   0x00000018   Code   RO         1008    i.DMA1_Channel3_IRQHandler  usart.o
    0x0800164c   0x0800164c   0x00000018   Code   RO         1009    i.DMA1_Channel5_IRQHandler  usart.o
    0x08001664   0x08001664   0x00000018   Code   RO         1010    i.DMA1_Channel6_IRQHandler  usart.o
    0x0800167c   0x0800167c   0x00000078   Code   RO         4631    i.DMA_ClearFlag     stm32f10x_dma.o
    0x080016f4   0x080016f4   0x000000dc   Code   RO         4633    i.DMA_Cmd           stm32f10x_dma.o
    0x080017d0   0x080017d0   0x000000ae   Code   RO         1011    i.DMA_Configuration  usart.o
    0x0800187e   0x0800187e   0x00000002   PAD
    0x08001880   0x08001880   0x000001f4   Code   RO         4634    i.DMA_DeInit        stm32f10x_dma.o
    0x08001a74   0x08001a74   0x000000b8   Code   RO         4635    i.DMA_GetCurrDataCounter  stm32f10x_dma.o
    0x08001b2c   0x08001b2c   0x000000ec   Code   RO         4638    i.DMA_ITConfig      stm32f10x_dma.o
    0x08001c18   0x08001c18   0x000001c8   Code   RO         4639    i.DMA_Init          stm32f10x_dma.o
    0x08001de0   0x08001de0   0x00000002   Code   RO          934    i.DebugMon_Handler  stm32f10x_it.o
    0x08001de2   0x08001de2   0x00000002   PAD
    0x08001de4   0x08001de4   0x00000198   Code   RO         1427    i.DetectButton      bsp_button.o
    0x08001f7c   0x08001f7c   0x00000012   Code   RO         1128    i.EXTI0_IRQHandler  gpio.o
    0x08001f8e   0x08001f8e   0x0000006c   Code   RO         1129    i.EXTI15_10_IRQHandler  gpio.o
    0x08001ffa   0x08001ffa   0x00000012   Code   RO         1130    i.EXTI1_IRQHandler  gpio.o
    0x0800200c   0x0800200c   0x00000012   Code   RO         1131    i.EXTI2_IRQHandler  gpio.o
    0x0800201e   0x0800201e   0x00000012   Code   RO         1132    i.EXTI3_IRQHandler  gpio.o
    0x08002030   0x08002030   0x00000012   Code   RO         1133    i.EXTI4_IRQHandler  gpio.o
    0x08002042   0x08002042   0x00000056   Code   RO         1134    i.EXTI9_5_IRQHandler  gpio.o
    0x08002098   0x08002098   0x0000005c   Code   RO         2254    i.EXTI_ClearITPendingBit  stm32f10x_exti.o
    0x080020f4   0x080020f4   0x000000d8   Code   RO         2258    i.EXTI_GetITStatus  stm32f10x_exti.o
    0x080021cc   0x080021cc   0x0000012c   Code   RO         2259    i.EXTI_Init         stm32f10x_exti.o
    0x080022f8   0x080022f8   0x00000010   Code   RO         8388    i.EnterCriticalSection  port.o
    0x08002308   0x08002308   0x00000010   Code   RO         8389    i.ExitCriticalSection  port.o
    0x08002318   0x08002318   0x00000090   Code   RO         1012    i.GPIO_Configuration  usart.o
    0x080023a8   0x080023a8   0x000001d4   Code   RO         4295    i.GPIO_Init         stm32f10x_gpio.o
    0x0800257c   0x0800257c   0x00000254   Code   RO         4297    i.GPIO_PinRemapConfig  stm32f10x_gpio.o
    0x080027d0   0x080027d0   0x00000104   Code   RO         4299    i.GPIO_ReadInputDataBit  stm32f10x_gpio.o
    0x080028d4   0x080028d4   0x000000ac   Code   RO         4302    i.GPIO_ResetBits    stm32f10x_gpio.o
    0x08002980   0x08002980   0x000000ac   Code   RO         4303    i.GPIO_SetBits      stm32f10x_gpio.o
    0x08002a2c   0x08002a2c   0x00000034   Code   RO         1428    i.GetKey            bsp_button.o
    0x08002a60   0x08002a60   0x0000000c   Code   RO         1429    i.InitButton        bsp_button.o
    0x08002a6c   0x08002a6c   0x00000054   Code   RO         1430    i.InitButtonHard    bsp_button.o
    0x08002ac0   0x08002ac0   0x00000188   Code   RO         1431    i.InitButtonVar     bsp_button.o
    0x08002c48   0x08002c48   0x00000060   Code   RO         1432    i.KeyPro            bsp_button.o
    0x08002ca8   0x08002ca8   0x00000110   Code   RO         1252    i.LCD_DisplayString  lcd12864.o
    0x08002db8   0x08002db8   0x00000074   Code   RO         1253    i.LCD_PortConfig    lcd12864.o
    0x08002e2c   0x08002e2c   0x00000034   Code   RO         1254    i.LCD_byte_pos      lcd12864.o
    0x08002e60   0x08002e60   0x00000004   Code   RO          935    i.MemManage_Handler  stm32f10x_it.o
    0x08002e64   0x08002e64   0x00000002   Code   RO          936    i.NMI_Handler       stm32f10x_it.o
    0x08002e66   0x08002e66   0x0000000e   Code   RO          892    i.NVIC_Configuration  board.o
    0x08002e74   0x08002e74   0x00000022   Code   RO         1013    i.NVIC_Configuration  usart.o
    0x08002e96   0x08002e96   0x00000002   PAD
    0x08002e98   0x08002e98   0x000000dc   Code   RO         4972    i.NVIC_Init         misc.o
    0x08002f74   0x08002f74   0x00000078   Code   RO         4974    i.NVIC_SetVectorTable  misc.o
    0x08002fec   0x08002fec   0x00000030   Code   RO         7400    i.OP_add_byte       finsh_ops.o
    0x0800301c   0x0800301c   0x00000030   Code   RO         7401    i.OP_add_dword      finsh_ops.o
    0x0800304c   0x0800304c   0x00000030   Code   RO         7402    i.OP_add_word       finsh_ops.o
    0x0800307c   0x0800307c   0x00000030   Code   RO         7403    i.OP_and_byte       finsh_ops.o
    0x080030ac   0x080030ac   0x00000030   Code   RO         7404    i.OP_and_dword      finsh_ops.o
    0x080030dc   0x080030dc   0x00000030   Code   RO         7405    i.OP_and_word       finsh_ops.o
    0x0800310c   0x0800310c   0x00000018   Code   RO         7406    i.OP_bw_byte        finsh_ops.o
    0x08003124   0x08003124   0x00000018   Code   RO         7407    i.OP_bw_dword       finsh_ops.o
    0x0800313c   0x0800313c   0x00000018   Code   RO         7408    i.OP_bw_word        finsh_ops.o
    0x08003154   0x08003154   0x0000038c   Code   RO         7409    i.OP_call           finsh_ops.o
    0x080034e0   0x080034e0   0x00000030   Code   RO         7410    i.OP_div_byte       finsh_ops.o
    0x08003510   0x08003510   0x00000030   Code   RO         7411    i.OP_div_dword      finsh_ops.o
    0x08003540   0x08003540   0x00000034   Code   RO         7412    i.OP_div_word       finsh_ops.o
    0x08003574   0x08003574   0x0000002c   Code   RO         7413    i.OP_ld_byte        finsh_ops.o
    0x080035a0   0x080035a0   0x00000048   Code   RO         7414    i.OP_ld_dword       finsh_ops.o
    0x080035e8   0x080035e8   0x0000004c   Code   RO         7415    i.OP_ld_value_byte  finsh_ops.o
    0x08003634   0x08003634   0x00000018   Code   RO         7416    i.OP_ld_value_byte_stack  finsh_ops.o
    0x0800364c   0x0800364c   0x0000004c   Code   RO         7417    i.OP_ld_value_dword  finsh_ops.o
    0x08003698   0x08003698   0x00000018   Code   RO         7418    i.OP_ld_value_dword_stack  finsh_ops.o
    0x080036b0   0x080036b0   0x0000004c   Code   RO         7419    i.OP_ld_value_word  finsh_ops.o
    0x080036fc   0x080036fc   0x00000018   Code   RO         7420    i.OP_ld_value_word_stack  finsh_ops.o
    0x08003714   0x08003714   0x00000038   Code   RO         7421    i.OP_ld_word        finsh_ops.o
    0x0800374c   0x0800374c   0x00000034   Code   RO         7422    i.OP_mod_byte       finsh_ops.o
    0x08003780   0x08003780   0x00000034   Code   RO         7423    i.OP_mod_dword      finsh_ops.o
    0x080037b4   0x080037b4   0x00000034   Code   RO         7424    i.OP_mod_word       finsh_ops.o
    0x080037e8   0x080037e8   0x00000030   Code   RO         7425    i.OP_mul_byte       finsh_ops.o
    0x08003818   0x08003818   0x00000030   Code   RO         7426    i.OP_mul_dword      finsh_ops.o
    0x08003848   0x08003848   0x00000030   Code   RO         7427    i.OP_mul_word       finsh_ops.o
    0x08003878   0x08003878   0x00000002   Code   RO         7428    i.OP_no_op          finsh_ops.o
    0x0800387a   0x0800387a   0x00000002   PAD
    0x0800387c   0x0800387c   0x00000030   Code   RO         7429    i.OP_or_byte        finsh_ops.o
    0x080038ac   0x080038ac   0x00000030   Code   RO         7430    i.OP_or_dword       finsh_ops.o
    0x080038dc   0x080038dc   0x00000030   Code   RO         7431    i.OP_or_word        finsh_ops.o
    0x0800390c   0x0800390c   0x00000010   Code   RO         7432    i.OP_pop            finsh_ops.o
    0x0800391c   0x0800391c   0x00000030   Code   RO         7433    i.OP_shl_byte       finsh_ops.o
    0x0800394c   0x0800394c   0x00000030   Code   RO         7434    i.OP_shl_dword      finsh_ops.o
    0x0800397c   0x0800397c   0x00000030   Code   RO         7435    i.OP_shl_word       finsh_ops.o
    0x080039ac   0x080039ac   0x00000030   Code   RO         7436    i.OP_shr_byte       finsh_ops.o
    0x080039dc   0x080039dc   0x00000030   Code   RO         7437    i.OP_shr_dword      finsh_ops.o
    0x08003a0c   0x08003a0c   0x00000030   Code   RO         7438    i.OP_shr_word       finsh_ops.o
    0x08003a3c   0x08003a3c   0x00000024   Code   RO         7439    i.OP_st_byte        finsh_ops.o
    0x08003a60   0x08003a60   0x00000024   Code   RO         7440    i.OP_st_dword       finsh_ops.o
    0x08003a84   0x08003a84   0x00000024   Code   RO         7441    i.OP_st_word        finsh_ops.o
    0x08003aa8   0x08003aa8   0x00000030   Code   RO         7442    i.OP_sub_byte       finsh_ops.o
    0x08003ad8   0x08003ad8   0x00000030   Code   RO         7443    i.OP_sub_dword      finsh_ops.o
    0x08003b08   0x08003b08   0x00000030   Code   RO         7444    i.OP_sub_word       finsh_ops.o
    0x08003b38   0x08003b38   0x00000030   Code   RO         7445    i.OP_xor_byte       finsh_ops.o
    0x08003b68   0x08003b68   0x00000030   Code   RO         7446    i.OP_xor_dword      finsh_ops.o
    0x08003b98   0x08003b98   0x00000030   Code   RO         7447    i.OP_xor_word       finsh_ops.o
    0x08003bc8   0x08003bc8   0x00000020   Code   RO         1433    i.PutKey            bsp_button.o
    0x08003be8   0x08003be8   0x0000008c   Code   RO         1916    i.RCC_AHBPeriphClockCmd  stm32f10x_rcc.o
    0x08003c74   0x08003c74   0x0000008c   Code   RO         1917    i.RCC_APB1PeriphClockCmd  stm32f10x_rcc.o
    0x08003d00   0x08003d00   0x0000008c   Code   RO         1919    i.RCC_APB2PeriphClockCmd  stm32f10x_rcc.o
    0x08003d8c   0x08003d8c   0x00000034   Code   RO         1014    i.RCC_Configuration  usart.o
    0x08003dc0   0x08003dc0   0x000000d4   Code   RO         1927    i.RCC_GetClocksFreq  stm32f10x_rcc.o
    0x08003e94   0x08003e94   0x0000004c   Code   RO         1647    i.SCL_H             i2c-bit-ops.o
    0x08003ee0   0x08003ee0   0x00000002   Code   RO          937    i.SVC_Handler       stm32f10x_it.o
    0x08003ee2   0x08003ee2   0x00000008   Code   RO         1823    i.SetSysClock       system_stm32f10x.o
    0x08003eea   0x08003eea   0x00000002   PAD
    0x08003eec   0x08003eec   0x000000e0   Code   RO         1824    i.SetSysClockTo56   system_stm32f10x.o
    0x08003fcc   0x08003fcc   0x00000010   Code   RO          893    i.SysTick_Handler   board.o
    0x08003fdc   0x08003fdc   0x00000060   Code   RO         1826    i.SystemInit        system_stm32f10x.o
    0x0800403c   0x0800403c   0x00000018   Code   RO         1015    i.USART1_IRQHandler  usart.o
    0x08004054   0x08004054   0x00000018   Code   RO         1016    i.USART2_IRQHandler  usart.o
    0x0800406c   0x0800406c   0x00000018   Code   RO         1017    i.USART3_IRQHandler  usart.o
    0x08004084   0x08004084   0x000000e8   Code   RO         4412    i.USART_ClearITPendingBit  stm32f10x_usart.o
    0x0800416c   0x0800416c   0x000000ac   Code   RO         4415    i.USART_Cmd         stm32f10x_usart.o
    0x08004218   0x08004218   0x000000bc   Code   RO         4416    i.USART_DMACmd      stm32f10x_usart.o
    0x080042d4   0x080042d4   0x000000f0   Code   RO         4418    i.USART_GetFlagStatus  stm32f10x_usart.o
    0x080043c4   0x080043c4   0x0000014c   Code   RO         4419    i.USART_GetITStatus  stm32f10x_usart.o
    0x08004510   0x08004510   0x00000148   Code   RO         4421    i.USART_ITConfig    stm32f10x_usart.o
    0x08004658   0x08004658   0x00000218   Code   RO         4422    i.USART_Init        stm32f10x_usart.o
    0x08004870   0x08004870   0x00000088   Code   RO         4429    i.USART_ReceiveData  stm32f10x_usart.o
    0x080048f8   0x080048f8   0x00000002   Code   RO          938    i.USB_HP_CAN1_TX_IRQHandler  stm32f10x_it.o
    0x080048fa   0x080048fa   0x00000002   Code   RO          939    i.USB_LP_CAN1_RX0_IRQHandler  stm32f10x_it.o
    0x080048fc   0x080048fc   0x00000004   Code   RO          940    i.UsageFault_Handler  stm32f10x_it.o
    0x08004900   0x08004900   0x00000030   Code   RO         9471    i.__0snprintf       mc_w.l(printfa.o)
    0x08004930   0x08004930   0x00000008   Code   RO         9555    i.__aeabi_errno_addr  mc_w.l(errno.o)
    0x08004938   0x08004938   0x0000000e   Code   RO         9632    i.__scatterload_copy  mc_w.l(handlers.o)
    0x08004946   0x08004946   0x00000002   Code   RO         9633    i.__scatterload_null  mc_w.l(handlers.o)
    0x08004948   0x08004948   0x0000000e   Code   RO         9634    i.__scatterload_zeroinit  mc_w.l(handlers.o)
    0x08004956   0x08004956   0x00000002   PAD
    0x08004958   0x08004958   0x00000184   Code   RO         9477    i._fp_digits        mc_w.l(printfa.o)
    0x08004adc   0x08004adc   0x00000014   Code   RO         5139    i._has_defunct_thread  idle.o
    0x08004af0   0x08004af0   0x0000000e   Code   RO         9504    i._is_digit         mc_w.l(scanf_fp.o)
    0x08004afe   0x08004afe   0x00000002   PAD
    0x08004b00   0x08004b00   0x000000e8   Code   RO         6997    i._list_device      cmd.o
    0x08004be8   0x08004be8   0x000000f8   Code   RO         6998    i._list_event       cmd.o
    0x08004ce0   0x08004ce0   0x00000120   Code   RO         6999    i._list_mailbox     cmd.o
    0x08004e00   0x08004e00   0x00000114   Code   RO         7000    i._list_mempool     cmd.o
    0x08004f14   0x08004f14   0x00000108   Code   RO         7001    i._list_msgqueue    cmd.o
    0x0800501c   0x0800501c   0x000000c0   Code   RO         7002    i._list_mutex       cmd.o
    0x080050dc   0x080050dc   0x000000f0   Code   RO         7003    i._list_sem         cmd.o
    0x080051cc   0x080051cc   0x00000168   Code   RO         7004    i._list_thread      cmd.o
    0x08005334   0x08005334   0x00000110   Code   RO         7005    i._list_timer       cmd.o
    0x08005444   0x08005444   0x00000048   Code   RO         6810    i._pin_control      pin.o
    0x0800548c   0x0800548c   0x00000054   Code   RO         6811    i._pin_read         pin.o
    0x080054e0   0x080054e0   0x00000054   Code   RO         6812    i._pin_write        pin.o
    0x08005534   0x08005534   0x000006dc   Code   RO         9478    i._printf_core      mc_w.l(printfa.o)
    0x08005c10   0x08005c10   0x00000024   Code   RO         9479    i._printf_post_padding  mc_w.l(printfa.o)
    0x08005c34   0x08005c34   0x0000002e   Code   RO         9480    i._printf_pre_padding  mc_w.l(printfa.o)
    0x08005c62   0x08005c62   0x00000002   PAD
    0x08005c64   0x08005c64   0x000000c4   Code   RO         5933    i._rt_scheduler_stack_check  scheduler.o
    0x08005d28   0x08005d28   0x000000d0   Code   RO         6012    i._rt_thread_init   thread.o
    0x08005df8   0x08005df8   0x00000042   Code   RO         6148    i._rt_timer_init    timer.o
    0x08005e3a   0x08005e3a   0x0000002e   Code   RO         6149    i._rt_timer_remove  timer.o
    0x08005e68   0x08005e68   0x00000194   Code   RO         6351    i._serial_dma_rx    serial.o
    0x08005ffc   0x08005ffc   0x0000005c   Code   RO         6352    i._serial_dma_tx    serial.o
    0x08006058   0x08006058   0x00000098   Code   RO         6353    i._serial_int_rx    serial.o
    0x080060f0   0x080060f0   0x0000006c   Code   RO         6354    i._serial_int_tx    serial.o
    0x0800615c   0x0800615c   0x0000005c   Code   RO         6355    i._serial_poll_rx   serial.o
    0x080061b8   0x080061b8   0x00000054   Code   RO         6356    i._serial_poll_tx   serial.o
    0x0800620c   0x0800620c   0x00000016   Code   RO         9481    i._snputc           mc_w.l(printfa.o)
    0x08006222   0x08006222   0x00000002   PAD
    0x08006224   0x08006224   0x00000070   Code   RO          152    i.assert_failed     startup.o
    0x08006294   0x08006294   0x0000001e   Code   RO         1135    i.bit2bitno         gpio.o
    0x080062b2   0x080062b2   0x00000026   Code   RO         1258    i.delay             lcd12864.o
    0x080062d8   0x080062d8   0x000000d8   Code   RO          336    i.disp_int_float    menu_proc.o
    0x080063b0   0x080063b0   0x000001c0   Code   RO          230    i.disp_node         menu_frame.o
    0x08006570   0x08006570   0x00000090   Code   RO          851    i.disp_number_box   12864_ui.o
    0x08006600   0x08006600   0x000000b8   Code   RO          338    i.disp_select       menu_proc.o
    0x080066b8   0x080066b8   0x00000036   Code   RO         1018    i.dma_rx_done_isr   usart.o
    0x080066ee   0x080066ee   0x00000042   Code   RO         1019    i.dma_uart_rx_idle_isr  usart.o
    0x08006730   0x08006730   0x00000002   Code   RO          231    i.dummy             menu_frame.o
    0x08006732   0x08006732   0x00000002   PAD
    0x08006734   0x08006734   0x00000028   Code   RO         8330    i.eMBEnable         mb.o
    0x0800675c   0x0800675c   0x000000ae   Code   RO         8060    i.eMBFuncReadCoils  mbfunccoils.o
    0x0800680a   0x0800680a   0x000000ac   Code   RO         8095    i.eMBFuncReadDiscreteInputs  mbfuncdisc.o
    0x080068b6   0x080068b6   0x0000008e   Code   RO         8115    i.eMBFuncReadHoldingRegister  mbfuncholding.o
    0x08006944   0x08006944   0x0000008c   Code   RO         8153    i.eMBFuncReadInputRegister  mbfuncinput.o
    0x080069d0   0x080069d0   0x000000d4   Code   RO         8116    i.eMBFuncReadWriteMultipleHoldingRegister  mbfuncholding.o
    0x08006aa4   0x08006aa4   0x00000028   Code   RO         8173    i.eMBFuncReportSlaveID  mbfuncother.o
    0x08006acc   0x08006acc   0x00000070   Code   RO         8061    i.eMBFuncWriteCoil  mbfunccoils.o
    0x08006b3c   0x08006b3c   0x00000042   Code   RO         8117    i.eMBFuncWriteHoldingRegister  mbfuncholding.o
    0x08006b7e   0x08006b7e   0x00000090   Code   RO         8062    i.eMBFuncWriteMultipleCoils  mbfunccoils.o
    0x08006c0e   0x08006c0e   0x0000006e   Code   RO         8118    i.eMBFuncWriteMultipleHoldingRegister  mbfuncholding.o
    0x08006c7c   0x08006c7c   0x000000e0   Code   RO         8331    i.eMBInit           mb.o
    0x08006d5c   0x08006d5c   0x00000028   Code   RO         8877    i.eMBMasterEnable   mb_m.o
    0x08006d84   0x08006d84   0x00000098   Code   RO         8610    i.eMBMasterFuncReadCoils  mbfunccoils_m.o
    0x08006e1c   0x08006e1c   0x00000096   Code   RO         8660    i.eMBMasterFuncReadDiscreteInputs  mbfuncdisc_m.o
    0x08006eb2   0x08006eb2   0x00000074   Code   RO         8686    i.eMBMasterFuncReadHoldingRegister  mbfuncholding_m.o
    0x08006f26   0x08006f26   0x00000072   Code   RO         8748    i.eMBMasterFuncReadInputRegister  mbfuncinput_m.o
    0x08006f98   0x08006f98   0x000000a4   Code   RO         8687    i.eMBMasterFuncReadWriteMultipleHoldingRegister  mbfuncholding_m.o
    0x0800703c   0x0800703c   0x00000070   Code   RO         8611    i.eMBMasterFuncWriteCoil  mbfunccoils_m.o
    0x080070ac   0x080070ac   0x00000042   Code   RO         8688    i.eMBMasterFuncWriteHoldingRegister  mbfuncholding_m.o
    0x080070ee   0x080070ee   0x00000096   Code   RO         8612    i.eMBMasterFuncWriteMultipleCoils  mbfunccoils_m.o
    0x08007184   0x08007184   0x00000072   Code   RO         8689    i.eMBMasterFuncWriteMultipleHoldingRegister  mbfuncholding_m.o
    0x080071f6   0x080071f6   0x00000002   PAD
    0x080071f8   0x080071f8   0x0000000c   Code   RO         8878    i.eMBMasterGetErrorType  mb_m.o
    0x08007204   0x08007204   0x000000bc   Code   RO         8879    i.eMBMasterInit     mb_m.o
    0x080072c0   0x080072c0   0x000001e8   Code   RO         8880    i.eMBMasterPoll     mb_m.o
    0x080074a8   0x080074a8   0x00000058   Code   RO         8774    i.eMBMasterRTUInit  mbrtu_m.o
    0x08007500   0x08007500   0x00000098   Code   RO         8775    i.eMBMasterRTUReceive  mbrtu_m.o
    0x08007598   0x08007598   0x00000098   Code   RO         8776    i.eMBMasterRTUSend  mbrtu_m.o
    0x08007630   0x08007630   0x00000024   Code   RO         8777    i.eMBMasterRTUStart  mbrtu_m.o
    0x08007654   0x08007654   0x00000018   Code   RO         8778    i.eMBMasterRTUStop  mbrtu_m.o
    0x0800766c   0x0800766c   0x00000140   Code   RO         9169    i.eMBMasterRegCoilsCB  user_mb_app_m.o
    0x080077ac   0x080077ac   0x000000d4   Code   RO         9170    i.eMBMasterRegDiscreteCB  user_mb_app_m.o
    0x08007880   0x08007880   0x00000100   Code   RO         9171    i.eMBMasterRegHoldingCB  user_mb_app_m.o
    0x08007980   0x08007980   0x00000084   Code   RO         9172    i.eMBMasterRegInputCB  user_mb_app_m.o
    0x08007a04   0x08007a04   0x00000066   Code   RO         8690    i.eMBMasterReqReadHoldingRegister  mbfuncholding_m.o
    0x08007a6a   0x08007a6a   0x00000066   Code   RO         8692    i.eMBMasterReqWriteHoldingRegister  mbfuncholding_m.o
    0x08007ad0   0x08007ad0   0x000000a8   Code   RO         8693    i.eMBMasterReqWriteMultipleHoldingRegister  mbfuncholding_m.o
    0x08007b78   0x08007b78   0x00000044   Code   RO         8962    i.eMBMasterWaitRequestFinish  portevent_m.o
    0x08007bbc   0x08007bbc   0x0000012c   Code   RO         8332    i.eMBPoll           mb.o
    0x08007ce8   0x08007ce8   0x00000058   Code   RO         8259    i.eMBRTUInit        mbrtu.o
    0x08007d40   0x08007d40   0x00000094   Code   RO         8260    i.eMBRTUReceive     mbrtu.o
    0x08007dd4   0x08007dd4   0x00000090   Code   RO         8261    i.eMBRTUSend        mbrtu.o
    0x08007e64   0x08007e64   0x00000024   Code   RO         8262    i.eMBRTUStart       mbrtu.o
    0x08007e88   0x08007e88   0x00000018   Code   RO         8263    i.eMBRTUStop        mbrtu.o
    0x08007ea0   0x08007ea0   0x00000134   Code   RO         8562    i.eMBRegCoilsCB     user_mb_app.o
    0x08007fd4   0x08007fd4   0x000000c8   Code   RO         8563    i.eMBRegDiscreteCB  user_mb_app.o
    0x0800809c   0x0800809c   0x000000b8   Code   RO         8564    i.eMBRegHoldingCB   user_mb_app.o
    0x08008154   0x08008154   0x00000070   Code   RO         8565    i.eMBRegInputCB     user_mb_app.o
    0x080081c4   0x080081c4   0x000000e4   Code   RO         1261    i.fill_disp_buf     lcd12864.o
    0x080082a8   0x080082a8   0x0000003e   Code   RO         7254    i.finsh_block_insert  finsh_heap.o
    0x080082e6   0x080082e6   0x0000007c   Code   RO         7255    i.finsh_block_merge  finsh_heap.o
    0x08008362   0x08008362   0x0000002e   Code   RO         7256    i.finsh_block_remove  finsh_heap.o
    0x08008390   0x08008390   0x00000018   Code   RO         7257    i.finsh_block_split  finsh_heap.o
    0x080083a8   0x080083a8   0x00001654   Code   RO         7173    i.finsh_compile     finsh_compiler.o
    0x080099fc   0x080099fc   0x00000068   Code   RO         7174    i.finsh_compiler_run  finsh_compiler.o
    0x08009a64   0x08009a64   0x0000000c   Code   RO         7220    i.finsh_errno       finsh_error.o
    0x08009a70   0x08009a70   0x0000000c   Code   RO         7221    i.finsh_error_init  finsh_error.o
    0x08009a7c   0x08009a7c   0x00000010   Code   RO         7222    i.finsh_error_set   finsh_error.o
    0x08009a8c   0x08009a8c   0x00000010   Code   RO         7223    i.finsh_error_string  finsh_error.o
    0x08009a9c   0x08009a9c   0x00000016   Code   RO         7307    i.finsh_flush       finsh_init.o
    0x08009ab2   0x08009ab2   0x00000002   PAD
    0x08009ab4   0x08009ab4   0x00000058   Code   RO         6878    i.finsh_getchar     shell.o
    0x08009b0c   0x08009b0c   0x00000074   Code   RO         7258    i.finsh_heap_allocate  finsh_heap.o
    0x08009b80   0x08009b80   0x0000002c   Code   RO         7259    i.finsh_heap_free   finsh_heap.o
    0x08009bac   0x08009bac   0x00000058   Code   RO         7260    i.finsh_heap_gc     finsh_heap.o
    0x08009c04   0x08009c04   0x00000030   Code   RO         7261    i.finsh_heap_init   finsh_heap.o
    0x08009c34   0x08009c34   0x0000001e   Code   RO         7308    i.finsh_init        finsh_init.o
    0x08009c52   0x08009c52   0x00000002   PAD
    0x08009c54   0x08009c54   0x0000003c   Code   RO         7343    i.finsh_node_allocate  finsh_node.o
    0x08009c90   0x08009c90   0x00000014   Code   RO         7344    i.finsh_node_init   finsh_node.o
    0x08009ca4   0x08009ca4   0x0000001e   Code   RO         7345    i.finsh_node_new_char  finsh_node.o
    0x08009cc2   0x08009cc2   0x00000076   Code   RO         7346    i.finsh_node_new_id  finsh_node.o
    0x08009d38   0x08009d38   0x0000001e   Code   RO         7347    i.finsh_node_new_int  finsh_node.o
    0x08009d56   0x08009d56   0x0000001e   Code   RO         7348    i.finsh_node_new_long  finsh_node.o
    0x08009d74   0x08009d74   0x0000001e   Code   RO         7349    i.finsh_node_new_ptr  finsh_node.o
    0x08009d92   0x08009d92   0x0000004a   Code   RO         7350    i.finsh_node_new_string  finsh_node.o
    0x08009ddc   0x08009ddc   0x00000010   Code   RO         7700    i.finsh_parser_init  finsh_parser.o
    0x08009dec   0x08009dec   0x000000dc   Code   RO         7701    i.finsh_parser_run  finsh_parser.o
    0x08009ec8   0x08009ec8   0x000000d4   Code   RO         6879    i.finsh_run_line    shell.o
    0x08009f9c   0x08009f9c   0x00000040   Code   RO         6880    i.finsh_rx_ind      shell.o
    0x08009fdc   0x08009fdc   0x000000dc   Code   RO         6881    i.finsh_set_device  shell.o
    0x0800a0b8   0x0800a0b8   0x0000000c   Code   RO         7310    i.finsh_stack_bottom  finsh_init.o
    0x0800a0c4   0x0800a0c4   0x0000005c   Code   RO         7865    i.finsh_syscall_lookup  finsh_vm.o
    0x0800a120   0x0800a120   0x00000014   Code   RO         6883    i.finsh_system_function_init  shell.o
    0x0800a134   0x0800a134   0x000000c0   Code   RO         6884    i.finsh_system_init  shell.o
    0x0800a1f4   0x0800a1f4   0x00000014   Code   RO         6885    i.finsh_system_var_init  shell.o
    0x0800a208   0x0800a208   0x0000005c   Code   RO         7812    i.finsh_sysvar_lookup  finsh_var.o
    0x0800a264   0x0800a264   0x00000514   Code   RO         6886    i.finsh_thread_entry  shell.o
    0x0800a778   0x0800a778   0x00000014   Code   RO         7900    i.finsh_token_init  finsh_token.o
    0x0800a78c   0x0800a78c   0x00000018   Code   RO         7901    i.finsh_token_token  finsh_token.o
    0x0800a7a4   0x0800a7a4   0x0000015e   Code   RO         7175    i.finsh_type_check  finsh_compiler.o
    0x0800a902   0x0800a902   0x00000002   PAD
    0x0800a904   0x0800a904   0x00000014   Code   RO         7814    i.finsh_var_init    finsh_var.o
    0x0800a918   0x0800a918   0x00000078   Code   RO         7815    i.finsh_var_insert  finsh_var.o
    0x0800a990   0x0800a990   0x00000040   Code   RO         7816    i.finsh_var_lookup  finsh_var.o
    0x0800a9d0   0x0800a9d0   0x00000054   Code   RO         7866    i.finsh_vm_run      finsh_vm.o
    0x0800aa24   0x0800aa24   0x00000006   Code   RO         1526    i.fm24clxx_close    fm24clxx.o
    0x0800aa2a   0x0800aa2a   0x00000006   Code   RO         1527    i.fm24clxx_control  fm24clxx.o
    0x0800aa30   0x0800aa30   0x00000006   Code   RO         1528    i.fm24clxx_init     fm24clxx.o
    0x0800aa36   0x0800aa36   0x00000006   Code   RO         1529    i.fm24clxx_open     fm24clxx.o
    0x0800aa3c   0x0800aa3c   0x000000cc   Code   RO         1530    i.fm24clxx_read     fm24clxx.o
    0x0800ab08   0x0800ab08   0x00000068   Code   RO         1531    i.fm24clxx_register  fm24clxx.o
    0x0800ab70   0x0800ab70   0x000000cc   Code   RO         1532    i.fm24clxx_write    fm24clxx.o
    0x0800ac3c   0x0800ac3c   0x00000044   Code   RO          768    i.full_reset_eeprom  factory_setting.o
    0x0800ac80   0x0800ac80   0x00000038   Code   RO          232    i.get_curr_index    menu_frame.o
    0x0800acb8   0x0800acb8   0x00000064   Code   RO         1401    i.get_hz_font       hz_fonts.o
    0x0800ad1c   0x0800ad1c   0x0000000c   Code   RO          186    i.get_language      global.o
    0x0800ad28   0x0800ad28   0x00000020   Code   RO         1262    i.get_line_dat      lcd12864.o
    0x0800ad48   0x0800ad48   0x00000210   Code   RO          339    i.get_password      menu_proc.o
    0x0800af58   0x0800af58   0x00000020   Code   RO         1136    i.get_pin           gpio.o
    0x0800af78   0x0800af78   0x00000034   Code   RO          340    i.get_utf8_len      menu_proc.o
    0x0800afac   0x0800afac   0x00000098   Code   RO          187    i.global_init       global.o
    0x0800b044   0x0800b044   0x00000020   Code   RO         7006    i.hello             cmd.o
    0x0800b064   0x0800b064   0x000000be   Code   RO         1648    i.i2c_bit_send_address  i2c-bit-ops.o
    0x0800b122   0x0800b122   0x0000009c   Code   RO         1649    i.i2c_bit_xfer      i2c-bit-ops.o
    0x0800b1be   0x0800b1be   0x00000002   PAD
    0x0800b1c0   0x0800b1c0   0x00000088   Code   RO         1619    i.i2c_bus_device_control  i2c_dev.o
    0x0800b248   0x0800b248   0x00000074   Code   RO         1620    i.i2c_bus_device_read  i2c_dev.o
    0x0800b2bc   0x0800b2bc   0x00000074   Code   RO         1621    i.i2c_bus_device_write  i2c_dev.o
    0x0800b330   0x0800b330   0x00000010   Code   RO         1650    i.i2c_delay         i2c-bit-ops.o
    0x0800b340   0x0800b340   0x0000000c   Code   RO         1651    i.i2c_delay2        i2c-bit-ops.o
    0x0800b34c   0x0800b34c   0x00000040   Code   RO         1733    i.i2c_hard_init     i2c_soft.o
    0x0800b38c   0x0800b38c   0x00000058   Code   RO         1652    i.i2c_readb         i2c-bit-ops.o
    0x0800b3e4   0x0800b3e4   0x00000056   Code   RO         1653    i.i2c_recv_bytes    i2c-bit-ops.o
    0x0800b43a   0x0800b43a   0x00000030   Code   RO         1654    i.i2c_restart       i2c-bit-ops.o
    0x0800b46a   0x0800b46a   0x00000034   Code   RO         1655    i.i2c_send_ack_or_nack  i2c-bit-ops.o
    0x0800b49e   0x0800b49e   0x00000048   Code   RO         1656    i.i2c_send_address  i2c-bit-ops.o
    0x0800b4e6   0x0800b4e6   0x0000004e   Code   RO         1657    i.i2c_send_bytes    i2c-bit-ops.o
    0x0800b534   0x0800b534   0x0000001c   Code   RO         1658    i.i2c_start         i2c-bit-ops.o
    0x0800b550   0x0800b550   0x0000002e   Code   RO         1659    i.i2c_stop          i2c-bit-ops.o
    0x0800b57e   0x0800b57e   0x00000092   Code   RO         1660    i.i2c_writeb        i2c-bit-ops.o
    0x0800b610   0x0800b610   0x00000014   Code   RO          233    i.is_indexstk_empty  menu_frame.o
    0x0800b624   0x0800b624   0x0000001c   Code   RO          234    i.jump2func         menu_frame.o
    0x0800b640   0x0800b640   0x000000d0   Code   RO          235    i.jump2menu         menu_frame.o
    0x0800b710   0x0800b710   0x0000000e   Code   RO          791    i.key_thread_entry  main_app.o
    0x0800b71e   0x0800b71e   0x0000001a   Code   RO          852    i.label_show        12864_ui.o
    0x0800b738   0x0800b738   0x00000030   Code   RO         1263    i.lcd_buf_flush     lcd12864.o
    0x0800b768   0x0800b768   0x0000001c   Code   RO         1264    i.lcd_fill_screen   lcd12864.o
    0x0800b784   0x0800b784   0x000000ac   Code   RO         1265    i.lcd_init          lcd12864.o
    0x0800b830   0x0800b830   0x00000014   Code   RO          792    i.lcd_thread_entry  main_app.o
    0x0800b844   0x0800b844   0x0000001c   Code   RO          236    i.leaf_exit         menu_frame.o
    0x0800b860   0x0800b860   0x000000dc   Code   RO         7007    i.list              cmd.o
    0x0800b93c   0x0800b93c   0x00000010   Code   RO         7008    i.list_device       cmd.o
    0x0800b94c   0x0800b94c   0x00000010   Code   RO         7009    i.list_event        cmd.o
    0x0800b95c   0x0800b95c   0x00000010   Code   RO         7010    i.list_mailbox      cmd.o
    0x0800b96c   0x0800b96c   0x00000010   Code   RO         7011    i.list_mempool      cmd.o
    0x0800b97c   0x0800b97c   0x00000010   Code   RO         7012    i.list_msgqueue     cmd.o
    0x0800b98c   0x0800b98c   0x00000010   Code   RO         7013    i.list_mutex        cmd.o
    0x0800b99c   0x0800b99c   0x00000210   Code   RO         7014    i.list_prefix       cmd.o
    0x0800bbac   0x0800bbac   0x00000010   Code   RO         7015    i.list_sem          cmd.o
    0x0800bbbc   0x0800bbbc   0x00000010   Code   RO         7016    i.list_thread       cmd.o
    0x0800bbcc   0x0800bbcc   0x00000010   Code   RO         7017    i.list_timer        cmd.o
    0x0800bbdc   0x0800bbdc   0x0000000e   Code   RO          153    i.main              startup.o
    0x0800bbea   0x0800bbea   0x00000002   PAD
    0x0800bbec   0x0800bbec   0x00000058   Code   RO          793    i.main_thread_entry  main_app.o
    0x0800bc44   0x0800bc44   0x00000028   Code   RO         7702    i.make_sys_node     finsh_parser.o
    0x0800bc6c   0x0800bc6c   0x00000138   Code   RO          341    i.menu_20mA_1_cali  menu_proc.o
    0x0800bda4   0x0800bda4   0x00000138   Code   RO          342    i.menu_20mA_2_cali  menu_proc.o
    0x0800bedc   0x0800bedc   0x00000002   Code   RO          344    i.menu_20mA_zhuodu_cali  menu_proc.o
    0x0800bede   0x0800bede   0x00000002   PAD
    0x0800bee0   0x0800bee0   0x00000138   Code   RO          345    i.menu_4mA_1_cali   menu_proc.o
    0x0800c018   0x0800c018   0x00000138   Code   RO          346    i.menu_4mA_2_cali   menu_proc.o
    0x0800c150   0x0800c150   0x00000002   Code   RO          348    i.menu_4mA_zhuodu_cali  menu_proc.o
    0x0800c152   0x0800c152   0x00000002   PAD
    0x0800c154   0x0800c154   0x000000dc   Code   RO          237    i.menu_back         menu_frame.o
    0x0800c230   0x0800c230   0x000000a8   Code   RO          349    i.menu_canbi_ratio_setup  menu_proc.o
    0x0800c2d8   0x0800c2d8   0x000000c0   Code   RO          350    i.menu_curr_out_1_downlimit  menu_proc.o
    0x0800c398   0x0800c398   0x000000c0   Code   RO          351    i.menu_curr_out_1_uplimit  menu_proc.o
    0x0800c458   0x0800c458   0x000000c0   Code   RO          352    i.menu_curr_out_2_downlimit  menu_proc.o
    0x0800c518   0x0800c518   0x000000c0   Code   RO          353    i.menu_curr_out_2_uplimit  menu_proc.o
    0x0800c5d8   0x0800c5d8   0x0000000a   Code   RO          238    i.menu_default      menu_frame.o
    0x0800c5e2   0x0800c5e2   0x00000002   PAD
    0x0800c5e4   0x0800c5e4   0x000000a8   Code   RO          354    i.menu_disp_canbi_calc  menu_proc.o
    0x0800c68c   0x0800c68c   0x0000009c   Code   RO          355    i.menu_disp_canbi_object  menu_proc.o
    0x0800c728   0x0800c728   0x000000fc   Code   RO          357    i.menu_display_ch123  menu_proc.o
    0x0800c824   0x0800c824   0x0000001c   Code   RO          358    i.menu_display_formula  menu_proc.o
    0x0800c840   0x0800c840   0x000000f8   Code   RO          359    i.menu_display_zhuodu_xiguangdu  menu_proc.o
    0x0800c938   0x0800c938   0x00000108   Code   RO          360    i.menu_full_cali    menu_proc.o
    0x0800ca40   0x0800ca40   0x00000018   Code   RO          361    i.menu_init         menu_proc.o
    0x0800ca58   0x0800ca58   0x00000918   Code   RO          362    i.menu_linear_cali  menu_proc.o
    0x0800d370   0x0800d370   0x000000a0   Code   RO          363    i.menu_linear_cali_point  menu_proc.o
    0x0800d410   0x0800d410   0x00000048   Code   RO          239    i.menu_main         menu_frame.o
    0x0800d458   0x0800d458   0x00000024   Code   RO          365    i.menu_main_disp    menu_proc.o
    0x0800d47c   0x0800d47c   0x000000c0   Code   RO          366    i.menu_password_setup  menu_proc.o
    0x0800d53c   0x0800d53c   0x00000098   Code   RO          371    i.menu_range_sel    menu_proc.o
    0x0800d5d4   0x0800d5d4   0x00000098   Code   RO          372    i.menu_relay_1_alarm_delay  menu_proc.o
    0x0800d66c   0x0800d66c   0x0000007c   Code   RO          373    i.menu_relay_1_alarm_sel  menu_proc.o
    0x0800d6e8   0x0800d6e8   0x000000a0   Code   RO          374    i.menu_relay_1_alarm_value  menu_proc.o
    0x0800d788   0x0800d788   0x00000098   Code   RO          375    i.menu_relay_2_alarm_delay  menu_proc.o
    0x0800d820   0x0800d820   0x00000088   Code   RO          376    i.menu_relay_2_alarm_sel  menu_proc.o
    0x0800d8a8   0x0800d8a8   0x000000a0   Code   RO          377    i.menu_relay_2_alarm_value  menu_proc.o
    0x0800d948   0x0800d948   0x00000108   Code   RO          378    i.menu_reset_factory  menu_proc.o
    0x0800da50   0x0800da50   0x000000d0   Code   RO          379    i.menu_rs485_baud   menu_proc.o
    0x0800db20   0x0800db20   0x000000d0   Code   RO          380    i.menu_rs485_check  menu_proc.o
    0x0800dbf0   0x0800dbf0   0x0000007c   Code   RO          381    i.menu_rs485_databit  menu_proc.o
    0x0800dc6c   0x0800dc6c   0x00000110   Code   RO          382    i.menu_rs485_id     menu_proc.o
    0x0800dd7c   0x0800dd7c   0x000000ac   Code   RO          384    i.menu_serial_no_setup  menu_proc.o
    0x0800de28   0x0800de28   0x000000c8   Code   RO          385    i.menu_slave_rs485_id  menu_proc.o
    0x0800def0   0x0800def0   0x000000b8   Code   RO          386    i.menu_temp_compensate  menu_proc.o
    0x0800dfa8   0x0800dfa8   0x00000090   Code   RO          387    i.menu_unit         menu_proc.o
    0x0800e038   0x0800e038   0x000000bc   Code   RO          240    i.menu_var_init     menu_frame.o
    0x0800e0f4   0x0800e0f4   0x000000e4   Code   RO          388    i.menu_zero_cali    menu_proc.o
    0x0800e1d8   0x0800e1d8   0x00000118   Code   RO          389    i.menu_zero_compensate  menu_proc.o
    0x0800e2f0   0x0800e2f0   0x00000050   Code   RO          794    i.modbus_app_thread_entry  main_app.o
    0x0800e340   0x0800e340   0x00000020   Code   RO          795    i.modbus_m_thread_entry  main_app.o
    0x0800e360   0x0800e360   0x00000064   Code   RO          796    i.modbus_s_thread_entry  main_app.o
    0x0800e3c4   0x0800e3c4   0x00000138   Code   RO          241    i.node_proc         menu_frame.o
    0x0800e4fc   0x0800e4fc   0x0000003e   Code   RO         7018    i.object_name_maxlen  cmd.o
    0x0800e53a   0x0800e53a   0x00000002   PAD
    0x0800e53c   0x0800e53c   0x0000001c   Code   RO         7019    i.object_split      cmd.o
    0x0800e558   0x0800e558   0x00000034   Code   RO          390    i.pass_proc         menu_proc.o
    0x0800e58c   0x0800e58c   0x00000048   Code   RO         1137    i.pin_irq_hdr       gpio.o
    0x0800e5d4   0x0800e5d4   0x0000010c   Code   RO         5698    i.plug_holes        mem.o
    0x0800e6e0   0x0800e6e0   0x0000018c   Code   RO         5501    i.print_number      kservice.o
    0x0800e86c   0x0800e86c   0x00000072   Code   RO         7703    i.proc_additive_expr  finsh_parser.o
    0x0800e8de   0x0800e8de   0x0000004c   Code   RO         7704    i.proc_and_expr     finsh_parser.o
    0x0800e92a   0x0800e92a   0x00000038   Code   RO         7705    i.proc_assign_expr  finsh_parser.o
    0x0800e962   0x0800e962   0x0000004e   Code   RO         7706    i.proc_cast_expr    finsh_parser.o
    0x0800e9b0   0x0800e9b0   0x0000004c   Code   RO         7707    i.proc_exclusive_or_expr  finsh_parser.o
    0x0800e9fc   0x0800e9fc   0x0000000c   Code   RO         7708    i.proc_expr         finsh_parser.o
    0x0800ea08   0x0800ea08   0x00000038   Code   RO         7709    i.proc_expr_statement  finsh_parser.o
    0x0800ea40   0x0800ea40   0x0000002c   Code   RO         7710    i.proc_identifier   finsh_parser.o
    0x0800ea6c   0x0800ea6c   0x0000004c   Code   RO         7711    i.proc_inclusive_or_expr  finsh_parser.o
    0x0800eab8   0x0800eab8   0x0000008a   Code   RO         7712    i.proc_multiplicative_expr  finsh_parser.o
    0x0800eb42   0x0800eb42   0x0000004c   Code   RO         7713    i.proc_param_list   finsh_parser.o
    0x0800eb8e   0x0800eb8e   0x000000a2   Code   RO         7714    i.proc_postfix_expr  finsh_parser.o
    0x0800ec30   0x0800ec30   0x0000009e   Code   RO         7715    i.proc_primary_expr  finsh_parser.o
    0x0800ecce   0x0800ecce   0x00000074   Code   RO         7716    i.proc_shift_expr   finsh_parser.o
    0x0800ed42   0x0800ed42   0x000000fa   Code   RO         7717    i.proc_type         finsh_parser.o
    0x0800ee3c   0x0800ee3c   0x000000be   Code   RO         7718    i.proc_unary_expr   finsh_parser.o
    0x0800eefa   0x0800eefa   0x000001da   Code   RO         7719    i.proc_variable_decl  finsh_parser.o
    0x0800f0d4   0x0800f0d4   0x00000022   Code   RO         8202    i.prveMBError2Exception  mbutils.o
    0x0800f0f6   0x0800f0f6   0x00000002   PAD
    0x0800f0f8   0x0800f0f8   0x00000010   Code   RO         8518    i.prvvTIMERExpiredISR  porttimer.o
    0x0800f108   0x0800f108   0x00000010   Code   RO         9112    i.prvvTIMERExpiredISR  porttimer_m.o
    0x0800f118   0x0800f118   0x00000010   Code   RO         8450    i.prvvUARTRxISR     portserial.o
    0x0800f128   0x0800f128   0x00000010   Code   RO         9044    i.prvvUARTRxISR     portserial_m.o
    0x0800f138   0x0800f138   0x00000010   Code   RO         8451    i.prvvUARTTxReadyISR  portserial.o
    0x0800f148   0x0800f148   0x00000010   Code   RO         9045    i.prvvUARTTxReadyISR  portserial_m.o
    0x0800f158   0x0800f158   0x0000004c   Code   RO          769    i.restore_factory_settings  factory_setting.o
    0x0800f1a4   0x0800f1a4   0x00000030   Code   RO            3    i.rt_application_init  application.o
    0x0800f1d4   0x0800f1d4   0x00000074   Code   RO         5502    i.rt_assert_handler  kservice.o
    0x0800f248   0x0800f248   0x00000068   Code   RO         6445    i.rt_completion_done  completion.o
    0x0800f2b0   0x0800f2b0   0x00000048   Code   RO         6446    i.rt_completion_init  completion.o
    0x0800f2f8   0x0800f2f8   0x0000013c   Code   RO         6447    i.rt_completion_wait  completion.o
    0x0800f434   0x0800f434   0x0000001c   Code   RO         7982    i.rt_components_board_init  components.o
    0x0800f450   0x0800f450   0x0000001c   Code   RO         7983    i.rt_components_init  components.o
    0x0800f46c   0x0800f46c   0x0000000c   Code   RO         5504    i.rt_console_get_device  kservice.o
    0x0800f478   0x0800f478   0x00000034   Code   RO         5505    i.rt_console_set_device  kservice.o
    0x0800f4ac   0x0800f4ac   0x00000064   Code   RO         6478    i.rt_data_queue_init  dataqueue.o
    0x0800f510   0x0800f510   0x00000080   Code   RO         6479    i.rt_data_queue_peak  dataqueue.o
    0x0800f590   0x0800f590   0x000001bc   Code   RO         6480    i.rt_data_queue_pop  dataqueue.o
    0x0800f74c   0x0800f74c   0x0000015c   Code   RO         6481    i.rt_data_queue_push  dataqueue.o
    0x0800f8a8   0x0800f8a8   0x00000058   Code   RO         5059    i.rt_device_close   device.o
    0x0800f900   0x0800f900   0x00000050   Code   RO         5061    i.rt_device_find    device.o
    0x0800f950   0x0800f950   0x000000e8   Code   RO         5064    i.rt_device_open    device.o
    0x0800fa38   0x0800fa38   0x00000048   Code   RO         6814    i.rt_device_pin_register  pin.o
    0x0800fa80   0x0800fa80   0x00000060   Code   RO         5065    i.rt_device_read    device.o
    0x0800fae0   0x0800fae0   0x00000034   Code   RO         5066    i.rt_device_register  device.o
    0x0800fb14   0x0800fb14   0x00000030   Code   RO         5067    i.rt_device_set_rx_indicate  device.o
    0x0800fb44   0x0800fb44   0x00000060   Code   RO         5070    i.rt_device_write   device.o
    0x0800fba4   0x0800fba4   0x00000064   Code   RO         6357    i.rt_dma_calc_recved_len  serial.o
    0x0800fc08   0x0800fc08   0x00000098   Code   RO         6358    i.rt_dma_recv_update_get_index  serial.o
    0x0800fca0   0x0800fca0   0x000000b0   Code   RO         6359    i.rt_dma_recv_update_put_index  serial.o
    0x0800fd50   0x0800fd50   0x00000020   Code   RO         5935    i.rt_enter_critical  scheduler.o
    0x0800fd70   0x0800fd70   0x00000048   Code   RO         5191    i.rt_event_init     ipc.o
    0x0800fdb8   0x0800fdb8   0x000001f0   Code   RO         5192    i.rt_event_recv     ipc.o
    0x0800ffa8   0x0800ffa8   0x000000f0   Code   RO         5193    i.rt_event_send     ipc.o
    0x08010098   0x08010098   0x0000003c   Code   RO         5936    i.rt_exit_critical  scheduler.o
    0x080100d4   0x080100d4   0x0000019c   Code   RO         5700    i.rt_free           mem.o
    0x08010270   0x08010270   0x00000078   Code   RO          894    i.rt_hw_board_init  board.o
    0x080102e8   0x080102e8   0x00000002   Code   RO         5508    i.rt_hw_console_output  kservice.o
    0x080102ea   0x080102ea   0x00000002   PAD
    0x080102ec   0x080102ec   0x00000018   Code   RO         1797    i.rt_hw_fm24cl16_init  fm24cl16.o
    0x08010304   0x08010304   0x00000200   Code   RO         6278    i.rt_hw_hard_fault_exception  cpuport.o
    0x08010504   0x08010504   0x00000034   Code   RO         1734    i.rt_hw_i2c_init    i2c_soft.o
    0x08010538   0x08010538   0x00000010   Code   RO         1266    i.rt_hw_lcd_init    lcd12864.o
    0x08010548   0x08010548   0x000001d0   Code   RO         6360    i.rt_hw_serial_isr  serial.o
    0x08010718   0x08010718   0x0000007c   Code   RO         6361    i.rt_hw_serial_register  serial.o
    0x08010794   0x08010794   0x0000004c   Code   RO         6279    i.rt_hw_stack_init  cpuport.o
    0x080107e0   0x080107e0   0x000000d0   Code   RO         1020    i.rt_hw_usart_init  usart.o
    0x080108b0   0x080108b0   0x00000018   Code   RO         1661    i.rt_i2c_bit_add_bus  i2c-bit-ops.o
    0x080108c8   0x080108c8   0x0000005c   Code   RO         1622    i.rt_i2c_bus_device_device_init  i2c_dev.o
    0x08010924   0x08010924   0x0000001e   Code   RO         1573    i.rt_i2c_bus_device_find  i2c_core.o
    0x08010942   0x08010942   0x00000002   PAD
    0x08010944   0x08010944   0x0000003c   Code   RO         1574    i.rt_i2c_bus_device_register  i2c_core.o
    0x08010980   0x08010980   0x00000004   Code   RO         1575    i.rt_i2c_core_init  i2c_core.o
    0x08010984   0x08010984   0x00000070   Code   RO         1576    i.rt_i2c_master_recv  i2c_core.o
    0x080109f4   0x080109f4   0x00000042   Code   RO         1577    i.rt_i2c_master_send  i2c_core.o
    0x08010a36   0x08010a36   0x0000003c   Code   RO         1578    i.rt_i2c_transfer   i2c_core.o
    0x08010a72   0x08010a72   0x00000014   Code   RO            4    i.rt_init_thread_entry  application.o
    0x08010a86   0x08010a86   0x00000002   PAD
    0x08010a88   0x08010a88   0x00000038   Code   RO         5461    i.rt_interrupt_enter  irq.o
    0x08010ac0   0x08010ac0   0x0000000c   Code   RO         5463    i.rt_interrupt_get_nest  irq.o
    0x08010acc   0x08010acc   0x00000038   Code   RO         5464    i.rt_interrupt_leave  irq.o
    0x08010b04   0x08010b04   0x00000018   Code   RO         5194    i.rt_ipc_list_resume  ipc.o
    0x08010b1c   0x08010b1c   0x0000006c   Code   RO         5196    i.rt_ipc_list_suspend  ipc.o
    0x08010b88   0x08010b88   0x00000010   Code   RO         5197    i.rt_ipc_object_init  ipc.o
    0x08010b98   0x08010b98   0x00000068   Code   RO         5509    i.rt_kprintf        kservice.o
    0x08010c00   0x08010c00   0x00000006   Code   RO         5198    i.rt_list_init      ipc.o
    0x08010c06   0x08010c06   0x00000006   Code   RO         5937    i.rt_list_init      scheduler.o
    0x08010c0c   0x08010c0c   0x00000006   Code   RO         6150    i.rt_list_init      timer.o
    0x08010c12   0x08010c12   0x00000006   Code   RO         6483    i.rt_list_init      dataqueue.o
    0x08010c18   0x08010c18   0x0000000e   Code   RO         5832    i.rt_list_insert_after  object.o
    0x08010c26   0x08010c26   0x0000000e   Code   RO         6013    i.rt_list_insert_after  thread.o
    0x08010c34   0x08010c34   0x0000000e   Code   RO         6151    i.rt_list_insert_after  timer.o
    0x08010c42   0x08010c42   0x0000000e   Code   RO         5199    i.rt_list_insert_before  ipc.o
    0x08010c50   0x08010c50   0x0000000e   Code   RO         6484    i.rt_list_insert_before  dataqueue.o
    0x08010c5e   0x08010c5e   0x00000010   Code   RO         5200    i.rt_list_isempty   ipc.o
    0x08010c6e   0x08010c6e   0x00000010   Code   RO         6152    i.rt_list_isempty   timer.o
    0x08010c7e   0x08010c7e   0x00000010   Code   RO         6448    i.rt_list_isempty   completion.o
    0x08010c8e   0x08010c8e   0x00000010   Code   RO         6485    i.rt_list_isempty   dataqueue.o
    0x08010c9e   0x08010c9e   0x00000010   Code   RO         7020    i.rt_list_isempty   cmd.o
    0x08010cae   0x08010cae   0x00000014   Code   RO         7021    i.rt_list_len       cmd.o
    0x08010cc2   0x08010cc2   0x00000012   Code   RO         5833    i.rt_list_remove    object.o
    0x08010cd4   0x08010cd4   0x00000012   Code   RO         6014    i.rt_list_remove    thread.o
    0x08010ce6   0x08010ce6   0x00000002   PAD
    0x08010ce8   0x08010ce8   0x0000011c   Code   RO          797    i.rt_main_app_init  main_app.o
    0x08010e04   0x08010e04   0x000002b4   Code   RO         5702    i.rt_malloc         mem.o
    0x080110b8   0x080110b8   0x0000007c   Code   RO         5513    i.rt_memcpy         kservice.o
    0x08011134   0x08011134   0x00000042   Code   RO         5514    i.rt_memmove        kservice.o
    0x08011176   0x08011176   0x00000048   Code   RO         5515    i.rt_memset         kservice.o
    0x080111be   0x080111be   0x00000002   PAD
    0x080111c0   0x080111c0   0x00000054   Code   RO         5221    i.rt_mutex_init     ipc.o
    0x08011214   0x08011214   0x00000178   Code   RO         5222    i.rt_mutex_release  ipc.o
    0x0801138c   0x0801138c   0x000001d4   Code   RO         5223    i.rt_mutex_take     ipc.o
    0x08011560   0x08011560   0x000000b8   Code   RO         5834    i.rt_object_allocate  object.o
    0x08011618   0x08011618   0x0000009c   Code   RO         5836    i.rt_object_delete  object.o
    0x080116b4   0x080116b4   0x00000054   Code   RO         5837    i.rt_object_detach  object.o
    0x08011708   0x08011708   0x00000054   Code   RO         5841    i.rt_object_init    object.o
    0x0801175c   0x0801175c   0x0000003c   Code   RO         5842    i.rt_object_is_systemobject  object.o
    0x08011798   0x08011798   0x00000048   Code   RO         6817    i.rt_pin_mode       pin.o
    0x080117e0   0x080117e0   0x00000048   Code   RO         6819    i.rt_pin_write      pin.o
    0x08011828   0x08011828   0x000000a4   Code   RO         5938    i.rt_schedule       scheduler.o
    0x080118cc   0x080118cc   0x00000074   Code   RO         5939    i.rt_schedule_insert_thread  scheduler.o
    0x08011940   0x08011940   0x00000080   Code   RO         5940    i.rt_schedule_remove_thread  scheduler.o
    0x080119c0   0x080119c0   0x00000048   Code   RO         5228    i.rt_sem_init       ipc.o
    0x08011a08   0x08011a08   0x00000054   Code   RO         5229    i.rt_sem_release    ipc.o
    0x08011a5c   0x08011a5c   0x00000188   Code   RO         5230    i.rt_sem_take       ipc.o
    0x08011be4   0x08011be4   0x00000184   Code   RO         6362    i.rt_serial_close   serial.o
    0x08011d68   0x08011d68   0x000000a0   Code   RO         6363    i.rt_serial_control  serial.o
    0x08011e08   0x08011e08   0x00000048   Code   RO         6364    i.rt_serial_init    serial.o
    0x08011e50   0x08011e50   0x0000023c   Code   RO         6365    i.rt_serial_open    serial.o
    0x0801208c   0x0801208c   0x0000006c   Code   RO         6366    i.rt_serial_read    serial.o
    0x080120f8   0x080120f8   0x0000006c   Code   RO         6367    i.rt_serial_write   serial.o
    0x08012164   0x08012164   0x00000028   Code   RO         5516    i.rt_set_errno      kservice.o
    0x0801218c   0x0801218c   0x000000b0   Code   RO         5517    i.rt_show_version   kservice.o
    0x0801223c   0x0801223c   0x000000a0   Code   RO         6153    i.rt_soft_timer_check  timer.o
    0x080122dc   0x080122dc   0x00000012   Code   RO         5523    i.rt_strlen         kservice.o
    0x080122ee   0x080122ee   0x00000028   Code   RO         5524    i.rt_strncmp        kservice.o
    0x08012316   0x08012316   0x00000034   Code   RO         5525    i.rt_strncpy        kservice.o
    0x0801234a   0x0801234a   0x00000002   PAD
    0x0801234c   0x0801234c   0x00000150   Code   RO         5706    i.rt_system_heap_init  mem.o
    0x0801249c   0x0801249c   0x00000050   Code   RO         5942    i.rt_system_scheduler_init  scheduler.o
    0x080124ec   0x080124ec   0x00000030   Code   RO         5943    i.rt_system_scheduler_start  scheduler.o
    0x0801251c   0x0801251c   0x0000001c   Code   RO         6154    i.rt_system_timer_init  timer.o
    0x08012538   0x08012538   0x00000054   Code   RO         6155    i.rt_system_timer_thread_init  timer.o
    0x0801258c   0x0801258c   0x00000098   Code   RO         6015    i.rt_thread_control  thread.o
    0x08012624   0x08012624   0x00000050   Code   RO         6016    i.rt_thread_create  thread.o
    0x08012674   0x08012674   0x0000000c   Code   RO         6017    i.rt_thread_delay   thread.o
    0x08012680   0x08012680   0x00000064   Code   RO         6018    i.rt_thread_delete  thread.o
    0x080126e4   0x080126e4   0x00000054   Code   RO         6020    i.rt_thread_exit    thread.o
    0x08012738   0x08012738   0x00000018   Code   RO         5140    i.rt_thread_idle_entry  idle.o
    0x08012750   0x08012750   0x000000cc   Code   RO         5141    i.rt_thread_idle_excute  idle.o
    0x0801281c   0x0801281c   0x0000003c   Code   RO         5143    i.rt_thread_idle_init  idle.o
    0x08012858   0x08012858   0x0000007c   Code   RO         6022    i.rt_thread_init    thread.o
    0x080128d4   0x080128d4   0x0000007c   Code   RO         6024    i.rt_thread_resume  thread.o
    0x08012950   0x08012950   0x0000000c   Code   RO         6026    i.rt_thread_self    thread.o
    0x0801295c   0x0801295c   0x00000068   Code   RO         6027    i.rt_thread_sleep   thread.o
    0x080129c4   0x080129c4   0x0000008c   Code   RO         6028    i.rt_thread_startup  thread.o
    0x08012a50   0x08012a50   0x0000007c   Code   RO         6029    i.rt_thread_suspend  thread.o
    0x08012acc   0x08012acc   0x00000080   Code   RO         6031    i.rt_thread_timeout  thread.o
    0x08012b4c   0x08012b4c   0x00000044   Code   RO         6156    i.rt_thread_timer_entry  timer.o
    0x08012b90   0x08012b90   0x00000060   Code   RO         6032    i.rt_thread_yield   thread.o
    0x08012bf0   0x08012bf0   0x0000000c   Code   RO         5023    i.rt_tick_get       clock.o
    0x08012bfc   0x08012bfc   0x00000030   Code   RO         5024    i.rt_tick_increase  clock.o
    0x08012c2c   0x08012c2c   0x0000009c   Code   RO         6157    i.rt_timer_check    timer.o
    0x08012cc8   0x08012cc8   0x00000064   Code   RO         6158    i.rt_timer_control  timer.o
    0x08012d2c   0x08012d2c   0x00000044   Code   RO         6161    i.rt_timer_detach   timer.o
    0x08012d70   0x08012d70   0x00000054   Code   RO         6162    i.rt_timer_init     timer.o
    0x08012dc4   0x08012dc4   0x0000001c   Code   RO         6163    i.rt_timer_list_next_timeout  timer.o
    0x08012de0   0x08012de0   0x0000019c   Code   RO         6165    i.rt_timer_start    timer.o
    0x08012f7c   0x08012f7c   0x0000006c   Code   RO         6166    i.rt_timer_stop     timer.o
    0x08012fe8   0x08012fe8   0x00000328   Code   RO         5528    i.rt_vsnprintf      kservice.o
    0x08013310   0x08013310   0x00000004   Code   RO         7984    i.rti_board_end     components.o
    0x08013314   0x08013314   0x00000004   Code   RO         7985    i.rti_board_start   components.o
    0x08013318   0x08013318   0x00000004   Code   RO         7986    i.rti_end           components.o
    0x0801331c   0x0801331c   0x00000004   Code   RO         7987    i.rti_start         components.o
    0x08013320   0x08013320   0x00000030   Code   RO          154    i.rtthread_startup  startup.o
    0x08013350   0x08013350   0x0000000e   Code   RO         8452    i.serial_rx_ind     portserial.o
    0x0801335e   0x0801335e   0x0000000e   Code   RO         9046    i.serial_rx_ind     portserial_m.o
    0x0801336c   0x0801336c   0x00000020   Code   RO         8453    i.serial_soft_trans_irq  portserial.o
    0x0801338c   0x0801338c   0x00000020   Code   RO         9047    i.serial_soft_trans_irq  portserial_m.o
    0x080133ac   0x080133ac   0x0000045c   Code   RO          391    i.set_int_float_min_max  menu_proc.o
    0x08013808   0x08013808   0x00000020   Code   RO         1267    i.set_line_dat      lcd12864.o
    0x08013828   0x08013828   0x000003c0   Code   RO          853    i.set_number_box    12864_ui.o
    0x08013be8   0x08013be8   0x00000204   Code   RO          393    i.set_select        menu_proc.o
    0x08013dec   0x08013dec   0x00000030   Code   RO         6887    i.shell_auto_complete  shell.o
    0x08013e1c   0x08013e1c   0x00000034   Code   RO         6888    i.shell_handle_history  shell.o
    0x08013e50   0x08013e50   0x000000dc   Code   RO         6889    i.shell_push_history  shell.o
    0x08013f2c   0x08013f2c   0x00000030   Code   RO         7022    i.show_wait_queue   cmd.o
    0x08013f5c   0x08013f5c   0x00000026   Code   RO         5530    i.skip_atoi         kservice.o
    0x08013f82   0x08013f82   0x00000002   PAD
    0x08013f84   0x08013f84   0x00000018   Code   RO         1434    i.statKeyDownDown   bsp_button.o
    0x08013f9c   0x08013f9c   0x00000018   Code   RO         1435    i.statKeyDownMenu   bsp_button.o
    0x08013fb4   0x08013fb4   0x00000054   Code   RO         1436    i.statKeyDownMenuDown  bsp_button.o
    0x08014008   0x08014008   0x00000054   Code   RO         1437    i.statKeyDownMenuOk  bsp_button.o
    0x0801405c   0x0801405c   0x00000054   Code   RO         1438    i.statKeyDownMenuUp  bsp_button.o
    0x080140b0   0x080140b0   0x00000018   Code   RO         1439    i.statKeyDownOk     bsp_button.o
    0x080140c8   0x080140c8   0x00000018   Code   RO         1440    i.statKeyDownUp     bsp_button.o
    0x080140e0   0x080140e0   0x000000e8   Code   RO         1021    i.stm32_configure   usart.o
    0x080141c8   0x080141c8   0x000000a4   Code   RO         1022    i.stm32_control     usart.o
    0x0801426c   0x0801426c   0x00000010   Code   RO         1735    i.stm32_get_scl     i2c_soft.o
    0x0801427c   0x0801427c   0x00000010   Code   RO         1736    i.stm32_get_sda     i2c_soft.o
    0x0801428c   0x0801428c   0x00000044   Code   RO         1023    i.stm32_getc        usart.o
    0x080142d0   0x080142d0   0x0000001c   Code   RO         1138    i.stm32_hw_pin_init  gpio.o
    0x080142ec   0x080142ec   0x000000dc   Code   RO         1139    i.stm32_pin_attach_irq  gpio.o
    0x080143c8   0x080143c8   0x0000008c   Code   RO         1140    i.stm32_pin_dettach_irq  gpio.o
    0x08014454   0x08014454   0x00000150   Code   RO         1141    i.stm32_pin_irq_enable  gpio.o
    0x080145a4   0x080145a4   0x00000064   Code   RO         1142    i.stm32_pin_mode    gpio.o
    0x08014608   0x08014608   0x00000030   Code   RO         1143    i.stm32_pin_read    gpio.o
    0x08014638   0x08014638   0x00000034   Code   RO         1144    i.stm32_pin_write   gpio.o
    0x0801466c   0x0801466c   0x00000078   Code   RO         1024    i.stm32_putc        usart.o
    0x080146e4   0x080146e4   0x00000020   Code   RO         1738    i.stm32_set_scl     i2c_soft.o
    0x08014704   0x08014704   0x0000001c   Code   RO         1739    i.stm32_set_sda     i2c_soft.o
    0x08014720   0x08014720   0x00000026   Code   RO         1740    i.stm32_udelay      i2c_soft.o
    0x08014746   0x08014746   0x00000020   Code   RO         7023    i.str_common        cmd.o
    0x08014766   0x08014766   0x00000022   Code   RO         7024    i.str_is_prefix     cmd.o
    0x08014788   0x08014788   0x0000000e   Code   RO          394    i.swap_f32          menu_proc.o
    0x08014796   0x08014796   0x0000000a   Code   RO         8519    i.timer_timeout_ind  porttimer.o
    0x080147a0   0x080147a0   0x0000000a   Code   RO         9113    i.timer_timeout_ind  porttimer_m.o
    0x080147aa   0x080147aa   0x00000078   Code   RO         7902    i.token_get_string  finsh_token.o
    0x08014822   0x08014822   0x00000002   PAD
    0x08014824   0x08014824   0x00000034   Code   RO         7903    i.token_match_name  finsh_token.o
    0x08014858   0x08014858   0x0000003e   Code   RO         7904    i.token_next_char   finsh_token.o
    0x08014896   0x08014896   0x00000016   Code   RO         7905    i.token_prev_char   finsh_token.o
    0x080148ac   0x080148ac   0x000000a2   Code   RO         7906    i.token_proc_char   finsh_token.o
    0x0801494e   0x0801494e   0x000000d6   Code   RO         7907    i.token_proc_escape  finsh_token.o
    0x08014a24   0x08014a24   0x00000120   Code   RO         7908    i.token_proc_number  finsh_token.o
    0x08014b44   0x08014b44   0x00000050   Code   RO         7909    i.token_proc_string  finsh_token.o
    0x08014b94   0x08014b94   0x0000019e   Code   RO         7910    i.token_run         finsh_token.o
    0x08014d32   0x08014d32   0x00000098   Code   RO         7911    i.token_spec_number  finsh_token.o
    0x08014dca   0x08014dca   0x00000022   Code   RO         7912    i.token_trim_space  finsh_token.o
    0x08014dec   0x08014dec   0x0000005c   Code   RO         1268    i.transfer_cmd      lcd12864.o
    0x08014e48   0x08014e48   0x0000005c   Code   RO         1269    i.transfer_dat      lcd12864.o
    0x08014ea4   0x08014ea4   0x000000a8   Code   RO         1025    i.uart_isr          usart.o
    0x08014f4c   0x08014f4c   0x0000000c   Code   RO         8881    i.ucMBMasterGetDestAddress  mb_m.o
    0x08014f58   0x08014f58   0x000000b0   Code   RO          242    i.update_node_list  menu_frame.o
    0x08015008   0x08015008   0x00000038   Code   RO         8234    i.usMBCRC16         mbcrc.o
    0x08015040   0x08015040   0x0000000c   Code   RO         8779    i.usMBMasterGetPDUSndLength  mbrtu_m.o
    0x0801504c   0x0801504c   0x00000010   Code   RO         8963    i.vMBMasterCBRequestScuuess  portevent_m.o
    0x0801505c   0x0801505c   0x00000018   Code   RO         8964    i.vMBMasterErrorCBExecuteFunction  portevent_m.o
    0x08015074   0x08015074   0x00000018   Code   RO         8965    i.vMBMasterErrorCBReceiveData  portevent_m.o
    0x0801508c   0x0801508c   0x00000018   Code   RO         8966    i.vMBMasterErrorCBRespondTimeout  portevent_m.o
    0x080150a4   0x080150a4   0x0000000c   Code   RO         8780    i.vMBMasterGetPDUSndBuf  mbrtu_m.o
    0x080150b0   0x080150b0   0x00000020   Code   RO         8967    i.vMBMasterOsResInit  portevent_m.o
    0x080150d0   0x080150d0   0x00000068   Code   RO         9049    i.vMBMasterPortSerialEnable  portserial_m.o
    0x08015138   0x08015138   0x00000024   Code   RO         9114    i.vMBMasterPortTimersConvertDelayEnable  porttimer_m.o
    0x0801515c   0x0801515c   0x00000010   Code   RO         9115    i.vMBMasterPortTimersDisable  porttimer_m.o
    0x0801516c   0x0801516c   0x00000024   Code   RO         9116    i.vMBMasterPortTimersRespondTimeoutEnable  porttimer_m.o
    0x08015190   0x08015190   0x00000034   Code   RO         9117    i.vMBMasterPortTimersT35Enable  porttimer_m.o
    0x080151c4   0x080151c4   0x00000010   Code   RO         8968    i.vMBMasterRunResRelease  portevent_m.o
    0x080151d4   0x080151d4   0x0000000c   Code   RO         8882    i.vMBMasterSetCBRunInMasterMode  mb_m.o
    0x080151e0   0x080151e0   0x0000000c   Code   RO         8782    i.vMBMasterSetCurTimerMode  mbrtu_m.o
    0x080151ec   0x080151ec   0x0000000c   Code   RO         8883    i.vMBMasterSetDestAddress  mb_m.o
    0x080151f8   0x080151f8   0x0000000c   Code   RO         8884    i.vMBMasterSetErrorType  mb_m.o
    0x08015204   0x08015204   0x0000000c   Code   RO         8783    i.vMBMasterSetPDUSndLength  mbrtu_m.o
    0x08015210   0x08015210   0x00000068   Code   RO         8455    i.vMBPortSerialEnable  portserial.o
    0x08015278   0x08015278   0x00000010   Code   RO         8520    i.vMBPortTimersDisable  porttimer.o
    0x08015288   0x08015288   0x00000010   Code   RO         8521    i.vMBPortTimersEnable  porttimer.o
    0x08015298   0x08015298   0x0000000a   Code   RO         7025    i.version           cmd.o
    0x080152a2   0x080152a2   0x00000002   PAD
    0x080152a4   0x080152a4   0x0000005c   Code   RO         8969    i.xMBMasterPortEventGet  portevent_m.o
    0x08015300   0x08015300   0x00000024   Code   RO         8970    i.xMBMasterPortEventInit  portevent_m.o
    0x08015324   0x08015324   0x00000014   Code   RO         8971    i.xMBMasterPortEventPost  portevent_m.o
    0x08015338   0x08015338   0x00000020   Code   RO         9050    i.xMBMasterPortSerialGetByte  portserial_m.o
    0x08015358   0x08015358   0x00000174   Code   RO         9051    i.xMBMasterPortSerialInit  portserial_m.o
    0x080154cc   0x080154cc   0x0000001c   Code   RO         9052    i.xMBMasterPortSerialPutByte  portserial_m.o
    0x080154e8   0x080154e8   0x0000004c   Code   RO         9118    i.xMBMasterPortTimersInit  porttimer_m.o
    0x08015534   0x08015534   0x000000e4   Code   RO         8784    i.xMBMasterRTUReceiveFSM  mbrtu_m.o
    0x08015618   0x08015618   0x00000110   Code   RO         8785    i.xMBMasterRTUTimerExpired  mbrtu_m.o
    0x08015728   0x08015728   0x000000dc   Code   RO         8786    i.xMBMasterRTUTransmitFSM  mbrtu_m.o
    0x08015804   0x08015804   0x0000000c   Code   RO         8787    i.xMBMasterRequestIsBroadcast  mbrtu_m.o
    0x08015810   0x08015810   0x0000001c   Code   RO         8972    i.xMBMasterRunResTake  portevent_m.o
    0x0801582c   0x0801582c   0x0000004c   Code   RO         8416    i.xMBPortEventGet   portevent.o
    0x08015878   0x08015878   0x00000020   Code   RO         8417    i.xMBPortEventInit  portevent.o
    0x08015898   0x08015898   0x00000014   Code   RO         8418    i.xMBPortEventPost  portevent.o
    0x080158ac   0x080158ac   0x00000020   Code   RO         8456    i.xMBPortSerialGetByte  portserial.o
    0x080158cc   0x080158cc   0x0000016c   Code   RO         8457    i.xMBPortSerialInit  portserial.o
    0x08015a38   0x08015a38   0x0000001c   Code   RO         8458    i.xMBPortSerialPutByte  portserial.o
    0x08015a54   0x08015a54   0x0000003c   Code   RO         8522    i.xMBPortTimersInit  porttimer.o
    0x08015a90   0x08015a90   0x000000d0   Code   RO         8264    i.xMBRTUReceiveFSM  mbrtu.o
    0x08015b60   0x08015b60   0x00000098   Code   RO         8265    i.xMBRTUTimerT35Expired  mbrtu.o
    0x08015bf8   0x08015bf8   0x000000b8   Code   RO         8266    i.xMBRTUTransmitFSM  mbrtu.o
    0x08015cb0   0x08015cb0   0x0000002a   Code   RO         8203    i.xMBUtilGetBits    mbutils.o
    0x08015cda   0x08015cda   0x00000002   PAD
    0x08015cdc   0x08015cdc   0x000000a4   Code   RO         8204    i.xMBUtilSetBits    mbutils.o
    0x08015d80   0x08015d80   0x000005bc   Data   RO          396    .constdata          menu_proc.o
    0x0801633c   0x0801633c   0x0000003c   Data   RO          770    .constdata          factory_setting.o
    0x08016378   0x08016378   0x00000008   Data   RO          855    .constdata          12864_ui.o
    0x08016380   0x08016380   0x00000400   Data   RO          883    .constdata          formula.o
    0x08016780   0x08016780   0x0000005c   Data   RO         1027    .constdata          usart.o
    0x080167dc   0x080167dc   0x00000728   Data   RO         1145    .constdata          gpio.o
    0x08016f04   0x08016f04   0x00000800   Data   RO         1393    .constdata          asc16.o
    0x08017704   0x08017704   0x00003fc4   Data   RO         1402    .constdata          hz_fonts.o
    0x0801b6c8   0x0801b6c8   0x0000001d   Data   RO         1534    .constdata          fm24clxx.o
    0x0801b6e5   0x0801b6e5   0x00000013   Data   RO         1579    .constdata          i2c_core.o
    0x0801b6f8   0x0801b6f8   0x0000005e   Data   RO         1623    .constdata          i2c_dev.o
    0x0801b756   0x0801b756   0x00000002   PAD
    0x0801b758   0x0801b758   0x0000000c   Data   RO         1662    .constdata          i2c-bit-ops.o
    0x0801b764   0x0801b764   0x00000020   Data   RO         1742    .constdata          i2c_soft.o
    0x0801b784   0x0801b784   0x00000008   Data   RO         1798    .constdata          fm24cl16.o
    0x0801b78c   0x0801b78c   0x000000a8   Data   RO         5071    .constdata          device.o
    0x0801b834   0x0801b834   0x00000016   Data   RO         5146    .constdata          idle.o
    0x0801b84a   0x0801b84a   0x000001d7   Data   RO         5232    .constdata          ipc.o
    0x0801ba21   0x0801ba21   0x00000022   Data   RO         5532    .constdata          kservice.o
    0x0801ba43   0x0801ba43   0x00000046   Data   RO         5708    .constdata          mem.o
    0x0801ba89   0x0801ba89   0x0000005e   Data   RO         5847    .constdata          object.o
    0x0801bae7   0x0801bae7   0x0000004e   Data   RO         5945    .constdata          scheduler.o
    0x0801bb35   0x0801bb35   0x000000aa   Data   RO         6033    .constdata          thread.o
    0x0801bbdf   0x0801bbdf   0x0000005c   Data   RO         6169    .constdata          timer.o
    0x0801bc3b   0x0801bc3b   0x00000124   Data   RO         6368    .constdata          serial.o
    0x0801bd5f   0x0801bd5f   0x00000039   Data   RO         6449    .constdata          completion.o
    0x0801bd98   0x0801bd98   0x0000004b   Data   RO         6486    .constdata          dataqueue.o
    0x0801bde3   0x0801bde3   0x0000007b   Data   RO         6821    .constdata          pin.o
    0x0801be5e   0x0801be5e   0x0000005b   Data   RO         6891    .constdata          shell.o
    0x0801beb9   0x0801beb9   0x00000003   PAD
    0x0801bebc   0x0801bebc   0x00000050   Data   RO         7026    .constdata          cmd.o
    0x0801bf0c   0x0801bf0c   0x000000c4   Data   RO         7448    .constdata          finsh_ops.o
    0x0801bfd0   0x0801bfd0   0x00000040   Data   RO         7913    .constdata          finsh_token.o
    0x0801c010   0x0801c010   0x00000200   Data   RO         8235    .constdata          mbcrc.o
    0x0801c210   0x0801c210   0x00000081   Data   RO         9595    .constdata          mc_w.l(ctype_o.o)
    0x0801c291   0x0801c291   0x00000003   PAD
    0x0801c294   0x0801c294   0x00000004   Data   RO         9596    .constdata          mc_w.l(ctype_o.o)
    0x0801c298   0x0801c298   0x00000a3d   Data   RO          397    .conststring        menu_proc.o
    0x0801ccd5   0x0801ccd5   0x00000003   PAD
    0x0801ccd8   0x0801ccd8   0x000000ed   Data   RO         5709    .conststring        mem.o
    0x0801cdc5   0x0801cdc5   0x00000003   PAD
    0x0801cdc8   0x0801cdc8   0x0000015d   Data   RO         7027    .conststring        cmd.o
    0x0801cf25   0x0801cf25   0x00000003   PAD
    0x0801cf28   0x0801cf28   0x000000f3   Data   RO         7224    .conststring        finsh_error.o
    0x0801d01b   0x0801d01b   0x00000001   PAD
    0x0801d01c   0x0801d01c   0x0000003e   Data   RO         7914    .conststring        finsh_token.o
    0x0801d05a   0x0801d05a   0x000001b3   Data   RO         7029    .rodata.name        cmd.o
    0x0801d20d   0x0801d20d   0x00000003   PAD
    0x0801d210   0x0801d210   0x00000004   Data   RO         7988    .rti_fn.0           components.o
    0x0801d214   0x0801d214   0x00000004   Data   RO         7989    .rti_fn.0.end       components.o
    0x0801d218   0x0801d218   0x00000004   Data   RO         1147    .rti_fn.1           gpio.o
    0x0801d21c   0x0801d21c   0x00000004   Data   RO         1743    .rti_fn.1           i2c_soft.o
    0x0801d220   0x0801d220   0x00000004   Data   RO         7990    .rti_fn.1.end       components.o
    0x0801d224   0x0801d224   0x00000004   Data   RO         1580    .rti_fn.3           i2c_core.o
    0x0801d228   0x0801d228   0x00000004   Data   RO         6893    .rti_fn.6           shell.o
    0x0801d22c   0x0801d22c   0x00000004   Data   RO         7991    .rti_fn.6.end       components.o
    0x0801d230   0x0801d230   0x00000090   Data   RO         7030    FSymTab             cmd.o
    0x0801d2c0   0x0801d2c0   0x00000020   Data   RO         9630    Region$$Table       anon$$obj.o
    0x0801d2e0   0x0801d2e0   0x00000010   Data   RO         7031    VSymTab             cmd.o


    Execution Region RW_IRAM1 (Exec base: 0x20000000, Load base: 0x0801d2f0, Size: 0x000052f8, Max: 0x0000c000, ABSOLUTE, COMPRESSED[0x00000140])

    Exec Addr    Load Addr    Size         Type   Attr      Idx    E Section Name        Object

    0x20000000   COMPRESSED   0x00000004   Data   RW          189    .data               global.o
    0x20000004   COMPRESSED   0x0000001e   Data   RW          244    .data               menu_frame.o
    0x20000022   COMPRESSED   0x00000002   PAD
    0x20000024   COMPRESSED   0x00000022   Data   RW          398    .data               menu_proc.o
    0x20000046   COMPRESSED   0x00000004   Data   RW          799    .data               main_app.o
    0x2000004a   COMPRESSED   0x00000002   PAD
    0x2000004c   COMPRESSED   0x00000054   Data   RW         1028    .data               usart.o
    0x200000a0   COMPRESSED   0x000000c0   Data   RW         1146    .data               gpio.o
    0x20000160   COMPRESSED   0x00000008   Data   RW         1442    .data               bsp_button.o
    0x20000168   COMPRESSED   0x00000014   Data   RW         1827    .data               system_stm32f10x.o
    0x2000017c   COMPRESSED   0x00000014   Data   RW         1947    .data               stm32f10x_rcc.o
    0x20000190   COMPRESSED   0x00000004   Data   RW         5026    .data               clock.o
    0x20000194   COMPRESSED   0x00000004   Data   RW         5147    .data               idle.o
    0x20000198   COMPRESSED   0x00000009   Data   RW         5466    .data               irq.o
    0x200001a1   COMPRESSED   0x00000003   PAD
    0x200001a4   COMPRESSED   0x0000000c   Data   RW         5533    .data               kservice.o
    0x200001b0   COMPRESSED   0x00000020   Data   RW         5710    .data               mem.o
    0x200001d0   COMPRESSED   0x000000a4   Data   RW         5848    .data               object.o
    0x20000274   COMPRESSED   0x0000001c   Data   RW         5946    .data               scheduler.o
    0x20000290   COMPRESSED   0x0000000c   Data   RW         6034    .data               thread.o
    0x2000029c   COMPRESSED   0x00000018   Data   RW         6170    .data               timer.o
    0x200002b4   COMPRESSED   0x00000010   Data   RW         6281    .data               cpuport.o
    0x200002c4   COMPRESSED   0x00000004   Data   RW         6892    .data               shell.o
    0x200002c8   COMPRESSED   0x00000010   Data   RW         6984    .data               symbol.o
    0x200002d8   COMPRESSED   0x00000004   Data   RW         7028    .data               cmd.o
    0x200002dc   COMPRESSED   0x00000008   Data   RW         7176    .data               finsh_compiler.o
    0x200002e4   COMPRESSED   0x00000040   Data   RW         7225    .data               finsh_error.o
    0x20000324   COMPRESSED   0x00000008   Data   RW         7263    .data               finsh_heap.o
    0x2000032c   COMPRESSED   0x00000004   Data   RW         7818    .data               finsh_var.o
    0x20000330   COMPRESSED   0x0000000c   Data   RW         7868    .data               finsh_vm.o
    0x2000033c   COMPRESSED   0x00000002   Data   RW         8176    .data               mbfuncother.o
    0x2000033e   COMPRESSED   0x00000002   PAD
    0x20000340   COMPRESSED   0x0000000c   Data   RW         8268    .data               mbrtu.o
    0x2000034c   COMPRESSED   0x000000b5   Data   RW         8334    .data               mb.o
    0x20000401   COMPRESSED   0x00000003   PAD
    0x20000404   COMPRESSED   0x00000004   Data   RW         8390    .data               port.o
    0x20000408   COMPRESSED   0x00000004   Data   RW         8460    .data               portserial.o
    0x2000040c   COMPRESSED   0x0000000c   Data   RW         8567    .data               user_mb_app.o
    0x20000418   COMPRESSED   0x0000000e   Data   RW         8789    .data               mbrtu_m.o
    0x20000426   COMPRESSED   0x00000002   PAD
    0x20000428   COMPRESSED   0x000000b5   Data   RW         8886    .data               mb_m.o
    0x200004dd   COMPRESSED   0x00000003   PAD
    0x200004e0   COMPRESSED   0x00000004   Data   RW         9054    .data               portserial_m.o
    0x200004e4   COMPRESSED   0x00000002   Data   RW         9120    .data               porttimer_m.o
    0x200004e6   COMPRESSED   0x00000008   Data   RW         9174    .data               user_mb_app_m.o
    0x200004ee   COMPRESSED   0x00000002   PAD
    0x200004f0   COMPRESSED   0x00000004   Data   RW         9558    .data               mc_w.l(errno.o)
    0x200004f4        -       0x000001a4   Zero   RW          188    .bss                global.o
    0x20000698        -       0x000000f0   Zero   RW          243    .bss                menu_frame.o
    0x20000788        -       0x0000059c   Zero   RW          395    .bss                menu_proc.o
    0x20000d24        -       0x00000900   Zero   RW          798    .bss                main_app.o
    0x20001624        -       0x00000100   Zero   RW          854    .bss                12864_ui.o
    0x20001724        -       0x000000fc   Zero   RW         1026    .bss                usart.o
    0x20001820        -       0x00000400   Zero   RW         1270    .bss                lcd12864.o
    0x20001c20        -       0x00000070   Zero   RW         1441    .bss                bsp_button.o
    0x20001c90        -       0x00000044   Zero   RW         1533    .bss                fm24clxx.o
    0x20001cd4        -       0x00000078   Zero   RW         1741    .bss                i2c_soft.o
    0x20001d4c        -       0x00000180   Zero   RW         5145    .bss                idle.o
    0x20001ecc        -       0x00000080   Zero   RW         5531    .bss                kservice.o
    0x20001f4c        -       0x00000020   Zero   RW         5707    .bss                mem.o
    0x20001f6c        -       0x00000100   Zero   RW         5944    .bss                scheduler.o
    0x2000206c        -       0x00000480   Zero   RW         6168    .bss                timer.o
    0x200024ec        -       0x00000044   Zero   RW         6820    .bss                pin.o
    0x20002530        -       0x00000880   Zero   RW         6890    .bss                shell.o
    0x20002db0        -       0x00000080   Zero   RW         7262    .bss                finsh_heap.o
    0x20002e30        -       0x00000140   Zero   RW         7351    .bss                finsh_node.o
    0x20002f70        -       0x000000c0   Zero   RW         7817    .bss                finsh_var.o
    0x20003030        -       0x00000180   Zero   RW         7867    .bss                finsh_vm.o
    0x200031b0        -       0x00000020   Zero   RW         8175    .bss                mbfuncother.o
    0x200031d0        -       0x00000100   Zero   RW         8267    .bss                mbrtu.o
    0x200032d0        -       0x00000020   Zero   RW         8419    .bss                portevent.o
    0x200032f0        -       0x000004a0   Zero   RW         8459    .bss                portserial.o
    0x20003790        -       0x0000002c   Zero   RW         8523    .bss                porttimer.o
    0x200037bc        -       0x00000190   Zero   RW         8566    .bss                user_mb_app.o
    0x2000394c        -       0x000001fd   Zero   RW         8788    .bss                mbrtu_m.o
    0x20003b49   COMPRESSED   0x00000003   PAD
    0x20003b4c        -       0x00000040   Zero   RW         8973    .bss                portevent_m.o
    0x20003b8c        -       0x000002a0   Zero   RW         9053    .bss                portserial_m.o
    0x20003e2c        -       0x0000002c   Zero   RW         9119    .bss                porttimer_m.o
    0x20003e58        -       0x00000ca0   Zero   RW         9173    .bss                user_mb_app_m.o
    0x20004af8        -       0x00000800   Zero   RW         5014    STACK               startup_stm32f10x_hd.o


==============================================================================

Image component sizes


      Code (inc. data)   RO Data    RW Data    ZI Data      Debug   Object Name

      1130         56          8          0        256       3178   12864_ui.o
        68         12          0          0          0     255349   application.o
         0          0       2048          0          0        398   asc16.o
       150         20          0          0          0      23545   board.o
      1424        148          0          8        112      10300   bsp_button.o
        60         12          0          4          0       1061   clock.o
      3546       1412       1024          4          0      20835   cmd.o
       508        176         57          0          0       4155   completion.o
        72         16         16          0          0       3258   components.o
       240         26          0          0          0        748   context_rvds.o
       604        328          0         16          0       3410   cpuport.o
      1056        216         75          0          0       7911   dataqueue.o
       692        182        168          0          0       7486   device.o
       144         18         60          0          0       1674   factory_setting.o
      6170        156          0          8          0      11474   finsh_compiler.o
        56         22        243         64          0       2575   finsh_error.o
       552         42          0          8        128       5655   finsh_heap.o
        64          6          0          0          0       1992   finsh_init.o
       392          8          0          0        320       5690   finsh_node.o
      3034        294        196          0          0      24262   finsh_ops.o
      2428         32          0          0          0      15919   finsh_parser.o
      1644         16        126          0          0       9962   finsh_token.o
       296         32          0          4        192       7702   finsh_var.o
       176         36          0         12        384       6417   finsh_vm.o
        24          6          8          0          0       1557   fm24cl16.o
       536        126         29          0         68       5760   fm24clxx.o
         0          0       1024          0          0        400   formula.o
       164         24          0          4        420       5069   global.o
      1342         46       1836        192          0      11257   gpio.o
       100          6      16324          0          0       1988   hz_fonts.o
      1118          4         12          0          0      11065   i2c-bit-ops.o
       332         38         23          0          0       4854   i2c_core.o
       460        136         94          0          0       3476   i2c_dev.o
       246         44         36          0        120       3943   i2c_soft.o
       308         80         22          4        384       3746   idle.o
      2468        598        471          0          0      29328   ipc.o
       124         26          0          9          0       1938   irq.o
      2116        236         34         12        128      12500   kservice.o
      1294        112          0          0       1024       9679   lcd12864.o
       618        126          0          4       2304       4722   main_app.o
       564        122          0        181          0       4947   mb.o
       776        140          0        181          0       7786   mb_m.o
         0          0          0          0          0        612   mbascii.o
        56          8        512          0          0       1296   mbcrc.o
       430          0          0          0          0       3918   mbfunccoils.o
       414          0          0          0          0       4340   mbfunccoils_m.o
       172          0          0          0          0       1696   mbfuncdisc.o
       150          0          0          0          0       1794   mbfuncdisc_m.o
       530          0          0          0          0       5179   mbfuncholding.o
       832          0          0          0          0       8591   mbfuncholding_m.o
       140          0          0          0          0       1647   mbfuncinput.o
       114          0          0          0          0       1761   mbfuncinput_m.o
        40         10          0          2         32       1479   mbfuncother.o
       984        288          0         12        256       6475   mbrtu.o
      1232        354          0         14        509       9565   mbrtu_m.o
       240         62          0          0          0       2774   mbutils.o
      1708        576        307         32         32       5749   mem.o
      1768        280          0         30        240       9611   menu_frame.o
     12042       1866       4089         34       1436      81272   menu_proc.o
       340        124          0          0          0       1730   misc.o
       600        186         94        164          0       6693   object.o
       456        148        123          0         68       7178   pin.o
        32          8          0          4          0       1161   port.o
       128         24          0          0         32       2272   portevent.o
       380         82          0          0         64       7216   portevent_m.o
       606         94          0          4       1184       5698   portserial.o
       614        102          0          4        672       5790   portserial_m.o
       118         38          0          0         44       2741   porttimer.o
       242         62          0          2         44       4012   porttimer_m.o
       830        254         78         28        256       6922   scheduler.o
      3356        746        292          0          0      14683   serial.o
      2436        356         95          4       2176      14162   shell.o
       174         90          0          0          0       1823   startup.o
        36          8        304          0       2048        880   startup_stm32f10x_hd.o
      1716        416          0          0          0       5846   stm32f10x_dma.o
       608        192          0          0          0       2436   stm32f10x_exti.o
      1668        502          0          0          0       5254   stm32f10x_gpio.o
        22          0          0          0          0       3300   stm32f10x_it.o
       632        226          0         20          0       5282   stm32f10x_rcc.o
      2164        652          0          0          0       7797   stm32f10x_usart.o
         0          0          0         16          0       4253   symbol.o
       328         28          0         20          0       2453   system_stm32f10x.o
      1520        382        170         12          0      12496   thread.o
      1444        236         92         24       1152      11557   timer.o
      1628        244         92         84        252      32987   usart.o
       804         36          0         12        400       4811   user_mb_app.o
       920         36          0          8       3232       5195   user_mb_app_m.o

    ----------------------------------------------------------------------
     81804      13852      30232       1264      19972     893358   Object Totals
         0          0         32          0          0          0   (incl. Generated)
        54          0         18         19          3          0   (incl. Padding)

    ----------------------------------------------------------------------

      Code (inc. data)   RO Data    RW Data    ZI Data      Debug   Library Member Name

        56          8          0          0          0         84   __0sscanf.o
        86          0          0          0          0          0   __dczerorl2.o
        28          0          0          0          0         68   _chval.o
       812          4          0          0          0        112   _scanf.o
       332          0          0          0          0         96   _scanf_int.o
        64          0          0          0          0         84   _sgetc.o
       158          0          0          0          0         92   _strtoul.o
        26          0          0          0          0         80   atoi.o
         8          4        133          0          0         68   ctype_o.o
         0          0          0          0          0          0   entry.o
         0          0          0          0          0          0   entry10a.o
         0          0          0          0          0          0   entry11a.o
         8          4          0          0          0          0   entry2.o
         4          0          0          0          0          0   entry5.o
         0          0          0          0          0          0   entry7b.o
         0          0          0          0          0          0   entry8b.o
         8          4          0          0          0          0   entry9a.o
         8          4          0          4          0         68   errno.o
        30          0          0          0          0          0   handlers.o
        36          8          0          0          0         68   init.o
        18          0          0          0          0         76   isspace_o.o
         0          0          0          0          0          0   iusefp.o
        30          0          0          0          0         68   llshl.o
        36          0          0          0          0         68   llsshr.o
        32          0          0          0          0         68   llushr.o
        26          0          0          0          0         80   memcmp.o
        36          0          0          0          0         68   memcpya.o
        36          0          0          0          0        108   memseta.o
      2296         84          0          0          0        520   printfa.o
        40          8          0          0          0         84   scanf_char.o
       878         12          0          0          0        216   scanf_fp.o
        20          0          0          0          0         68   strchr.o
        28          0          0          0          0         76   strcmp.o
        18          0          0          0          0         68   strcpy.o
        14          0          0          0          0         68   strlen.o
        40          0          0          0          0         76   strncat.o
        30          0          0          0          0         80   strncmp.o
        24          0          0          0          0         76   strncpy.o
       112          0          0          0          0         88   strtol.o
        44          0          0          0          0         80   uidiv.o
        98          0          0          0          0         92   uldiv.o
        48          0          0          0          0         68   cdcmple.o
        48          0          0          0          0         68   cdrcmple.o
        20          0          0          0          0         68   cfcmple.o
        20          0          0          0          0         68   cfrcmple.o
        56          0          0          0          0         88   d2f.o
       334          0          0          0          0        148   dadd.o
       222          0          0          0          0        100   ddiv.o
       186          0          0          0          0        176   depilogue.o
        62          0          0          0          0         80   dfixi.o
        50          0          0          0          0         76   dfixui.o
        48          0          0          0          0         68   dfixul.o
        34          0          0          0          0         76   dflti.o
        26          0          0          0          0         76   dfltui.o
        24          0          0          0          0         76   dfltul.o
       228          0          0          0          0         96   dmul.o
        38          0          0          0          0         68   f2d.o
       176          0          0          0          0        140   fadd.o
       110          0          0          0          0        168   fepilogue.o
       100          0          0          0          0         76   fmul.o

    ----------------------------------------------------------------------
      7364        140        136          4          0       4732   Library Totals
        14          0          3          0          0          0   (incl. Padding)

    ----------------------------------------------------------------------

      Code (inc. data)   RO Data    RW Data    ZI Data      Debug   Library Name

      5520        140        133          4          0       2948   mc_w.l
      1830          0          0          0          0       1784   mf_w.l

    ----------------------------------------------------------------------
      7364        140        136          4          0       4732   Library Totals

    ----------------------------------------------------------------------

==============================================================================


      Code (inc. data)   RO Data    RW Data    ZI Data      Debug   

     89168      13992      30368       1268      19972     863014   Grand Totals
     89168      13992      30368        320      19972     863014   ELF Image Totals (compressed)
     89168      13992      30368        320          0          0   ROM Totals

==============================================================================

    Total RO  Size (Code + RO Data)               119536 ( 116.73kB)
    Total RW  Size (RW Data + ZI Data)             21240 (  20.74kB)
    Total ROM Size (Code + RO Data + RW Data)     119856 ( 117.05kB)

==============================================================================

